Archive member included to satisfy reference by file (symbol)

D:/MSDK/Libraries/PeriphDrivers/bin/MAX78000/spi-v1_softfp/libPeriphDriver_spi-v1_softfp.a(mxc_delay.o)
                              d:/ai85-funnyimagenet/build/main.o (MXC_Delay)
D:/MSDK/Libraries/PeriphDrivers/bin/MAX78000/spi-v1_softfp/libPeriphDriver_spi-v1_softfp.a(nvic_table.o)
                              d:/ai85-funnyimagenet/build/cnn.o (MXC_NVIC_SetVector)
D:/MSDK/Libraries/PeriphDrivers/bin/MAX78000/spi-v1_softfp/libPeriphDriver_spi-v1_softfp.a(pins_ai85.o)
                              d:/ai85-funnyimagenet/build/camera.o (gpio_cfg_pcif_xclk)
D:/MSDK/Libraries/PeriphDrivers/bin/MAX78000/spi-v1_softfp/libPeriphDriver_spi-v1_softfp.a(sys_ai85.o)
                              d:/ai85-funnyimagenet/build/cnn.o (MXC_SYS_ClockDisable)
D:/MSDK/Libraries/PeriphDrivers/bin/MAX78000/spi-v1_softfp/libPeriphDriver_spi-v1_softfp.a(aes_me17.o)
                              D:/MSDK/Libraries/PeriphDrivers/bin/MAX78000/spi-v1_softfp/libPeriphDriver_spi-v1_softfp.a(sys_ai85.o) (MXC_AES_Init)
D:/MSDK/Libraries/PeriphDrivers/bin/MAX78000/spi-v1_softfp/libPeriphDriver_spi-v1_softfp.a(aes_revb.o)
                              D:/MSDK/Libraries/PeriphDrivers/bin/MAX78000/spi-v1_softfp/libPeriphDriver_spi-v1_softfp.a(aes_me17.o) (MXC_AES_RevB_Init)
D:/MSDK/Libraries/PeriphDrivers/bin/MAX78000/spi-v1_softfp/libPeriphDriver_spi-v1_softfp.a(cameraif_ai85.o)
                              d:/ai85-funnyimagenet/build/camera.o (MXC_PCIF_Init)
D:/MSDK/Libraries/PeriphDrivers/bin/MAX78000/spi-v1_softfp/libPeriphDriver_spi-v1_softfp.a(cameraif_reva.o)
                              D:/MSDK/Libraries/PeriphDrivers/bin/MAX78000/spi-v1_softfp/libPeriphDriver_spi-v1_softfp.a(cameraif_ai85.o) (MXC_PCIF_RevA_SetDatawidth)
D:/MSDK/Libraries/PeriphDrivers/bin/MAX78000/spi-v1_softfp/libPeriphDriver_spi-v1_softfp.a(dma_me17.o)
                              d:/ai85-funnyimagenet/build/main.o (MXC_DMA_Init)
D:/MSDK/Libraries/PeriphDrivers/bin/MAX78000/spi-v1_softfp/libPeriphDriver_spi-v1_softfp.a(dma_reva.o)
                              D:/MSDK/Libraries/PeriphDrivers/bin/MAX78000/spi-v1_softfp/libPeriphDriver_spi-v1_softfp.a(dma_me17.o) (MXC_DMA_RevA_Init)
D:/MSDK/Libraries/PeriphDrivers/bin/MAX78000/spi-v1_softfp/libPeriphDriver_spi-v1_softfp.a(flc_me17.o)
                              D:/MSDK/Libraries/PeriphDrivers/bin/MAX78000/spi-v1_softfp/libPeriphDriver_spi-v1_softfp.a(sys_ai85.o) (MXC_FLC_UnlockInfoBlock)
D:/MSDK/Libraries/PeriphDrivers/bin/MAX78000/spi-v1_softfp/libPeriphDriver_spi-v1_softfp.a(flc_reva.o)
                              D:/MSDK/Libraries/PeriphDrivers/bin/MAX78000/spi-v1_softfp/libPeriphDriver_spi-v1_softfp.a(flc_me17.o) (MXC_FLC_RevA_Busy)
D:/MSDK/Libraries/PeriphDrivers/bin/MAX78000/spi-v1_softfp/libPeriphDriver_spi-v1_softfp.a(gpio_ai85.o)
                              d:/ai85-funnyimagenet/build/cnn.o (MXC_GPIO_Config)
D:/MSDK/Libraries/PeriphDrivers/bin/MAX78000/spi-v1_softfp/libPeriphDriver_spi-v1_softfp.a(gpio_reva.o)
                              D:/MSDK/Libraries/PeriphDrivers/bin/MAX78000/spi-v1_softfp/libPeriphDriver_spi-v1_softfp.a(gpio_ai85.o) (MXC_GPIO_RevA_InGet)
D:/MSDK/Libraries/PeriphDrivers/bin/MAX78000/spi-v1_softfp/libPeriphDriver_spi-v1_softfp.a(i2c_me17.o)
                              d:/ai85-funnyimagenet/build/max20303.o (MXC_I2C_Init)
D:/MSDK/Libraries/PeriphDrivers/bin/MAX78000/spi-v1_softfp/libPeriphDriver_spi-v1_softfp.a(i2c_reva.o)
                              D:/MSDK/Libraries/PeriphDrivers/bin/MAX78000/spi-v1_softfp/libPeriphDriver_spi-v1_softfp.a(i2c_me17.o) (MXC_I2C_RevA_DMACallback)
D:/MSDK/Libraries/PeriphDrivers/bin/MAX78000/spi-v1_softfp/libPeriphDriver_spi-v1_softfp.a(icc_me17.o)
                              d:/ai85-funnyimagenet/build/main.o (MXC_ICC_Enable)
D:/MSDK/Libraries/PeriphDrivers/bin/MAX78000/spi-v1_softfp/libPeriphDriver_spi-v1_softfp.a(icc_reva.o)
                              D:/MSDK/Libraries/PeriphDrivers/bin/MAX78000/spi-v1_softfp/libPeriphDriver_spi-v1_softfp.a(icc_me17.o) (MXC_ICC_RevA_ID)
D:/MSDK/Libraries/PeriphDrivers/bin/MAX78000/spi-v1_softfp/libPeriphDriver_spi-v1_softfp.a(lp_ai85.o)
                              d:/ai85-funnyimagenet/build/main.o (MXC_LP_EnterSleepMode)
D:/MSDK/Libraries/PeriphDrivers/bin/MAX78000/spi-v1_softfp/libPeriphDriver_spi-v1_softfp.a(pt_ai85.o)
                              d:/ai85-funnyimagenet/build/camera.o (MXC_PT_Init)
D:/MSDK/Libraries/PeriphDrivers/bin/MAX78000/spi-v1_softfp/libPeriphDriver_spi-v1_softfp.a(pt_reva.o)
                              D:/MSDK/Libraries/PeriphDrivers/bin/MAX78000/spi-v1_softfp/libPeriphDriver_spi-v1_softfp.a(pt_ai85.o) (MXC_PT_RevA_Init)
D:/MSDK/Libraries/PeriphDrivers/bin/MAX78000/spi-v1_softfp/libPeriphDriver_spi-v1_softfp.a(spi_me17.o)
                              d:/ai85-funnyimagenet/build/tft_ili9341.o (MXC_SPI_Init)
[...]
Memory Configuration

Name             Origin             Length             Attributes
ROM              0x00000000         0x00010000         xr
FLASH            0x10000000         0x00080000         xr
SRAM             0x20000000         0x00020000         xrw
*default*        0x00000000         0xffffffff

Linker script and memory map

LOAD d:/msdk/tools/gnutools/10.3/bin/../lib/gcc/arm-none-eabi/10.3.1/thumb/v7e-m+fp/softfp/crti.o
LOAD d:/msdk/tools/gnutools/10.3/bin/../lib/gcc/arm-none-eabi/10.3.1/thumb/v7e-m+fp/softfp/crtbegin.o
LOAD d:/msdk/tools/gnutools/10.3/bin/../lib/gcc/arm-none-eabi/10.3.1/../../../../arm-none-eabi/lib/thumb/v7e-m+fp/softfp/crt0.o
LOAD d:/ai85-funnyimagenet/build/cnn.o
LOAD d:/ai85-funnyimagenet/build/main.o
LOAD d:/ai85-funnyimagenet/build/softmax.o
LOAD d:/ai85-funnyimagenet/build/board.o
LOAD d:/ai85-funnyimagenet/build/stdio.o
LOAD d:/ai85-funnyimagenet/build/led.o
LOAD d:/ai85-funnyimagenet/build/pb.o
LOAD d:/ai85-funnyimagenet/build/tft_ili9341.o
LOAD d:/ai85-funnyimagenet/build/camera.o
LOAD d:/ai85-funnyimagenet/build/ov7692.o
LOAD d:/ai85-funnyimagenet/build/sccb.o
LOAD d:/ai85-funnyimagenet/build/max20303.o
LOAD d:/ai85-funnyimagenet/build/max9867.o
LOAD d:/ai85-funnyimagenet/build/N01S830HA.o
LOAD d:/ai85-funnyimagenet/build/fastspi.o
LOAD d:/ai85-funnyimagenet/build/startup_max78000.o
LOAD d:/ai85-funnyimagenet/build/heap.o
LOAD d:/ai85-funnyimagenet/build/system_max78000.o
START GROUP
LOAD D:/MSDK/Libraries/PeriphDrivers/bin/MAX78000/spi-v1_softfp/libPeriphDriver_spi-v1_softfp.a
LOAD d:/msdk/tools/gnutools/10.3/bin/../lib/gcc/arm-none-eabi/10.3.1/../../../../arm-none-eabi/lib/thumb/v7e-m+fp/softfp\libc.a
LOAD d:/msdk/tools/gnutools/10.3/bin/../lib/gcc/arm-none-eabi/10.3.1/../../../../arm-none-eabi/lib/thumb/v7e-m+fp/softfp\libm.a
LOAD d:/msdk/tools/gnutools/10.3/bin/../lib/gcc/arm-none-eabi/10.3.1/../../../../arm-none-eabi/lib/thumb/v7e-m+fp/softfp\libnosys.a
END GROUP
START GROUP
LOAD d:/msdk/tools/gnutools/10.3/bin/../lib/gcc/arm-none-eabi/10.3.1/thumb/v7e-m+fp/softfp\libgcc.a
LOAD d:/msdk/tools/gnutools/10.3/bin/../lib/gcc/arm-none-eabi/10.3.1/../../../../arm-none-eabi/lib/thumb/v7e-m+fp/softfp\libc.a
END GROUP
LOAD d:/msdk/tools/gnutools/10.3/bin/../lib/gcc/arm-none-eabi/10.3.1/thumb/v7e-m+fp/softfp/crtend.o
LOAD d:/msdk/tools/gnutools/10.3/bin/../lib/gcc/arm-none-eabi/10.3.1/thumb/v7e-m+fp/softfp/crtn.o

.rom
 *(.rom_vector)
 *(.rom_handlers*)

.text           0x10000000    0x5e1d4
                0x10000000                _text = .
 *(.isr_vector)
 .isr_vector    0x10000000      0x1e0 d:/ai85-funnyimagenet/build/startup_max78000.o
                0x10000000                __isr_vector
 EXCLUDE_FILE(*riscv.o) *(.text*)
 .text          0x100001e0       0x40 d:/msdk/tools/gnutools/10.3/bin/../lib/gcc/arm-none-eabi/10.3.1/thumb/v7e-m+fp/softfp/crtbegin.o
 .text.CNN_ISR  0x10000220       0x48 d:/ai85-funnyimagenet/build/cnn.o
                0x10000220                CNN_ISR
 .text.cnn_load_weights
                0x10000268       0x4c d:/ai85-funnyimagenet/build/cnn.o
                0x10000268                cnn_load_weights
 .text.cnn_load_bias
                0x100002b4       0x8c d:/ai85-funnyimagenet/build/cnn.o
                0x100002b4                cnn_load_bias
 .text.cnn_init
                0x10000340       0x54 d:/ai85-funnyimagenet/build/cnn.o
                0x10000340                cnn_init
 .text.cnn_configure
                0x10000394      0xbdc d:/ai85-funnyimagenet/build/cnn.o
                0x10000394                cnn_configure
 .text.cnn_start
                0x10000f70       0x44 d:/ai85-funnyimagenet/build/cnn.o
                0x10000f70                cnn_start
 .text.cnn_unload
                0x10000fb4       0x98 d:/ai85-funnyimagenet/build/cnn.o
                0x10000fb4                cnn_unload
 .text.cnn_enable
                0x1000104c       0x3c d:/ai85-funnyimagenet/build/cnn.o
                0x1000104c                cnn_enable
 .text.cnn_disable
                0x10001088       0x28 d:/ai85-funnyimagenet/build/cnn.o
                0x10001088                cnn_disable
 .text.load_input
                0x100010b0       0x20 d:/ai85-funnyimagenet/build/main.o
                0x100010b0                load_input
 .text.softmax_layer
                0x100010d0       0x20 d:/ai85-funnyimagenet/build/main.o
                0x100010d0                softmax_layer
 .text.print_image
                0x100010f0       0x5c d:/ai85-funnyimagenet/build/main.o
                0x100010f0                print_image
 .text.capture_image
                0x1000114c       0x90 d:/ai85-funnyimagenet/build/main.o
                0x1000114c                capture_image
 .text.startup.main
                0x100011dc      0x190 d:/ai85-funnyimagenet/build/main.o
                0x100011dc                main
 .text.softmax_q17p14_q15
                0x1000136c       0xa8 d:/ai85-funnyimagenet/build/softmax.o
                0x1000136c                softmax_q17p14_q15
 .text.mxc_assert
                0x10001414       0x10 d:/ai85-funnyimagenet/build/board.o
                0x10001414                mxc_assert
 .text.GPIO0_IRQHandler
                0x10001424        0x8 d:/ai85-funnyimagenet/build/board.o
                0x10001424                GPIO0_IRQHandler
 .text.GPIO1_IRQHandler
                0x1000142c        0x8 d:/ai85-funnyimagenet/build/board.o
                0x1000142c                GPIO1_IRQHandler
 .text.Board_Init
                0x10001434       0x6c d:/ai85-funnyimagenet/build/board.o
                0x10001434                Board_Init
 .text.NMI_Handler
                0x100014a0        0x4 d:/ai85-funnyimagenet/build/board.o
                0x100014a0                NMI_Handler
 .text.Camera_Power
                0x100014a4       0x1c d:/ai85-funnyimagenet/build/board.o
                0x100014a4                Camera_Power
 .text._close   0x100014c0        0x8 d:/ai85-funnyimagenet/build/stdio.o
                0x100014c0                _close
 .text._isatty  0x100014c8        0x8 d:/ai85-funnyimagenet/build/stdio.o
                0x100014c8                _isatty
 .text._lseek   0x100014d0        0x8 d:/ai85-funnyimagenet/build/stdio.o
                0x100014d0                _lseek
 .text._fstat   0x100014d8        0x8 d:/ai85-funnyimagenet/build/stdio.o
                0x100014d8                _fstat
 .text._read    0x100014e0       0x50 d:/ai85-funnyimagenet/build/stdio.o
                0x100014e0                _read
 .text._write   0x10001530       0x54 d:/ai85-funnyimagenet/build/stdio.o
                0x10001530                _write
 .text.LED_Init
                0x10001584       0x40 d:/ai85-funnyimagenet/build/led.o
                0x10001584                LED_Init
 .text.LED_On   0x100015c4       0x40 d:/ai85-funnyimagenet/build/led.o
                0x100015c4                LED_On
 .text.LED_Off  0x10001604       0x40 d:/ai85-funnyimagenet/build/led.o
                0x10001604                LED_Off
 .text.PB_Init  0x10001644       0x68 d:/ai85-funnyimagenet/build/pb.o
                0x10001644                PB_Init
 .text.camera_irq_handler
                0x100016ac      0x13c d:/ai85-funnyimagenet/build/camera.o
                0x100016ac                camera_irq_handler
 .text.stream_callback
                0x100017e8       0xbc d:/ai85-funnyimagenet/build/camera.o
 .text.setup_dma
                0x100018a4       0x94 d:/ai85-funnyimagenet/build/camera.o
 .text.stream_irq_handler
                0x10001938        0x4 d:/ai85-funnyimagenet/build/camera.o
                0x10001938                stream_irq_handler
 .text.camera_init
                0x1000193c      0x12c d:/ai85-funnyimagenet/build/camera.o
                0x1000193c                camera_init
 .text.camera_setup
                0x10001a68      0x1d8 d:/ai85-funnyimagenet/build/camera.o
                0x10001a68                camera_setup
 .text.camera_get_slave_address
                0x10001c40        0xc d:/ai85-funnyimagenet/build/camera.o
                0x10001c40                camera_get_slave_address
 .text.camera_get_product_id
                0x10001c4c        0xc d:/ai85-funnyimagenet/build/camera.o
                0x10001c4c                camera_get_product_id
 .text.camera_start_capture_image
                0x10001c58       0x3c d:/ai85-funnyimagenet/build/camera.o
                0x10001c58                camera_start_capture_image
 .text.camera_is_image_rcv
                0x10001c94       0x10 d:/ai85-funnyimagenet/build/camera.o
                0x10001c94                camera_is_image_rcv
 .text.camera_get_image
                0x10001ca4       0x3c d:/ai85-funnyimagenet/build/camera.o
                0x10001ca4                camera_get_image
 .text.init     0x10001ce0       0x10 d:/ai85-funnyimagenet/build/ov7692.o
 .text.get_slave_address
                0x10001cf0        0xc d:/ai85-funnyimagenet/build/ov7692.o
 .text.get_pixformat
                0x10001cfc       0x10 d:/ai85-funnyimagenet/build/ov7692.o
 .text.set_saturation
                0x10001d0c        0x4 d:/ai85-funnyimagenet/build/ov7692.o
 .text.get_luminance
                0x10001d10       0x60 d:/ai85-funnyimagenet/build/ov7692.o
 .text.read_reg
                0x10001d70       0x20 d:/ai85-funnyimagenet/build/ov7692.o
 .text.get_manufacture_id
                0x10001d90       0x3c d:/ai85-funnyimagenet/build/ov7692.o
 .text.get_product_id
                0x10001dcc       0x3c d:/ai85-funnyimagenet/build/ov7692.o
 .text.set_negateimage
                0x10001e08       0x90 d:/ai85-funnyimagenet/build/ov7692.o
 .text.set_vflip
                0x10001e98       0x3c d:/ai85-funnyimagenet/build/ov7692.o
 .text.set_hmirror
                0x10001ed4       0x3c d:/ai85-funnyimagenet/build/ov7692.o
 .text.set_colorbar
                0x10001f10       0x3c d:/ai85-funnyimagenet/build/ov7692.o
 .text.set_gainceiling
                0x10001f4c       0xa0 d:/ai85-funnyimagenet/build/ov7692.o
 .text.set_brightness
                0x10001fec       0xa8 d:/ai85-funnyimagenet/build/ov7692.o
 .text.set_contrast
                0x10002094       0xa0 d:/ai85-funnyimagenet/build/ov7692.o
 .text.set_windowing
                0x10002134      0x120 d:/ai85-funnyimagenet/build/ov7692.o
 .text.set_framesize
                0x10002254       0xcc d:/ai85-funnyimagenet/build/ov7692.o
 .text.set_pixformat
                0x10002320       0x54 d:/ai85-funnyimagenet/build/ov7692.o
 .text.write_reg
                0x10002374       0x18 d:/ai85-funnyimagenet/build/ov7692.o
 .text.sleep    0x1000238c       0x3c d:/ai85-funnyimagenet/build/ov7692.o
 .text.reset    0x100023c8       0x64 d:/ai85-funnyimagenet/build/ov7692.o
 .text.dump_registers
                0x1000242c       0xa8 d:/ai85-funnyimagenet/build/ov7692.o
 .text.sensor_register
                0x100024d4       0xbc d:/ai85-funnyimagenet/build/ov7692.o
                0x100024d4                sensor_register
 .text.send_byte
                0x10002590       0x68 d:/ai85-funnyimagenet/build/sccb.o
 .text.get_byte
                0x100025f8       0x50 d:/ai85-funnyimagenet/build/sccb.o
 .text.sccb_init
                0x10002648       0x30 d:/ai85-funnyimagenet/build/sccb.o
                0x10002648                sccb_init
 .text.sccb_read_byt
                0x10002678      0x11c d:/ai85-funnyimagenet/build/sccb.o
                0x10002678                sccb_read_byt
 .text.sccb_write_byt
                0x10002794       0xa4 d:/ai85-funnyimagenet/build/sccb.o
                0x10002794                sccb_write_byt
 .text.reg_read
                0x10002838       0x78 d:/ai85-funnyimagenet/build/max20303.o
 .text.reg_write
                0x100028b0       0x60 d:/ai85-funnyimagenet/build/max20303.o
 .text.reg_write_buf.constprop.0
                0x10002910       0x70 d:/ai85-funnyimagenet/build/max20303.o
 .text.max20303_camera_power
                0x10002980       0x68 d:/ai85-funnyimagenet/build/max20303.o
                0x10002980                max20303_camera_power
 .text.max20303_init
                0x100029e8       0x68 d:/ai85-funnyimagenet/build/max20303.o
                0x100029e8                max20303_init
 .text          0x10002a50      0x148 d:/ai85-funnyimagenet/build/startup_max78000.o
                0x10002a50                Reset_Handler
                0x10002a8e                HardFault_Handler
                0x10002a90                MemManage_Handler
                0x10002a92                BusFault_Handler
                0x10002a94                UsageFault_Handler
                0x10002a96                SVC_Handler
                0x10002a98                DebugMon_Handler
                0x10002a9a                PendSV_Handler
                0x10002a9c                SysTick_Handler
                0x10002a9e                Default_Handler
                0x10002aa0                PF_IRQHandler
                0x10002aa2                WDT0_IRQHandler
                0x10002aa4                RSV02_IRQHandler
                0x10002aa6                RTC_IRQHandler
                0x10002aa8                TRNG_IRQHandler
                0x10002aaa                TMR0_IRQHandler
                0x10002aac                TMR1_IRQHandler
                0x10002aae                TMR2_IRQHandler
                0x10002ab0                TMR3_IRQHandler
                0x10002ab2                TMR4_IRQHandler
                0x10002ab4                TMR5_IRQHandler
                0x10002ab6                RSV11_IRQHandler
                0x10002ab8                RSV12_IRQHandler
                0x10002aba                I2C0_IRQHandler
                0x10002abc                UART0_IRQHandler
                0x10002abe                UART1_IRQHandler
                0x10002ac0                SPI1_IRQHandler
                0x10002ac2                RSV17_IRQHandler
                0x10002ac4                RSV18_IRQHandler
                0x10002ac6                RSV19_IRQHandler
                0x10002ac8                ADC_IRQHandler
                0x10002aca                RSV21_IRQHandler
                0x10002acc                RSV22_IRQHandler
                0x10002ace                FLC0_IRQHandler
                0x10002ad4                GPIO2_IRQHandler
                0x10002ad6                RSV27_IRQHandler
                0x10002ad8                DMA0_IRQHandler
                0x10002ada                DMA1_IRQHandler
                0x10002adc                DMA2_IRQHandler
                0x10002ade                DMA3_IRQHandler
                0x10002ae0                RSV32_IRQHandler
                0x10002ae2                RSV33_IRQHandler
                0x10002ae4                UART2_IRQHandler
                0x10002ae6                RSV35_IRQHandler
                0x10002ae8                I2C1_IRQHandler
                0x10002aea                RSV37_IRQHandler
                0x10002aec                RSV38_IRQHandler
                0x10002aee                RSV39_IRQHandler
                0x10002af0                RSV40_IRQHandler
                0x10002af2                RSV41_IRQHandler
                0x10002af4                RSV42_IRQHandler
                0x10002af6                RSV43_IRQHandler
                0x10002af8                RSV44_IRQHandler
                0x10002afa                RSV45_IRQHandler
                0x10002afc                RSV46_IRQHandler
                0x10002afe                RSV47_IRQHandler
                0x10002b00                RSV48_IRQHandler
                0x10002b02                RSV49_IRQHandler
                0x10002b04                RSV50_IRQHandler
                0x10002b06                RSV51_IRQHandler
                0x10002b08                RSV52_IRQHandler
                0x10002b0a                WUT_IRQHandler
                0x10002b0c                GPIOWAKE_IRQHandler
                0x10002b0e                RSV55_IRQHandler
                0x10002b10                SPI0_IRQHandler
                0x10002b12                WDT1_IRQHandler
                0x10002b14                RSV58_IRQHandler
                0x10002b16                PT_IRQHandler
                0x10002b18                RSV60_IRQHandler
                0x10002b1a                RSV61_IRQHandler
                0x10002b1c                I2C2_IRQHandler
                0x10002b1e                RISCV_IRQHandler
                0x10002b20                RSV64_IRQHandler
                0x10002b22                RSV65_IRQHandler
                0x10002b24                RSV66_IRQHandler
                0x10002b26                OWM_IRQHandler
                0x10002b28                RSV68_IRQHandler
                0x10002b2a                RSV69_IRQHandler
                0x10002b2c                RSV70_IRQHandler
                0x10002b2e                RSV71_IRQHandler
                0x10002b30                RSV72_IRQHandler
                0x10002b32                RSV73_IRQHandler
                0x10002b34                RSV74_IRQHandler
                0x10002b36                RSV75_IRQHandler
                0x10002b38                RSV76_IRQHandler
                0x10002b3a                RSV77_IRQHandler
                0x10002b3c                RSV78_IRQHandler
                0x10002b3e                RSV79_IRQHandler
                0x10002b40                RSV80_IRQHandler
                0x10002b42                RSV81_IRQHandler
                0x10002b44                ECC_IRQHandler
                0x10002b46                DVS_IRQHandler
                0x10002b48                SIMO_IRQHandler
                0x10002b4a                RSV85_IRQHandler
                0x10002b4c                RSV86_IRQHandler
                0x10002b4e                RSV87_IRQHandler
                0x10002b50                UART3_IRQHandler
                0x10002b52                RSV89_IRQHandler
                0x10002b54                RSV90_IRQHandler
                0x10002b56                PCIF_IRQHandler
                0x10002b58                RSV92_IRQHandler
                0x10002b5a                RSV93_IRQHandler
                0x10002b5c                RSV94_IRQHandler
                0x10002b5e                RSV95_IRQHandler
                0x10002b60                RSV96_IRQHandler
                0x10002b62                AES_IRQHandler
                0x10002b64                RSV98_IRQHandler
                0x10002b66                I2S_IRQHandler
                0x10002b68                CNN_FIFO_IRQHandler
                0x10002b6a                CNN_IRQHandler
                0x10002b6c                RSV102_IRQHandler
                0x10002b6e                LPCMP_IRQHandler
 .text._sbrk    0x10002b98       0x3c d:/ai85-funnyimagenet/build/heap.o
                0x10002b98                _sbrk
 .text._getpid  0x10002bd4        0x8 d:/ai85-funnyimagenet/build/system_max78000.o
                0x10002bd4                _getpid
 .text._kill    0x10002bdc        0x8 d:/ai85-funnyimagenet/build/system_max78000.o
                0x10002bdc                _kill
 .text.SystemCoreClockUpdate
                0x10002be4       0x68 d:/ai85-funnyimagenet/build/system_max78000.o
                0x10002be4                SystemCoreClockUpdate
 .text.PreInit  0x10002c4c        0x4 d:/ai85-funnyimagenet/build/system_max78000.o
                0x10002c4c                PreInit
 .text.PinInit  0x10002c50        0x4 d:/ai85-funnyimagenet/build/system_max78000.o
                0x10002c50                PinInit
 .text.SystemInit
                0x10002c54       0x3c d:/ai85-funnyimagenet/build/system_max78000.o
                0x10002c54                SystemInit
 .text.MXC_DelayInit
                0x10002c90       0x7c D:/MSDK/Libraries/PeriphDrivers/bin/MAX78000/spi-v1_softfp/libPeriphDriver_spi-v1_softfp.a(mxc_delay.o)
 .text.MXC_DelayAsync
                0x10002d0c       0x3c D:/MSDK/Libraries/PeriphDrivers/bin/MAX78000/spi-v1_softfp/libPeriphDriver_spi-v1_softfp.a(mxc_delay.o)
                0x10002d0c                MXC_DelayAsync
 .text.MXC_DelayCheck
                0x10002d48       0x70 D:/MSDK/Libraries/PeriphDrivers/bin/MAX78000/spi-v1_softfp/libPeriphDriver_spi-v1_softfp.a(mxc_delay.o)
                0x10002d48                MXC_DelayCheck
 .text.MXC_DelayAbort
                0x10002db8       0x34 D:/MSDK/Libraries/PeriphDrivers/bin/MAX78000/spi-v1_softfp/libPeriphDriver_spi-v1_softfp.a(mxc_delay.o)
                0x10002db8                MXC_DelayAbort
 .text.MXC_Delay
                0x10002dec       0x74 D:/MSDK/Libraries/PeriphDrivers/bin/MAX78000/spi-v1_softfp/libPeriphDriver_spi-v1_softfp.a(mxc_delay.o)
                0x10002dec                MXC_Delay
 .text.MXC_NVIC_SetVector
                0x10002e60       0x50 D:/MSDK/Libraries/PeriphDrivers/bin/MAX78000/spi-v1_softfp/libPeriphDriver_spi-v1_softfp.a(nvic_table.o)
                0x10002e60                MXC_NVIC_SetVector
 .text.MXC_SYS_IsClockEnabled
                0x10002eb0       0x44 D:/MSDK/Libraries/PeriphDrivers/bin/MAX78000/spi-v1_softfp/libPeriphDriver_spi-v1_softfp.a(sys_ai85.o)
                0x10002eb0                MXC_SYS_IsClockEnabled
 .text.MXC_SYS_ClockDisable
                0x10002ef4       0x44 D:/MSDK/Libraries/PeriphDrivers/bin/MAX78000/spi-v1_softfp/libPeriphDriver_spi-v1_softfp.a(sys_ai85.o)
                0x10002ef4                MXC_SYS_ClockDisable
 .text.MXC_SYS_ClockEnable
                0x10002f38       0x4c D:/MSDK/Libraries/PeriphDrivers/bin/MAX78000/spi-v1_softfp/libPeriphDriver_spi-v1_softfp.a(sys_ai85.o)
                0x10002f38                MXC_SYS_ClockEnable
 .text.MXC_SYS_ClockSourceEnable
                0x10002f84       0xf4 D:/MSDK/Libraries/PeriphDrivers/bin/MAX78000/spi-v1_softfp/libPeriphDriver_spi-v1_softfp.a(sys_ai85.o)
                0x10002f84                MXC_SYS_ClockSourceEnable
 .text.MXC_SYS_Clock_Select
                0x10003078      0x194 D:/MSDK/Libraries/PeriphDrivers/bin/MAX78000/spi-v1_softfp/libPeriphDriver_spi-v1_softfp.a(sys_ai85.o)
                0x10003078                MXC_SYS_Clock_Select
 .text.MXC_SYS_Reset_Periph
                0x1000320c       0x50 D:/MSDK/Libraries/PeriphDrivers/bin/MAX78000/spi-v1_softfp/libPeriphDriver_spi-v1_softfp.a(sys_ai85.o)
                0x1000320c                MXC_SYS_Reset_Periph
 .text.MXC_PCIF_Init
                0x1000325c       0x6c D:/MSDK/Libraries/PeriphDrivers/bin/MAX78000/spi-v1_softfp/libPeriphDriver_spi-v1_softfp.a(cameraif_ai85.o)
                0x1000325c                MXC_PCIF_Init
 .text.MXC_PCIF_SetDataWidth
                0x100032c8        0xc D:/MSDK/Libraries/PeriphDrivers/bin/MAX78000/spi-v1_softfp/libPeriphDriver_spi-v1_softfp.a(cameraif_ai85.o)
                0x100032c8                MXC_PCIF_SetDataWidth
 .text.MXC_PCIF_SetTimingSel
                0x100032d4        0xc D:/MSDK/Libraries/PeriphDrivers/bin/MAX78000/spi-v1_softfp/libPeriphDriver_spi-v1_softfp.a(cameraif_ai85.o)
                0x100032d4                MXC_PCIF_SetTimingSel
 .text.MXC_PCIF_SetThreshold
                0x100032e0        0xc D:/MSDK/Libraries/PeriphDrivers/bin/MAX78000/spi-v1_softfp/libPeriphDriver_spi-v1_softfp.a(cameraif_ai85.o)
                0x100032e0                MXC_PCIF_SetThreshold
 .text.MXC_PCIF_EnableInt
                0x100032ec        0xc D:/MSDK/Libraries/PeriphDrivers/bin/MAX78000/spi-v1_softfp/libPeriphDriver_spi-v1_softfp.a(cameraif_ai85.o)
                0x100032ec                MXC_PCIF_EnableInt
 .text.MXC_PCIF_DisableInt
                0x100032f8        0xc D:/MSDK/Libraries/PeriphDrivers/bin/MAX78000/spi-v1_softfp/libPeriphDriver_spi-v1_softfp.a(cameraif_ai85.o)
                0x100032f8                MXC_PCIF_DisableInt
 .text.MXC_PCIF_Start
                0x10003304        0xc D:/MSDK/Libraries/PeriphDrivers/bin/MAX78000/spi-v1_softfp/libPeriphDriver_spi-v1_softfp.a(cameraif_ai85.o)
                0x10003304                MXC_PCIF_Start
 .text.MXC_PCIF_RevA_SetDatawidth
                0x10003310       0x14 D:/MSDK/Libraries/PeriphDrivers/bin/MAX78000/spi-v1_softfp/libPeriphDriver_spi-v1_softfp.a(cameraif_reva.o)
                0x10003310                MXC_PCIF_RevA_SetDatawidth
 .text.MXC_PCIF_RevA_SetTimingSel
                0x10003324       0x14 D:/MSDK/Libraries/PeriphDrivers/bin/MAX78000/spi-v1_softfp/libPeriphDriver_spi-v1_softfp.a(cameraif_reva.o)
                0x10003324                MXC_PCIF_RevA_SetTimingSel
 .text.MXC_PCIF_RevA_SetThreshold
                0x10003338       0x18 D:/MSDK/Libraries/PeriphDrivers/bin/MAX78000/spi-v1_softfp/libPeriphDriver_spi-v1_softfp.a(cameraif_reva.o)
                0x10003338                MXC_PCIF_RevA_SetThreshold
 .text.MXC_PCIF_RevA_EnableInt
                0x10003350        0xc D:/MSDK/Libraries/PeriphDrivers/bin/MAX78000/spi-v1_softfp/libPeriphDriver_spi-v1_softfp.a(cameraif_reva.o)
                0x10003350                MXC_PCIF_RevA_EnableInt
 .text.MXC_PCIF_RevA_DisableInt
                0x1000335c       0x10 D:/MSDK/Libraries/PeriphDrivers/bin/MAX78000/spi-v1_softfp/libPeriphDriver_spi-v1_softfp.a(cameraif_reva.o)
                0x1000335c                MXC_PCIF_RevA_DisableInt
 .text.MXC_PCIF_RevA_Start
                0x1000336c       0x14 D:/MSDK/Libraries/PeriphDrivers/bin/MAX78000/spi-v1_softfp/libPeriphDriver_spi-v1_softfp.a(cameraif_reva.o)
                0x1000336c                MXC_PCIF_RevA_Start
 .text.MXC_DMA_Init
                0x10003380       0x30 D:/MSDK/Libraries/PeriphDrivers/bin/MAX78000/spi-v1_softfp/libPeriphDriver_spi-v1_softfp.a(dma_me17.o)
                0x10003380                MXC_DMA_Init
 .text.MXC_DMA_DeInit
                0x100033b0        0xc D:/MSDK/Libraries/PeriphDrivers/bin/MAX78000/spi-v1_softfp/libPeriphDriver_spi-v1_softfp.a(dma_me17.o)
                0x100033b0                MXC_DMA_DeInit
 .text.MXC_DMA_AcquireChannel
                0x100033bc        0xc D:/MSDK/Libraries/PeriphDrivers/bin/MAX78000/spi-v1_softfp/libPeriphDriver_spi-v1_softfp.a(dma_me17.o)
                0x100033bc                MXC_DMA_AcquireChannel
 .text.MXC_DMA_ReleaseChannel
                0x100033c8        0x4 D:/MSDK/Libraries/PeriphDrivers/bin/MAX78000/spi-v1_softfp/libPeriphDriver_spi-v1_softfp.a(dma_me17.o)
                0x100033c8                MXC_DMA_ReleaseChannel
 .text.MXC_DMA_SetCallback
                0x100033cc        0x4 D:/MSDK/Libraries/PeriphDrivers/bin/MAX78000/spi-v1_softfp/libPeriphDriver_spi-v1_softfp.a(dma_me17.o)
                0x100033cc                MXC_DMA_SetCallback
 .text.MXC_DMA_ChannelClearFlags
                0x100033d0        0x4 D:/MSDK/Libraries/PeriphDrivers/bin/MAX78000/spi-v1_softfp/libPeriphDriver_spi-v1_softfp.a(dma_me17.o)
                0x100033d0                MXC_DMA_ChannelClearFlags
 .text.MXC_DMA_Handler
                0x100033d4        0xc D:/MSDK/Libraries/PeriphDrivers/bin/MAX78000/spi-v1_softfp/libPeriphDriver_spi-v1_softfp.a(dma_me17.o)
                0x100033d4                MXC_DMA_Handler
 .text.MXC_DMA_RevA_Init
                0x100033e0       0xac D:/MSDK/Libraries/PeriphDrivers/bin/MAX78000/spi-v1_softfp/libPeriphDriver_spi-v1_softfp.a(dma_reva.o)
                0x100033e0                MXC_DMA_RevA_Init
 .text.MXC_DMA_RevA_DeInit
                0x1000348c       0x3c D:/MSDK/Libraries/PeriphDrivers/bin/MAX78000/spi-v1_softfp/libPeriphDriver_spi-v1_softfp.a(dma_reva.o)
                0x1000348c                MXC_DMA_RevA_DeInit
 .text.MXC_DMA_RevA_AcquireChannel
                0x100034c8       0x88 D:/MSDK/Libraries/PeriphDrivers/bin/MAX78000/spi-v1_softfp/libPeriphDriver_spi-v1_softfp.a(dma_reva.o)
                0x100034c8                MXC_DMA_RevA_AcquireChannel
 .text.MXC_DMA_RevA_ReleaseChannel
                0x10003550       0x48 D:/MSDK/Libraries/PeriphDrivers/bin/MAX78000/spi-v1_softfp/libPeriphDriver_spi-v1_softfp.a(dma_reva.o)
                0x10003550                MXC_DMA_RevA_ReleaseChannel
 .text.MXC_DMA_RevA_SetCallback
                0x10003598       0x24 D:/MSDK/Libraries/PeriphDrivers/bin/MAX78000/spi-v1_softfp/libPeriphDriver_spi-v1_softfp.a(dma_reva.o)
                0x10003598                MXC_DMA_RevA_SetCallback
 .text.MXC_DMA_RevA_ChannelClearFlags
                0x100035bc       0x2c D:/MSDK/Libraries/PeriphDrivers/bin/MAX78000/spi-v1_softfp/libPeriphDriver_spi-v1_softfp.a(dma_reva.o)
                0x100035bc                MXC_DMA_RevA_ChannelClearFlags
 .text.MXC_DMA_RevA_Handler
                0x100035e8       0x84 D:/MSDK/Libraries/PeriphDrivers/bin/MAX78000/spi-v1_softfp/libPeriphDriver_spi-v1_softfp.a(dma_reva.o)
                0x100035e8                MXC_DMA_RevA_Handler
 .text.MXC_GPIO_Init
                0x1000366c       0x40 D:/MSDK/Libraries/PeriphDrivers/bin/MAX78000/spi-v1_softfp/libPeriphDriver_spi-v1_softfp.a(gpio_ai85.o)
                0x1000366c                MXC_GPIO_Init
 .text.MXC_GPIO_Config
                0x100036ac      0x234 D:/MSDK/Libraries/PeriphDrivers/bin/MAX78000/spi-v1_softfp/libPeriphDriver_spi-v1_softfp.a(gpio_ai85.o)
                0x100036ac                MXC_GPIO_Config
 .text.MXC_GPIO_OutSet
                0x100038e0       0x30 D:/MSDK/Libraries/PeriphDrivers/bin/MAX78000/spi-v1_softfp/libPeriphDriver_spi-v1_softfp.a(gpio_ai85.o)
                0x100038e0                MXC_GPIO_OutSet
 .text.MXC_GPIO_OutClr
                0x10003910       0x34 D:/MSDK/Libraries/PeriphDrivers/bin/MAX78000/spi-v1_softfp/libPeriphDriver_spi-v1_softfp.a(gpio_ai85.o)
                0x10003910                MXC_GPIO_OutClr
 .text.MXC_GPIO_Handler
                0x10003944        0x4 D:/MSDK/Libraries/PeriphDrivers/bin/MAX78000/spi-v1_softfp/libPeriphDriver_spi-v1_softfp.a(gpio_ai85.o)
                0x10003944                MXC_GPIO_Handler
 .text.MXC_GPIO_ClearFlags
                0x10003948       0x18 D:/MSDK/Libraries/PeriphDrivers/bin/MAX78000/spi-v1_softfp/libPeriphDriver_spi-v1_softfp.a(gpio_ai85.o)
                0x10003948                MXC_GPIO_ClearFlags
 .text.MXC_GPIO_GetFlags
                0x10003960       0x18 D:/MSDK/Libraries/PeriphDrivers/bin/MAX78000/spi-v1_softfp/libPeriphDriver_spi-v1_softfp.a(gpio_ai85.o)
                0x10003960                MXC_GPIO_GetFlags
 .text.MXC_GPIO_SetVSSEL
                0x10003978       0x24 D:/MSDK/Libraries/PeriphDrivers/bin/MAX78000/spi-v1_softfp/libPeriphDriver_spi-v1_softfp.a(gpio_ai85.o)
                0x10003978                MXC_GPIO_SetVSSEL
 .text.MXC_GPIO_GetConfigLock
                0x1000399c        0x4 D:/MSDK/Libraries/PeriphDrivers/bin/MAX78000/spi-v1_softfp/libPeriphDriver_spi-v1_softfp.a(gpio_ai85.o)
                0x1000399c                MXC_GPIO_GetConfigLock
 .text.MXC_GPIO_RevA_OutSet
                0x100039a0        0x4 D:/MSDK/Libraries/PeriphDrivers/bin/MAX78000/spi-v1_softfp/libPeriphDriver_spi-v1_softfp.a(gpio_reva.o)
                0x100039a0                MXC_GPIO_RevA_OutSet
 .text.MXC_GPIO_RevA_OutClr
                0x100039a4        0x4 D:/MSDK/Libraries/PeriphDrivers/bin/MAX78000/spi-v1_softfp/libPeriphDriver_spi-v1_softfp.a(gpio_reva.o)
                0x100039a4                MXC_GPIO_RevA_OutClr
 .text.MXC_GPIO_RevA_ClearFlags
                0x100039a8        0x4 D:/MSDK/Libraries/PeriphDrivers/bin/MAX78000/spi-v1_softfp/libPeriphDriver_spi-v1_softfp.a(gpio_reva.o)
                0x100039a8                MXC_GPIO_RevA_ClearFlags
 .text.MXC_GPIO_RevA_GetFlags
                0x100039ac        0x4 D:/MSDK/Libraries/PeriphDrivers/bin/MAX78000/spi-v1_softfp/libPeriphDriver_spi-v1_softfp.a(gpio_reva.o)
                0x100039ac                MXC_GPIO_RevA_GetFlags
 .text.MXC_GPIO_RevA_SetVSSEL
                0x100039b0       0x40 D:/MSDK/Libraries/PeriphDrivers/bin/MAX78000/spi-v1_softfp/libPeriphDriver_spi-v1_softfp.a(gpio_reva.o)
                0x100039b0                MXC_GPIO_RevA_SetVSSEL
 .text.MXC_GPIO_RevA_SetAF
                0x100039f0       0x7c D:/MSDK/Libraries/PeriphDrivers/bin/MAX78000/spi-v1_softfp/libPeriphDriver_spi-v1_softfp.a(gpio_reva.o)
                0x100039f0                MXC_GPIO_RevA_SetAF
 .text.MXC_GPIO_RevA_SetDriveStrength
                0x10003a6c       0xa0 D:/MSDK/Libraries/PeriphDrivers/bin/MAX78000/spi-v1_softfp/libPeriphDriver_spi-v1_softfp.a(gpio_reva.o)
                0x10003a6c                MXC_GPIO_RevA_SetDriveStrength
 .text.MXC_I2C_SetSlaveAddr
                0x10003b0c        0xc D:/MSDK/Libraries/PeriphDrivers/bin/MAX78000/spi-v1_softfp/libPeriphDriver_spi-v1_softfp.a(i2c_me17.o)
                0x10003b0c                MXC_I2C_SetSlaveAddr
 .text.MXC_I2C_Shutdown
                0x10003b18       0x6c D:/MSDK/Libraries/PeriphDrivers/bin/MAX78000/spi-v1_softfp/libPeriphDriver_spi-v1_softfp.a(i2c_me17.o)
                0x10003b18                MXC_I2C_Shutdown
 .text.MXC_I2C_Init
                0x10003b84       0x94 D:/MSDK/Libraries/PeriphDrivers/bin/MAX78000/spi-v1_softfp/libPeriphDriver_spi-v1_softfp.a(i2c_me17.o)
                0x10003b84                MXC_I2C_Init
 .text.MXC_I2C_SetFrequency
                0x10003c18        0x4 D:/MSDK/Libraries/PeriphDrivers/bin/MAX78000/spi-v1_softfp/libPeriphDriver_spi-v1_softfp.a(i2c_me17.o)
                0x10003c18                MXC_I2C_SetFrequency
 .text.MXC_I2C_GetFrequency
                0x10003c1c        0x4 D:/MSDK/Libraries/PeriphDrivers/bin/MAX78000/spi-v1_softfp/libPeriphDriver_spi-v1_softfp.a(i2c_me17.o)
                0x10003c1c                MXC_I2C_GetFrequency
 .text.MXC_I2C_ClearRXFIFO
                0x10003c20        0x4 D:/MSDK/Libraries/PeriphDrivers/bin/MAX78000/spi-v1_softfp/libPeriphDriver_spi-v1_softfp.a(i2c_me17.o)
                0x10003c20                MXC_I2C_ClearRXFIFO
 .text.MXC_I2C_ClearTXFIFO
                0x10003c24        0x4 D:/MSDK/Libraries/PeriphDrivers/bin/MAX78000/spi-v1_softfp/libPeriphDriver_spi-v1_softfp.a(i2c_me17.o)
                0x10003c24                MXC_I2C_ClearTXFIFO
 .text.MXC_I2C_Recover
                0x10003c28        0x4 D:/MSDK/Libraries/PeriphDrivers/bin/MAX78000/spi-v1_softfp/libPeriphDriver_spi-v1_softfp.a(i2c_me17.o)
                0x10003c28                MXC_I2C_Recover
 .text.MXC_I2C_SetRXThreshold
                0x10003c2c        0x4 D:/MSDK/Libraries/PeriphDrivers/bin/MAX78000/spi-v1_softfp/libPeriphDriver_spi-v1_softfp.a(i2c_me17.o)
                0x10003c2c                MXC_I2C_SetRXThreshold
 .text.MXC_I2C_SetTXThreshold
                0x10003c30        0x4 D:/MSDK/Libraries/PeriphDrivers/bin/MAX78000/spi-v1_softfp/libPeriphDriver_spi-v1_softfp.a(i2c_me17.o)
                0x10003c30                MXC_I2C_SetTXThreshold
 .text.MXC_I2C_RevA_Init
                0x10003c34      0x104 D:/MSDK/Libraries/PeriphDrivers/bin/MAX78000/spi-v1_softfp/libPeriphDriver_spi-v1_softfp.a(i2c_reva.o)
                0x10003c34                MXC_I2C_RevA_Init
 .text.MXC_I2C_RevA_SetSlaveAddr
                0x10003d38       0x3c D:/MSDK/Libraries/PeriphDrivers/bin/MAX78000/spi-v1_softfp/libPeriphDriver_spi-v1_softfp.a(i2c_reva.o)
                0x10003d38                MXC_I2C_RevA_SetSlaveAddr
 .text.MXC_I2C_RevA_Shutdown
                0x10003d74       0xac D:/MSDK/Libraries/PeriphDrivers/bin/MAX78000/spi-v1_softfp/libPeriphDriver_spi-v1_softfp.a(i2c_reva.o)
                0x10003d74                MXC_I2C_RevA_Shutdown
 .text.MXC_I2C_RevA_SetFrequency
                0x10003e20       0xc0 D:/MSDK/Libraries/PeriphDrivers/bin/MAX78000/spi-v1_softfp/libPeriphDriver_spi-v1_softfp.a(i2c_reva.o)
                0x10003e20                MXC_I2C_RevA_SetFrequency
 .text.MXC_I2C_RevA_GetFrequency
                0x10003ee0       0x38 D:/MSDK/Libraries/PeriphDrivers/bin/MAX78000/spi-v1_softfp/libPeriphDriver_spi-v1_softfp.a(i2c_reva.o)
                0x10003ee0                MXC_I2C_RevA_GetFrequency
 .text.MXC_I2C_RevA_ClearRXFIFO
                0x10003f18       0x10 D:/MSDK/Libraries/PeriphDrivers/bin/MAX78000/spi-v1_softfp/libPeriphDriver_spi-v1_softfp.a(i2c_reva.o)
                0x10003f18                MXC_I2C_RevA_ClearRXFIFO
 .text.MXC_I2C_RevA_ClearTXFIFO
                0x10003f28       0x10 D:/MSDK/Libraries/PeriphDrivers/bin/MAX78000/spi-v1_softfp/libPeriphDriver_spi-v1_softfp.a(i2c_reva.o)
                0x10003f28                MXC_I2C_RevA_ClearTXFIFO
 .text.MXC_I2C_RevA_Recover
                0x10003f38       0xd8 D:/MSDK/Libraries/PeriphDrivers/bin/MAX78000/spi-v1_softfp/libPeriphDriver_spi-v1_softfp.a(i2c_reva.o)
                0x10003f38                MXC_I2C_RevA_Recover
 .text.MXC_I2C_RevA_SetRXThreshold
                0x10004010       0x20 D:/MSDK/Libraries/PeriphDrivers/bin/MAX78000/spi-v1_softfp/libPeriphDriver_spi-v1_softfp.a(i2c_reva.o)
                0x10004010                MXC_I2C_RevA_SetRXThreshold
 .text.MXC_I2C_RevA_SetTXThreshold
                0x10004030       0x24 D:/MSDK/Libraries/PeriphDrivers/bin/MAX78000/spi-v1_softfp/libPeriphDriver_spi-v1_softfp.a(i2c_reva.o)
                0x10004030                MXC_I2C_RevA_SetTXThreshold
 .text.MXC_ICC_Enable
                0x10004054        0x4 D:/MSDK/Libraries/PeriphDrivers/bin/MAX78000/spi-v1_softfp/libPeriphDriver_spi-v1_softfp.a(icc_me17.o)
                0x10004054                MXC_ICC_Enable
 .text.MXC_ICC_RevA_Enable
                0x10004058       0x30 D:/MSDK/Libraries/PeriphDrivers/bin/MAX78000/spi-v1_softfp/libPeriphDriver_spi-v1_softfp.a(icc_reva.o)
                0x10004058                MXC_ICC_RevA_Enable
 .text.MXC_LP_EnterSleepMode
                0x10004088       0x28 D:/MSDK/Libraries/PeriphDrivers/bin/MAX78000/spi-v1_softfp/libPeriphDriver_spi-v1_softfp.a(lp_ai85.o)
                0x10004088                MXC_LP_EnterSleepMode
 .text.MXC_PT_Init
                0x100040b0      0x128 D:/MSDK/Libraries/PeriphDrivers/bin/MAX78000/spi-v1_softfp/libPeriphDriver_spi-v1_softfp.a(pt_ai85.o)
                0x100040b0                MXC_PT_Init
 .text.MXC_PT_Config
                0x100041d8       0x5c D:/MSDK/Libraries/PeriphDrivers/bin/MAX78000/spi-v1_softfp/libPeriphDriver_spi-v1_softfp.a(pt_ai85.o)
                0x100041d8                MXC_PT_Config
 .text.MXC_PT_SqrWaveConfig
                0x10004234       0x20 D:/MSDK/Libraries/PeriphDrivers/bin/MAX78000/spi-v1_softfp/libPeriphDriver_spi-v1_softfp.a(pt_ai85.o)
                0x10004234                MXC_PT_SqrWaveConfig
 .text.MXC_PT_Start
                0x10004254        0xc D:/MSDK/Libraries/PeriphDrivers/bin/MAX78000/spi-v1_softfp/libPeriphDriver_spi-v1_softfp.a(pt_ai85.o)
                0x10004254                MXC_PT_Start
 .text.MXC_PT_IsActive
                0x10004260        0xc D:/MSDK/Libraries/PeriphDrivers/bin/MAX78000/spi-v1_softfp/libPeriphDriver_spi-v1_softfp.a(pt_ai85.o)
                0x10004260                MXC_PT_IsActive
 .text.MXC_PT_RevA_Init
                0x1000426c       0x10 D:/MSDK/Libraries/PeriphDrivers/bin/MAX78000/spi-v1_softfp/libPeriphDriver_spi-v1_softfp.a(pt_reva.o)
                0x1000426c                MXC_PT_RevA_Init
 .text.MXC_PT_RevA_Config
                0x1000427c       0xc4 D:/MSDK/Libraries/PeriphDrivers/bin/MAX78000/spi-v1_softfp/libPeriphDriver_spi-v1_softfp.a(pt_reva.o)
                0x1000427c                MXC_PT_RevA_Config
 .text.MXC_PT_RevA_SqrWaveConfig
                0x10004340       0x18 D:/MSDK/Libraries/PeriphDrivers/bin/MAX78000/spi-v1_softfp/libPeriphDriver_spi-v1_softfp.a(pt_reva.o)
                0x10004340                MXC_PT_RevA_SqrWaveConfig
 .text.MXC_PT_RevA_Start
                0x10004358       0x10 D:/MSDK/Libraries/PeriphDrivers/bin/MAX78000/spi-v1_softfp/libPeriphDriver_spi-v1_softfp.a(pt_reva.o)
                0x10004358                MXC_PT_RevA_Start
 .text.MXC_PT_RevA_IsActive
                0x10004368        0xc D:/MSDK/Libraries/PeriphDrivers/bin/MAX78000/spi-v1_softfp/libPeriphDriver_spi-v1_softfp.a(pt_reva.o)
                0x10004368                MXC_PT_RevA_IsActive
 .text.MXC_UART_Shutdown
                0x10004374       0x70 D:/MSDK/Libraries/PeriphDrivers/bin/MAX78000/spi-v1_softfp/libPeriphDriver_spi-v1_softfp.a(uart_ai85.o)
                0x10004374                MXC_UART_Shutdown
 .text.MXC_UART_SetFrequency
                0x100043e4       0x90 D:/MSDK/Libraries/PeriphDrivers/bin/MAX78000/spi-v1_softfp/libPeriphDriver_spi-v1_softfp.a(uart_ai85.o)
                0x100043e4                MXC_UART_SetFrequency
 .text.MXC_UART_SetDataSize
                0x10004474        0x4 D:/MSDK/Libraries/PeriphDrivers/bin/MAX78000/spi-v1_softfp/libPeriphDriver_spi-v1_softfp.a(uart_ai85.o)
                0x10004474                MXC_UART_SetDataSize
 .text.MXC_UART_SetStopBits
                0x10004478        0x4 D:/MSDK/Libraries/PeriphDrivers/bin/MAX78000/spi-v1_softfp/libPeriphDriver_spi-v1_softfp.a(uart_ai85.o)
                0x10004478                MXC_UART_SetStopBits
 .text.MXC_UART_SetParity
                0x1000447c        0x4 D:/MSDK/Libraries/PeriphDrivers/bin/MAX78000/spi-v1_softfp/libPeriphDriver_spi-v1_softfp.a(uart_ai85.o)
                0x1000447c                MXC_UART_SetParity
 .text.MXC_UART_SetClockSource
                0x10004480       0x60 D:/MSDK/Libraries/PeriphDrivers/bin/MAX78000/spi-v1_softfp/libPeriphDriver_spi-v1_softfp.a(uart_ai85.o)
                0x10004480                MXC_UART_SetClockSource
 .text.MXC_UART_GetClockSource
                0x100044e0       0x4c D:/MSDK/Libraries/PeriphDrivers/bin/MAX78000/spi-v1_softfp/libPeriphDriver_spi-v1_softfp.a(uart_ai85.o)
                0x100044e0                MXC_UART_GetClockSource
 .text.MXC_UART_Init
                0x1000452c       0xa0 D:/MSDK/Libraries/PeriphDrivers/bin/MAX78000/spi-v1_softfp/libPeriphDriver_spi-v1_softfp.a(uart_ai85.o)
                0x1000452c                MXC_UART_Init
 .text.MXC_UART_ReadCharacterRaw
                0x100045cc        0x4 D:/MSDK/Libraries/PeriphDrivers/bin/MAX78000/spi-v1_softfp/libPeriphDriver_spi-v1_softfp.a(uart_ai85.o)
                0x100045cc                MXC_UART_ReadCharacterRaw
 .text.MXC_UART_WriteCharacterRaw
                0x100045d0        0x4 D:/MSDK/Libraries/PeriphDrivers/bin/MAX78000/spi-v1_softfp/libPeriphDriver_spi-v1_softfp.a(uart_ai85.o)
                0x100045d0                MXC_UART_WriteCharacterRaw
 .text.MXC_UART_ReadCharacter
                0x100045d4        0x4 D:/MSDK/Libraries/PeriphDrivers/bin/MAX78000/spi-v1_softfp/libPeriphDriver_spi-v1_softfp.a(uart_ai85.o)
                0x100045d4                MXC_UART_ReadCharacter
 .text.MXC_UART_WriteCharacter
                0x100045d8        0x4 D:/MSDK/Libraries/PeriphDrivers/bin/MAX78000/spi-v1_softfp/libPeriphDriver_spi-v1_softfp.a(uart_ai85.o)
                0x100045d8                MXC_UART_WriteCharacter
 .text.MXC_UART_GetRXFIFOAvailable
                0x100045dc        0x4 D:/MSDK/Libraries/PeriphDrivers/bin/MAX78000/spi-v1_softfp/libPeriphDriver_spi-v1_softfp.a(uart_ai85.o)
                0x100045dc                MXC_UART_GetRXFIFOAvailable
 .text.MXC_UART_GetTXFIFOAvailable
                0x100045e0        0x4 D:/MSDK/Libraries/PeriphDrivers/bin/MAX78000/spi-v1_softfp/libPeriphDriver_spi-v1_softfp.a(uart_ai85.o)
                0x100045e0                MXC_UART_GetTXFIFOAvailable
 .text.MXC_UART_SetRXThreshold
                0x100045e4        0x4 D:/MSDK/Libraries/PeriphDrivers/bin/MAX78000/spi-v1_softfp/libPeriphDriver_spi-v1_softfp.a(uart_ai85.o)
                0x100045e4                MXC_UART_SetRXThreshold
 .text.MXC_UART_Common_ReadCharacter
                0x100045e8       0x18 D:/MSDK/Libraries/PeriphDrivers/bin/MAX78000/spi-v1_softfp/libPeriphDriver_spi-v1_softfp.a(uart_common.o)
                0x100045e8                MXC_UART_Common_ReadCharacter
 .text.MXC_UART_Common_WriteCharacter
                0x10004600       0x1c D:/MSDK/Libraries/PeriphDrivers/bin/MAX78000/spi-v1_softfp/libPeriphDriver_spi-v1_softfp.a(uart_common.o)
                0x10004600                MXC_UART_Common_WriteCharacter
 .text.MXC_UART_RevB_Init
                0x1000461c       0xe0 D:/MSDK/Libraries/PeriphDrivers/bin/MAX78000/spi-v1_softfp/libPeriphDriver_spi-v1_softfp.a(uart_revb.o)
                0x1000461c                MXC_UART_RevB_Init
 .text.MXC_UART_RevB_SetFrequency
                0x100046fc       0x1c D:/MSDK/Libraries/PeriphDrivers/bin/MAX78000/spi-v1_softfp/libPeriphDriver_spi-v1_softfp.a(uart_revb.o)
                0x100046fc                MXC_UART_RevB_SetFrequency
 .text.MXC_UART_RevB_SetDataSize
                0x10004718       0x20 D:/MSDK/Libraries/PeriphDrivers/bin/MAX78000/spi-v1_softfp/libPeriphDriver_spi-v1_softfp.a(uart_revb.o)
                0x10004718                MXC_UART_RevB_SetDataSize
 .text.MXC_UART_RevB_SetStopBits
                0x10004738       0x28 D:/MSDK/Libraries/PeriphDrivers/bin/MAX78000/spi-v1_softfp/libPeriphDriver_spi-v1_softfp.a(uart_revb.o)
                0x10004738                MXC_UART_RevB_SetStopBits
 .text.MXC_UART_RevB_SetParity
                0x10004760       0x94 D:/MSDK/Libraries/PeriphDrivers/bin/MAX78000/spi-v1_softfp/libPeriphDriver_spi-v1_softfp.a(uart_revb.o)
                0x10004760                MXC_UART_RevB_SetParity
 .text.MXC_UART_RevB_SetClockSource
                0x100047f4       0xa8 D:/MSDK/Libraries/PeriphDrivers/bin/MAX78000/spi-v1_softfp/libPeriphDriver_spi-v1_softfp.a(uart_revb.o)
                0x100047f4                MXC_UART_RevB_SetClockSource
 .text.MXC_UART_RevB_GetClockSource
                0x1000489c        0x8 D:/MSDK/Libraries/PeriphDrivers/bin/MAX78000/spi-v1_softfp/libPeriphDriver_spi-v1_softfp.a(uart_revb.o)
                0x1000489c                MXC_UART_RevB_GetClockSource
 .text.MXC_UART_RevB_ReadCharacterRaw
                0x100048a4       0x10 D:/MSDK/Libraries/PeriphDrivers/bin/MAX78000/spi-v1_softfp/libPeriphDriver_spi-v1_softfp.a(uart_revb.o)
                0x100048a4                MXC_UART_RevB_ReadCharacterRaw
 .text.MXC_UART_RevB_WriteCharacterRaw
                0x100048b4       0x14 D:/MSDK/Libraries/PeriphDrivers/bin/MAX78000/spi-v1_softfp/libPeriphDriver_spi-v1_softfp.a(uart_revb.o)
                0x100048b4                MXC_UART_RevB_WriteCharacterRaw
 .text.MXC_UART_RevB_GetRXFIFOAvailable
                0x100048c8        0x8 D:/MSDK/Libraries/PeriphDrivers/bin/MAX78000/spi-v1_softfp/libPeriphDriver_spi-v1_softfp.a(uart_revb.o)
                0x100048c8                MXC_UART_RevB_GetRXFIFOAvailable
 .text.MXC_UART_RevB_GetTXFIFOAvailable
                0x100048d0        0xc D:/MSDK/Libraries/PeriphDrivers/bin/MAX78000/spi-v1_softfp/libPeriphDriver_spi-v1_softfp.a(uart_revb.o)
                0x100048d0                MXC_UART_RevB_GetTXFIFOAvailable
 .text.MXC_UART_RevB_SetRXThreshold
                0x100048dc       0x1c D:/MSDK/Libraries/PeriphDrivers/bin/MAX78000/spi-v1_softfp/libPeriphDriver_spi-v1_softfp.a(uart_revb.o)
                0x100048dc                MXC_UART_RevB_SetRXThreshold
 .text.MXC_GetLock
                0x100048f8       0x1c D:/MSDK/Libraries/PeriphDrivers/bin/MAX78000/spi-v1_softfp/libPeriphDriver_spi-v1_softfp.a(mxc_lock.o)
                0x100048f8                MXC_GetLock
 .text.MXC_FreeLock
                0x10004914        0xc D:/MSDK/Libraries/PeriphDrivers/bin/MAX78000/spi-v1_softfp/libPeriphDriver_spi-v1_softfp.a(mxc_lock.o)
                0x10004914                MXC_FreeLock
 .text.MXC_GPIO_Common_Init
                0x10004920       0x24 D:/MSDK/Libraries/PeriphDrivers/bin/MAX78000/spi-v1_softfp/libPeriphDriver_spi-v1_softfp.a(gpio_common.o)
                0x10004920                MXC_GPIO_Common_Init
 .text.MXC_GPIO_Common_Handler
                0x10004944       0x88 D:/MSDK/Libraries/PeriphDrivers/bin/MAX78000/spi-v1_softfp/libPeriphDriver_spi-v1_softfp.a(gpio_common.o)
                0x10004944                MXC_GPIO_Common_Handler
 .text.MXC_GPIO_Common_GetConfigLock
                0x100049cc        0xc D:/MSDK/Libraries/PeriphDrivers/bin/MAX78000/spi-v1_softfp/libPeriphDriver_spi-v1_softfp.a(gpio_common.o)
                0x100049cc                MXC_GPIO_Common_GetConfigLock
 .text.__errno  0x100049d8        0xc d:/msdk/tools/gnutools/10.3/bin/../lib/gcc/arm-none-eabi/10.3.1/../../../../arm-none-eabi/lib/thumb/v7e-m+fp/softfp\libc.a(lib_a-errno.o)
                0x100049d8                __errno
 .text.__libc_init_array
                0x100049e4       0x48 d:/msdk/tools/gnutools/10.3/bin/../lib/gcc/arm-none-eabi/10.3.1/../../../../arm-none-eabi/lib/thumb/v7e-m+fp/softfp\libc.a(lib_a-init.o)
                0x100049e4                __libc_init_array
 .text.malloc   0x10004a2c       0x10 d:/msdk/tools/gnutools/10.3/bin/../lib/gcc/arm-none-eabi/10.3.1/../../../../arm-none-eabi/lib/thumb/v7e-m+fp/softfp\libc.a(lib_a-malloc.o)
                0x10004a2c                malloc
 .text.free     0x10004a3c       0x10 d:/msdk/tools/gnutools/10.3/bin/../lib/gcc/arm-none-eabi/10.3.1/../../../../arm-none-eabi/lib/thumb/v7e-m+fp/softfp\libc.a(lib_a-malloc.o)
                0x10004a3c                free
 .text._malloc_r
                0x10004a4c      0x560 d:/msdk/tools/gnutools/10.3/bin/../lib/gcc/arm-none-eabi/10.3.1/../../../../arm-none-eabi/lib/thumb/v7e-m+fp/softfp\libc.a(lib_a-mallocr.o)
                0x10004a4c                _malloc_r
 .text          0x10004fac      0x134 d:/msdk/tools/gnutools/10.3/bin/../lib/gcc/arm-none-eabi/10.3.1/../../../../arm-none-eabi/lib/thumb/v7e-m+fp/softfp\libc.a(lib_a-memcpy.o)
                0x10004fac                memcpy
 .text.memset   0x100050e0       0xa4 d:/msdk/tools/gnutools/10.3/bin/../lib/gcc/arm-none-eabi/10.3.1/../../../../arm-none-eabi/lib/thumb/v7e-m+fp/softfp\libc.a(lib_a-memset.o)
                0x100050e0                memset
 .text.__malloc_lock
                0x10005184        0xc d:/msdk/tools/gnutools/10.3/bin/../lib/gcc/arm-none-eabi/10.3.1/../../../../arm-none-eabi/lib/thumb/v7e-m+fp/softfp\libc.a(lib_a-mlock.o)
                0x10005184                __malloc_lock
 .text.__malloc_unlock
                0x10005190        0xc d:/msdk/tools/gnutools/10.3/bin/../lib/gcc/arm-none-eabi/10.3.1/../../../../arm-none-eabi/lib/thumb/v7e-m+fp/softfp\libc.a(lib_a-mlock.o)
                0x10005190                __malloc_unlock
 .text.printf   0x1000519c       0x28 d:/msdk/tools/gnutools/10.3/bin/../lib/gcc/arm-none-eabi/10.3.1/../../../../arm-none-eabi/lib/thumb/v7e-m+fp/softfp\libc.a(lib_a-printf.o)
                0x1000519c                printf
 .text.putchar  0x100051c4       0x10 d:/msdk/tools/gnutools/10.3/bin/../lib/gcc/arm-none-eabi/10.3.1/../../../../arm-none-eabi/lib/thumb/v7e-m+fp/softfp\libc.a(lib_a-putchar.o)
                0x100051c4                putchar
 .text._puts_r  0x100051d4       0x9c d:/msdk/tools/gnutools/10.3/bin/../lib/gcc/arm-none-eabi/10.3.1/../../../../arm-none-eabi/lib/thumb/v7e-m+fp/softfp\libc.a(lib_a-puts.o)
                0x100051d4                _puts_r
 .text.puts     0x10005270       0x10 d:/msdk/tools/gnutools/10.3/bin/../lib/gcc/arm-none-eabi/10.3.1/../../../../arm-none-eabi/lib/thumb/v7e-m+fp/softfp\libc.a(lib_a-puts.o)
                0x10005270                puts
 .text._sbrk_r  0x10005280       0x24 d:/msdk/tools/gnutools/10.3/bin/../lib/gcc/arm-none-eabi/10.3.1/../../../../arm-none-eabi/lib/thumb/v7e-m+fp/softfp\libc.a(lib_a-sbrkr.o)
                0x10005280                _sbrk_r
 .text.snprintf
                0x100052a4       0x88 d:/msdk/tools/gnutools/10.3/bin/../lib/gcc/arm-none-eabi/10.3.1/../../../../arm-none-eabi/lib/thumb/v7e-m+fp/softfp\libc.a(lib_a-snprintf.o)
                0x100052a4                snprintf
 *fill*         0x1000532c       0x14 
 .text          0x10005340       0xdc d:/msdk/tools/gnutools/10.3/bin/../lib/gcc/arm-none-eabi/10.3.1/../../../../arm-none-eabi/lib/thumb/v7e-m+fp/softfp\libc.a(lib_a-strlen.o)
                0x10005340                strlen
 *fill*         0x1000541c        0x4 
 .text._svfprintf_r
                0x10005420     0x1ac8 d:/msdk/tools/gnutools/10.3/bin/../lib/gcc/arm-none-eabi/10.3.1/../../../../arm-none-eabi/lib/thumb/v7e-m+fp/softfp\libc.a(lib_a-svfprintf.o)
                0x10005420                _svfprintf_r
 .text._vfprintf_r
                0x10006ee8     0x1b8c d:/msdk/tools/gnutools/10.3/bin/../lib/gcc/arm-none-eabi/10.3.1/../../../../arm-none-eabi/lib/thumb/v7e-m+fp/softfp\libc.a(lib_a-vfprintf.o)
                0x10006ee8                _vfprintf_r
 .text.__sbprintf
                0x10008a74       0x80 d:/msdk/tools/gnutools/10.3/bin/../lib/gcc/arm-none-eabi/10.3.1/../../../../arm-none-eabi/lib/thumb/v7e-m+fp/softfp\libc.a(lib_a-vfprintf.o)
 .text.__swsetup_r
                0x10008af4       0xd4 d:/msdk/tools/gnutools/10.3/bin/../lib/gcc/arm-none-eabi/10.3.1/../../../../arm-none-eabi/lib/thumb/v7e-m+fp/softfp\libc.a(lib_a-wsetup.o)
                0x10008af4                __swsetup_r
 .text.startup.register_fini
                0x10008bc8       0x14 d:/msdk/tools/gnutools/10.3/bin/../lib/gcc/arm-none-eabi/10.3.1/../../../../arm-none-eabi/lib/thumb/v7e-m+fp/softfp\libc.a(lib_a-__call_atexit.o)
 .text.atexit   0x10008bdc        0xc d:/msdk/tools/gnutools/10.3/bin/../lib/gcc/arm-none-eabi/10.3.1/../../../../arm-none-eabi/lib/thumb/v7e-m+fp/softfp\libc.a(lib_a-atexit.o)
                0x10008bdc                atexit
 .text.quorem   0x10008be8      0x128 d:/msdk/tools/gnutools/10.3/bin/../lib/gcc/arm-none-eabi/10.3.1/../../../../arm-none-eabi/lib/thumb/v7e-m+fp/softfp\libc.a(lib_a-dtoa.o)
 .text._dtoa_r  0x10008d10      0xf34 d:/msdk/tools/gnutools/10.3/bin/../lib/gcc/arm-none-eabi/10.3.1/../../../../arm-none-eabi/lib/thumb/v7e-m+fp/softfp\libc.a(lib_a-dtoa.o)
                0x10008d10                _dtoa_r
 .text.__sflush_r
                0x10009c44      0x130 d:/msdk/tools/gnutools/10.3/bin/../lib/gcc/arm-none-eabi/10.3.1/../../../../arm-none-eabi/lib/thumb/v7e-m+fp/softfp\libc.a(lib_a-fflush.o)
                0x10009c44                __sflush_r
 .text._fflush_r
                0x10009d74       0x5c d:/msdk/tools/gnutools/10.3/bin/../lib/gcc/arm-none-eabi/10.3.1/../../../../arm-none-eabi/lib/thumb/v7e-m+fp/softfp\libc.a(lib_a-fflush.o)
                0x10009d74                _fflush_r
 .text._cleanup_r
                0x10009dd0        0xc d:/msdk/tools/gnutools/10.3/bin/../lib/gcc/arm-none-eabi/10.3.1/../../../../arm-none-eabi/lib/thumb/v7e-m+fp/softfp\libc.a(lib_a-findfp.o)
                0x10009dd0                _cleanup_r
 .text.__sinit  0x10009ddc      0x10c d:/msdk/tools/gnutools/10.3/bin/../lib/gcc/arm-none-eabi/10.3.1/../../../../arm-none-eabi/lib/thumb/v7e-m+fp/softfp\libc.a(lib_a-findfp.o)
                0x10009ddc                __sinit
 .text.__sfp_lock_acquire
                0x10009ee8        0xc d:/msdk/tools/gnutools/10.3/bin/../lib/gcc/arm-none-eabi/10.3.1/../../../../arm-none-eabi/lib/thumb/v7e-m+fp/softfp\libc.a(lib_a-findfp.o)
                0x10009ee8                __sfp_lock_acquire
 .text.__sfp_lock_release
                0x10009ef4        0xc d:/msdk/tools/gnutools/10.3/bin/../lib/gcc/arm-none-eabi/10.3.1/../../../../arm-none-eabi/lib/thumb/v7e-m+fp/softfp\libc.a(lib_a-findfp.o)
                0x10009ef4                __sfp_lock_release
 .text.__libc_fini_array
                0x10009f00       0x2c d:/msdk/tools/gnutools/10.3/bin/../lib/gcc/arm-none-eabi/10.3.1/../../../../arm-none-eabi/lib/thumb/v7e-m+fp/softfp\libc.a(lib_a-fini.o)
                0x10009f00                __libc_fini_array
 .text._malloc_trim_r
                0x10009f2c       0xa0 d:/msdk/tools/gnutools/10.3/bin/../lib/gcc/arm-none-eabi/10.3.1/../../../../arm-none-eabi/lib/thumb/v7e-m+fp/softfp\libc.a(lib_a-freer.o)
                0x10009f2c                _malloc_trim_r
 .text._free_r  0x10009fcc      0x20c d:/msdk/tools/gnutools/10.3/bin/../lib/gcc/arm-none-eabi/10.3.1/../../../../arm-none-eabi/lib/thumb/v7e-m+fp/softfp\libc.a(lib_a-freer.o)
                0x10009fcc                _free_r
 .text.__sfvwrite_r
                0x1000a1d8      0x2f0 d:/msdk/tools/gnutools/10.3/bin/../lib/gcc/arm-none-eabi/10.3.1/../../../../arm-none-eabi/lib/thumb/v7e-m+fp/softfp\libc.a(lib_a-fvwrite.o)
                0x1000a1d8                __sfvwrite_r
 .text._fwalk_reent
                0x1000a4c8       0x48 d:/msdk/tools/gnutools/10.3/bin/../lib/gcc/arm-none-eabi/10.3.1/../../../../arm-none-eabi/lib/thumb/v7e-m+fp/softfp\libc.a(lib_a-fwalk.o)
                0x1000a4c8                _fwalk_reent
 .text._localeconv_r
                0x1000a510        0x8 d:/msdk/tools/gnutools/10.3/bin/../lib/gcc/arm-none-eabi/10.3.1/../../../../arm-none-eabi/lib/thumb/v7e-m+fp/softfp\libc.a(lib_a-localeconv.o)
                0x1000a510                _localeconv_r
 .text.__retarget_lock_init_recursive
                0x1000a518        0x4 d:/msdk/tools/gnutools/10.3/bin/../lib/gcc/arm-none-eabi/10.3.1/../../../../arm-none-eabi/lib/thumb/v7e-m+fp/softfp\libc.a(lib_a-lock.o)
                0x1000a518                __retarget_lock_init_recursive
 .text.__retarget_lock_close_recursive
                0x1000a51c        0x4 d:/msdk/tools/gnutools/10.3/bin/../lib/gcc/arm-none-eabi/10.3.1/../../../../arm-none-eabi/lib/thumb/v7e-m+fp/softfp\libc.a(lib_a-lock.o)
                0x1000a51c                __retarget_lock_close_recursive
 .text.__retarget_lock_acquire_recursive
                0x1000a520        0x4 d:/msdk/tools/gnutools/10.3/bin/../lib/gcc/arm-none-eabi/10.3.1/../../../../arm-none-eabi/lib/thumb/v7e-m+fp/softfp\libc.a(lib_a-lock.o)
                0x1000a520                __retarget_lock_acquire_recursive
 .text.__retarget_lock_release_recursive
                0x1000a524        0x4 d:/msdk/tools/gnutools/10.3/bin/../lib/gcc/arm-none-eabi/10.3.1/../../../../arm-none-eabi/lib/thumb/v7e-m+fp/softfp\libc.a(lib_a-lock.o)
                0x1000a524                __retarget_lock_release_recursive
 .text.__smakebuf_r
                0x1000a528       0xe0 d:/msdk/tools/gnutools/10.3/bin/../lib/gcc/arm-none-eabi/10.3.1/../../../../arm-none-eabi/lib/thumb/v7e-m+fp/softfp\libc.a(lib_a-makebuf.o)
                0x1000a528                __smakebuf_r
 *fill*         0x1000a608        0x8 
 .text          0x1000a610       0xa0 d:/msdk/tools/gnutools/10.3/bin/../lib/gcc/arm-none-eabi/10.3.1/../../../../arm-none-eabi/lib/thumb/v7e-m+fp/softfp\libc.a(lib_a-memchr.o)
                0x1000a610                memchr
 .text.memmove  0x1000a6b0       0xf8 d:/msdk/tools/gnutools/10.3/bin/../lib/gcc/arm-none-eabi/10.3.1/../../../../arm-none-eabi/lib/thumb/v7e-m+fp/softfp\libc.a(lib_a-memmove.o)
                0x1000a6b0                memmove
 .text._Balloc  0x1000a7a8       0x4c d:/msdk/tools/gnutools/10.3/bin/../lib/gcc/arm-none-eabi/10.3.1/../../../../arm-none-eabi/lib/thumb/v7e-m+fp/softfp\libc.a(lib_a-mprec.o)
                0x1000a7a8                _Balloc
 .text._Bfree   0x1000a7f4       0x14 d:/msdk/tools/gnutools/10.3/bin/../lib/gcc/arm-none-eabi/10.3.1/../../../../arm-none-eabi/lib/thumb/v7e-m+fp/softfp\libc.a(lib_a-mprec.o)
                0x1000a7f4                _Bfree
 .text.__multadd
                0x1000a808       0xa8 d:/msdk/tools/gnutools/10.3/bin/../lib/gcc/arm-none-eabi/10.3.1/../../../../arm-none-eabi/lib/thumb/v7e-m+fp/softfp\libc.a(lib_a-mprec.o)
                0x1000a808                __multadd
 .text.__hi0bits
                0x1000a8b0       0x40 d:/msdk/tools/gnutools/10.3/bin/../lib/gcc/arm-none-eabi/10.3.1/../../../../arm-none-eabi/lib/thumb/v7e-m+fp/softfp\libc.a(lib_a-mprec.o)
                0x1000a8b0                __hi0bits
 .text.__lo0bits
                0x1000a8f0       0x60 d:/msdk/tools/gnutools/10.3/bin/../lib/gcc/arm-none-eabi/10.3.1/../../../../arm-none-eabi/lib/thumb/v7e-m+fp/softfp\libc.a(lib_a-mprec.o)
                0x1000a8f0                __lo0bits
 .text.__i2b    0x1000a950       0x5c d:/msdk/tools/gnutools/10.3/bin/../lib/gcc/arm-none-eabi/10.3.1/../../../../arm-none-eabi/lib/thumb/v7e-m+fp/softfp\libc.a(lib_a-mprec.o)
                0x1000a950                __i2b
 .text.__multiply
                0x1000a9ac      0x15c d:/msdk/tools/gnutools/10.3/bin/../lib/gcc/arm-none-eabi/10.3.1/../../../../arm-none-eabi/lib/thumb/v7e-m+fp/softfp\libc.a(lib_a-mprec.o)
                0x1000a9ac                __multiply
 .text.__pow5mult
                0x1000ab08       0xc0 d:/msdk/tools/gnutools/10.3/bin/../lib/gcc/arm-none-eabi/10.3.1/../../../../arm-none-eabi/lib/thumb/v7e-m+fp/softfp\libc.a(lib_a-mprec.o)
                0x1000ab08                __pow5mult
 .text.__lshift
                0x1000abc8       0xf0 d:/msdk/tools/gnutools/10.3/bin/../lib/gcc/arm-none-eabi/10.3.1/../../../../arm-none-eabi/lib/thumb/v7e-m+fp/softfp\libc.a(lib_a-mprec.o)
                0x1000abc8                __lshift
 .text.__mcmp   0x1000acb8       0x44 d:/msdk/tools/gnutools/10.3/bin/../lib/gcc/arm-none-eabi/10.3.1/../../../../arm-none-eabi/lib/thumb/v7e-m+fp/softfp\libc.a(lib_a-mprec.o)
                0x1000acb8                __mcmp
 .text.__mdiff  0x1000acfc      0x14c d:/msdk/tools/gnutools/10.3/bin/../lib/gcc/arm-none-eabi/10.3.1/../../../../arm-none-eabi/lib/thumb/v7e-m+fp/softfp\libc.a(lib_a-mprec.o)
                0x1000acfc                __mdiff
 .text.__d2b    0x1000ae48       0xc4 d:/msdk/tools/gnutools/10.3/bin/../lib/gcc/arm-none-eabi/10.3.1/../../../../arm-none-eabi/lib/thumb/v7e-m+fp/softfp\libc.a(lib_a-mprec.o)
                0x1000ae48                __d2b
 .text._putc_r  0x1000af0c       0x74 d:/msdk/tools/gnutools/10.3/bin/../lib/gcc/arm-none-eabi/10.3.1/../../../../arm-none-eabi/lib/thumb/v7e-m+fp/softfp\libc.a(lib_a-putc.o)
                0x1000af0c                _putc_r
 .text._realloc_r
                0x1000af80      0x3d8 d:/msdk/tools/gnutools/10.3/bin/../lib/gcc/arm-none-eabi/10.3.1/../../../../arm-none-eabi/lib/thumb/v7e-m+fp/softfp\libc.a(lib_a-reallocr.o)
                0x1000af80                _realloc_r
 .text.frexp    0x1000b358       0x70 d:/msdk/tools/gnutools/10.3/bin/../lib/gcc/arm-none-eabi/10.3.1/../../../../arm-none-eabi/lib/thumb/v7e-m+fp/softfp\libc.a(lib_a-s_frexp.o)
                0x1000b358                frexp
 .text.__sread  0x1000b3c8       0x24 d:/msdk/tools/gnutools/10.3/bin/../lib/gcc/arm-none-eabi/10.3.1/../../../../arm-none-eabi/lib/thumb/v7e-m+fp/softfp\libc.a(lib_a-stdio.o)
                0x1000b3c8                __sread
 .text.__swrite
                0x1000b3ec       0x40 d:/msdk/tools/gnutools/10.3/bin/../lib/gcc/arm-none-eabi/10.3.1/../../../../arm-none-eabi/lib/thumb/v7e-m+fp/softfp\libc.a(lib_a-stdio.o)
                0x1000b3ec                __swrite
 .text.__sseek  0x1000b42c       0x20 d:/msdk/tools/gnutools/10.3/bin/../lib/gcc/arm-none-eabi/10.3.1/../../../../arm-none-eabi/lib/thumb/v7e-m+fp/softfp\libc.a(lib_a-stdio.o)
                0x1000b42c                __sseek
 .text.__sclose
                0x1000b44c        0x8 d:/msdk/tools/gnutools/10.3/bin/../lib/gcc/arm-none-eabi/10.3.1/../../../../arm-none-eabi/lib/thumb/v7e-m+fp/softfp\libc.a(lib_a-stdio.o)
                0x1000b44c                __sclose
 .text.strncpy  0x1000b454       0x64 d:/msdk/tools/gnutools/10.3/bin/../lib/gcc/arm-none-eabi/10.3.1/../../../../arm-none-eabi/lib/thumb/v7e-m+fp/softfp\libc.a(lib_a-strncpy.o)
                0x1000b454                strncpy
 .text.__ssprint_r
                0x1000b4b8       0xf8 d:/msdk/tools/gnutools/10.3/bin/../lib/gcc/arm-none-eabi/10.3.1/../../../../arm-none-eabi/lib/thumb/v7e-m+fp/softfp\libc.a(lib_a-svfiprintf.o)
                0x1000b4b8                __ssprint_r
 .text.__sprint_r.part.0
                0x1000b5b0       0x78 d:/msdk/tools/gnutools/10.3/bin/../lib/gcc/arm-none-eabi/10.3.1/../../../../arm-none-eabi/lib/thumb/v7e-m+fp/softfp\libc.a(lib_a-vfiprintf.o)
 .text.__sprint_r
                0x1000b628       0x18 d:/msdk/tools/gnutools/10.3/bin/../lib/gcc/arm-none-eabi/10.3.1/../../../../arm-none-eabi/lib/thumb/v7e-m+fp/softfp\libc.a(lib_a-vfiprintf.o)
                0x1000b628                __sprint_r
 .text._vfiprintf_r
                0x1000b640      0xdfc d:/msdk/tools/gnutools/10.3/bin/../lib/gcc/arm-none-eabi/10.3.1/../../../../arm-none-eabi/lib/thumb/v7e-m+fp/softfp\libc.a(lib_a-vfiprintf.o)
                0x1000b640                _vfiprintf_r
 .text.__sbprintf
                0x1000c43c       0x80 d:/msdk/tools/gnutools/10.3/bin/../lib/gcc/arm-none-eabi/10.3.1/../../../../arm-none-eabi/lib/thumb/v7e-m+fp/softfp\libc.a(lib_a-vfiprintf.o)
 .text.__swbuf_r
                0x1000c4bc       0xb0 d:/msdk/tools/gnutools/10.3/bin/../lib/gcc/arm-none-eabi/10.3.1/../../../../arm-none-eabi/lib/thumb/v7e-m+fp/softfp\libc.a(lib_a-wbuf.o)
                0x1000c4bc                __swbuf_r
 .text._write_r
                0x1000c56c       0x2c d:/msdk/tools/gnutools/10.3/bin/../lib/gcc/arm-none-eabi/10.3.1/../../../../arm-none-eabi/lib/thumb/v7e-m+fp/softfp\libc.a(lib_a-writer.o)
                0x1000c56c                _write_r
 .text.__register_exitproc
                0x1000c598       0x8c d:/msdk/tools/gnutools/10.3/bin/../lib/gcc/arm-none-eabi/10.3.1/../../../../arm-none-eabi/lib/thumb/v7e-m+fp/softfp\libc.a(lib_a-__atexit.o)
                0x1000c598                __register_exitproc
 .text.__assert_func
                0x1000c624       0x40 d:/msdk/tools/gnutools/10.3/bin/../lib/gcc/arm-none-eabi/10.3.1/../../../../arm-none-eabi/lib/thumb/v7e-m+fp/softfp\libc.a(lib_a-assert.o)
                0x1000c624                __assert_func
 .text._calloc_r
                0x1000c664       0x78 d:/msdk/tools/gnutools/10.3/bin/../lib/gcc/arm-none-eabi/10.3.1/../../../../arm-none-eabi/lib/thumb/v7e-m+fp/softfp\libc.a(lib_a-callocr.o)
                0x1000c664                _calloc_r
 .text._close_r
                0x1000c6dc       0x24 d:/msdk/tools/gnutools/10.3/bin/../lib/gcc/arm-none-eabi/10.3.1/../../../../arm-none-eabi/lib/thumb/v7e-m+fp/softfp\libc.a(lib_a-closer.o)
                0x1000c6dc                _close_r
 .text._fclose_r
                0x1000c700       0xcc d:/msdk/tools/gnutools/10.3/bin/../lib/gcc/arm-none-eabi/10.3.1/../../../../arm-none-eabi/lib/thumb/v7e-m+fp/softfp\libc.a(lib_a-fclose.o)
                0x1000c700                _fclose_r
 .text.fiprintf
                0x1000c7cc       0x28 d:/msdk/tools/gnutools/10.3/bin/../lib/gcc/arm-none-eabi/10.3.1/../../../../arm-none-eabi/lib/thumb/v7e-m+fp/softfp\libc.a(lib_a-fiprintf.o)
                0x1000c7cc                fiprintf
 .text.__fputwc
                0x1000c7f4       0xa8 d:/msdk/tools/gnutools/10.3/bin/../lib/gcc/arm-none-eabi/10.3.1/../../../../arm-none-eabi/lib/thumb/v7e-m+fp/softfp\libc.a(lib_a-fputwc.o)
                0x1000c7f4                __fputwc
 .text._fputwc_r
                0x1000c89c       0x68 d:/msdk/tools/gnutools/10.3/bin/../lib/gcc/arm-none-eabi/10.3.1/../../../../arm-none-eabi/lib/thumb/v7e-m+fp/softfp\libc.a(lib_a-fputwc.o)
                0x1000c89c                _fputwc_r
 .text._fstat_r
                0x1000c904       0x2c d:/msdk/tools/gnutools/10.3/bin/../lib/gcc/arm-none-eabi/10.3.1/../../../../arm-none-eabi/lib/thumb/v7e-m+fp/softfp\libc.a(lib_a-fstatr.o)
                0x1000c904                _fstat_r
 .text._isatty_r
                0x1000c930       0x24 d:/msdk/tools/gnutools/10.3/bin/../lib/gcc/arm-none-eabi/10.3.1/../../../../arm-none-eabi/lib/thumb/v7e-m+fp/softfp\libc.a(lib_a-isattyr.o)
                0x1000c930                _isatty_r
 .text.__locale_mb_cur_max
                0x1000c954        0xc d:/msdk/tools/gnutools/10.3/bin/../lib/gcc/arm-none-eabi/10.3.1/../../../../arm-none-eabi/lib/thumb/v7e-m+fp/softfp\libc.a(lib_a-locale.o)
                0x1000c954                __locale_mb_cur_max
 .text._lseek_r
                0x1000c960       0x2c d:/msdk/tools/gnutools/10.3/bin/../lib/gcc/arm-none-eabi/10.3.1/../../../../arm-none-eabi/lib/thumb/v7e-m+fp/softfp\libc.a(lib_a-lseekr.o)
                0x1000c960                _lseek_r
 .text.__ascii_mbtowc
                0x1000c98c       0x2c d:/msdk/tools/gnutools/10.3/bin/../lib/gcc/arm-none-eabi/10.3.1/../../../../arm-none-eabi/lib/thumb/v7e-m+fp/softfp\libc.a(lib_a-mbtowc_r.o)
                0x1000c98c                __ascii_mbtowc
 .text._read_r  0x1000c9b8       0x2c d:/msdk/tools/gnutools/10.3/bin/../lib/gcc/arm-none-eabi/10.3.1/../../../../arm-none-eabi/lib/thumb/v7e-m+fp/softfp\libc.a(lib_a-readr.o)
                0x1000c9b8                _read_r
 .text._wcrtomb_r
                0x1000c9e4       0x3c d:/msdk/tools/gnutools/10.3/bin/../lib/gcc/arm-none-eabi/10.3.1/../../../../arm-none-eabi/lib/thumb/v7e-m+fp/softfp\libc.a(lib_a-wcrtomb.o)
                0x1000c9e4                _wcrtomb_r
 .text.__ascii_wctomb
                0x1000ca20       0x1c d:/msdk/tools/gnutools/10.3/bin/../lib/gcc/arm-none-eabi/10.3.1/../../../../arm-none-eabi/lib/thumb/v7e-m+fp/softfp\libc.a(lib_a-wctomb_r.o)
                0x1000ca20                __ascii_wctomb
 .text.abort    0x1000ca3c       0x10 d:/msdk/tools/gnutools/10.3/bin/../lib/gcc/arm-none-eabi/10.3.1/../../../../arm-none-eabi/lib/thumb/v7e-m+fp/softfp\libc.a(lib_a-abort.o)
                0x1000ca3c                abort
 .text.raise    0x1000ca4c       0x5c d:/msdk/tools/gnutools/10.3/bin/../lib/gcc/arm-none-eabi/10.3.1/../../../../arm-none-eabi/lib/thumb/v7e-m+fp/softfp\libc.a(lib_a-signal.o)
                0x1000ca4c                raise
 .text._kill_r  0x1000caa8       0x2c d:/msdk/tools/gnutools/10.3/bin/../lib/gcc/arm-none-eabi/10.3.1/../../../../arm-none-eabi/lib/thumb/v7e-m+fp/softfp\libc.a(lib_a-signalr.o)
                0x1000caa8                _kill_r
 .text._getpid_r
                0x1000cad4        0x4 d:/msdk/tools/gnutools/10.3/bin/../lib/gcc/arm-none-eabi/10.3.1/../../../../arm-none-eabi/lib/thumb/v7e-m+fp/softfp\libc.a(lib_a-signalr.o)
                0x1000cad4                _getpid_r
 .text._exit    0x1000cad8        0x4 d:/msdk/tools/gnutools/10.3/bin/../lib/gcc/arm-none-eabi/10.3.1/../../../../arm-none-eabi/lib/thumb/v7e-m+fp/softfp\libnosys.a(_exit.o)
                0x1000cad8                _exit
 .text          0x1000cadc      0x378 d:/msdk/tools/gnutools/10.3/bin/../lib/gcc/arm-none-eabi/10.3.1/thumb/v7e-m+fp/softfp\libgcc.a(_arm_addsubdf3.o)
                0x1000cadc                __aeabi_drsub
                0x1000cae4                __aeabi_dsub
                0x1000cae4                __subdf3
                0x1000cae8                __aeabi_dadd
                0x1000cae8                __adddf3
                0x1000cd60                __floatunsidf
                0x1000cd60                __aeabi_ui2d
                0x1000cd80                __floatsidf
                0x1000cd80                __aeabi_i2d
                0x1000cda4                __aeabi_f2d
                0x1000cda4                __extendsfdf2
                0x1000cde8                __floatundidf
                0x1000cde8                __aeabi_ul2d
                0x1000cdf8                __floatdidf
                0x1000cdf8                __aeabi_l2d
 .text          0x1000ce54      0x424 d:/msdk/tools/gnutools/10.3/bin/../lib/gcc/arm-none-eabi/10.3.1/thumb/v7e-m+fp/softfp\libgcc.a(_arm_muldivdf3.o)
                0x1000ce54                __aeabi_dmul
                0x1000ce54                __muldf3
                0x1000d0a8                __divdf3
                0x1000d0a8                __aeabi_ddiv
 .text          0x1000d278      0x110 d:/msdk/tools/gnutools/10.3/bin/../lib/gcc/arm-none-eabi/10.3.1/thumb/v7e-m+fp/softfp\libgcc.a(_arm_cmpdf2.o)
                0x1000d278                __gtdf2
                0x1000d278                __gedf2
                0x1000d280                __ltdf2
                0x1000d280                __ledf2
                0x1000d288                __nedf2
                0x1000d288                __eqdf2
                0x1000d288                __cmpdf2
                0x1000d304                __aeabi_cdrcmple
                0x1000d314                __aeabi_cdcmpeq
                0x1000d314                __aeabi_cdcmple
                0x1000d324                __aeabi_dcmpeq
                0x1000d338                __aeabi_dcmplt
                0x1000d34c                __aeabi_dcmple
                0x1000d360                __aeabi_dcmpge
                0x1000d374                __aeabi_dcmpgt
 .text          0x1000d388       0x2c d:/msdk/tools/gnutools/10.3/bin/../lib/gcc/arm-none-eabi/10.3.1/thumb/v7e-m+fp/softfp\libgcc.a(_arm_unorddf2.o)
                0x1000d388                __unorddf2
                0x1000d388                __aeabi_dcmpun
 .text          0x1000d3b4       0x50 d:/msdk/tools/gnutools/10.3/bin/../lib/gcc/arm-none-eabi/10.3.1/thumb/v7e-m+fp/softfp\libgcc.a(_arm_fixdfsi.o)
                0x1000d3b4                __aeabi_d2iz
                0x1000d3b4                __fixdfsi
 .text          0x1000d404       0xa0 d:/msdk/tools/gnutools/10.3/bin/../lib/gcc/arm-none-eabi/10.3.1/thumb/v7e-m+fp/softfp\libgcc.a(_aeabi_ldivmod.o)
                0x1000d404                __aeabi_ldivmod
 .text          0x1000d4a4       0x30 d:/msdk/tools/gnutools/10.3/bin/../lib/gcc/arm-none-eabi/10.3.1/thumb/v7e-m+fp/softfp\libgcc.a(_aeabi_uldivmod.o)
                0x1000d4a4                __aeabi_uldivmod
 .text          0x1000d4d4      0x2d0 d:/msdk/tools/gnutools/10.3/bin/../lib/gcc/arm-none-eabi/10.3.1/thumb/v7e-m+fp/softfp\libgcc.a(_udivmoddi4.o)
                0x1000d4d4                __udivmoddi4
 .text          0x1000d7a4        0x4 d:/msdk/tools/gnutools/10.3/bin/../lib/gcc/arm-none-eabi/10.3.1/thumb/v7e-m+fp/softfp\libgcc.a(_dvmd_tls.o)
                0x1000d7a4                __aeabi_idiv0
                0x1000d7a4                __aeabi_ldiv0
 *(.rodata*)
 .rodata.bias_0
                0x1000d7a8       0xd4 d:/ai85-funnyimagenet/build/cnn.o
 .rodata.bias_1
                0x1000d87c       0xc1 d:/ai85-funnyimagenet/build/cnn.o
 *fill*         0x1000d93d        0x3 
 .rodata.bias_2
                0x1000d940       0xe0 d:/ai85-funnyimagenet/build/cnn.o
 .rodata.bias_3
                0x1000da20       0xe0 d:/ai85-funnyimagenet/build/cnn.o
 .rodata.kernels
                0x1000db00    0x4fcc4 d:/ai85-funnyimagenet/build/cnn.o
 .rodata.print_image.str1.4
                0x1005d7c4       0x17 d:/ai85-funnyimagenet/build/main.o
 *fill*         0x1005d7db        0x1 
 .rodata.main.str1.4
                0x1005d7dc      0x16c d:/ai85-funnyimagenet/build/main.o
 .rodata.mxc_assert.str1.4
                0x1005d948       0x19 d:/ai85-funnyimagenet/build/board.o
 *fill*         0x1005d961        0x3 
 .rodata.Board_Init.str1.4
                0x1005d964       0x41 d:/ai85-funnyimagenet/build/board.o
 *fill*         0x1005d9a5        0x3 
 .rodata.led_pin
                0x1005d9a8       0x24 d:/ai85-funnyimagenet/build/board.o
                0x1005d9a8                led_pin
 .rodata.num_leds
                0x1005d9cc        0x4 d:/ai85-funnyimagenet/build/board.o
                0x1005d9cc                num_leds
 .rodata.num_pbs
                0x1005d9d0        0x4 d:/ai85-funnyimagenet/build/board.o
                0x1005d9d0                num_pbs
 .rodata.pb_pin
                0x1005d9d4       0x18 d:/ai85-funnyimagenet/build/board.o
                0x1005d9d4                pb_pin
 .rodata.LED_On.str1.4
                0x1005d9ec       0x37 d:/ai85-funnyimagenet/build/led.o
 *fill*         0x1005da23        0x1 
 .rodata.camera_setup.str1.4
                0x1005da24       0x1b d:/ai85-funnyimagenet/build/camera.o
 *fill*         0x1005da3f        0x1 
 .rodata.dump_registers.str1.4
                0x1005da40       0x12 d:/ai85-funnyimagenet/build/ov7692.o
 *fill*         0x1005da52        0x2 
 .rodata.default_regs
                0x1005da54       0x5e d:/ai85-funnyimagenet/build/ov7692.o
 *fill*         0x1005dab2        0x2 
 .rodata.gpio_cfg_scl
                0x1005dab4        0xc d:/ai85-funnyimagenet/build/sccb.o
 .rodata.gpio_cfg_sda
                0x1005dac0        0xc d:/ai85-funnyimagenet/build/sccb.o
 .rodata.gpio_cfg_extclk
                0x1005dacc        0xc D:/MSDK/Libraries/PeriphDrivers/bin/MAX78000/spi-v1_softfp/libPeriphDriver_spi-v1_softfp.a(pins_ai85.o)
                0x1005dacc                gpio_cfg_extclk
 .rodata.gpio_cfg_i2c0
                0x1005dad8        0xc D:/MSDK/Libraries/PeriphDrivers/bin/MAX78000/spi-v1_softfp/libPeriphDriver_spi-v1_softfp.a(pins_ai85.o)
                0x1005dad8                gpio_cfg_i2c0
 .rodata.gpio_cfg_i2c1
                0x1005dae4        0xc D:/MSDK/Libraries/PeriphDrivers/bin/MAX78000/spi-v1_softfp/libPeriphDriver_spi-v1_softfp.a(pins_ai85.o)
                0x1005dae4                gpio_cfg_i2c1
 .rodata.gpio_cfg_i2c2
                0x1005daf0        0xc D:/MSDK/Libraries/PeriphDrivers/bin/MAX78000/spi-v1_softfp/libPeriphDriver_spi-v1_softfp.a(pins_ai85.o)
                0x1005daf0                gpio_cfg_i2c2
 .rodata.gpio_cfg_pcif_P0_BITS_0_7
                0x1005dafc        0xc D:/MSDK/Libraries/PeriphDrivers/bin/MAX78000/spi-v1_softfp/libPeriphDriver_spi-v1_softfp.a(pins_ai85.o)
                0x1005dafc                gpio_cfg_pcif_P0_BITS_0_7
 .rodata.gpio_cfg_pcif_P0_BITS_8_9
                0x1005db08        0xc D:/MSDK/Libraries/PeriphDrivers/bin/MAX78000/spi-v1_softfp/libPeriphDriver_spi-v1_softfp.a(pins_ai85.o)
                0x1005db08                gpio_cfg_pcif_P0_BITS_8_9
 .rodata.gpio_cfg_pcif_P1_BITS_10_11
                0x1005db14        0xc D:/MSDK/Libraries/PeriphDrivers/bin/MAX78000/spi-v1_softfp/libPeriphDriver_spi-v1_softfp.a(pins_ai85.o)
                0x1005db14                gpio_cfg_pcif_P1_BITS_10_11
 .rodata.gpio_cfg_pcif_hsync
                0x1005db20        0xc D:/MSDK/Libraries/PeriphDrivers/bin/MAX78000/spi-v1_softfp/libPeriphDriver_spi-v1_softfp.a(pins_ai85.o)
                0x1005db20                gpio_cfg_pcif_hsync
 .rodata.gpio_cfg_pcif_vsync
                0x1005db2c        0xc D:/MSDK/Libraries/PeriphDrivers/bin/MAX78000/spi-v1_softfp/libPeriphDriver_spi-v1_softfp.a(pins_ai85.o)
                0x1005db2c                gpio_cfg_pcif_vsync
 .rodata.gpio_cfg_pcif_xclk
                0x1005db38        0xc D:/MSDK/Libraries/PeriphDrivers/bin/MAX78000/spi-v1_softfp/libPeriphDriver_spi-v1_softfp.a(pins_ai85.o)
                0x1005db38                gpio_cfg_pcif_xclk
 .rodata.gpio_cfg_pt0
                0x1005db44        0xc D:/MSDK/Libraries/PeriphDrivers/bin/MAX78000/spi-v1_softfp/libPeriphDriver_spi-v1_softfp.a(pins_ai85.o)
                0x1005db44                gpio_cfg_pt0
 .rodata.gpio_cfg_pt1
                0x1005db50        0xc D:/MSDK/Libraries/PeriphDrivers/bin/MAX78000/spi-v1_softfp/libPeriphDriver_spi-v1_softfp.a(pins_ai85.o)
                0x1005db50                gpio_cfg_pt1
 .rodata.gpio_cfg_pt2
                0x1005db5c        0xc D:/MSDK/Libraries/PeriphDrivers/bin/MAX78000/spi-v1_softfp/libPeriphDriver_spi-v1_softfp.a(pins_ai85.o)
                0x1005db5c                gpio_cfg_pt2
 .rodata.gpio_cfg_pt3
                0x1005db68        0xc D:/MSDK/Libraries/PeriphDrivers/bin/MAX78000/spi-v1_softfp/libPeriphDriver_spi-v1_softfp.a(pins_ai85.o)
                0x1005db68                gpio_cfg_pt3
 .rodata.gpio_cfg_uart0
                0x1005db74        0xc D:/MSDK/Libraries/PeriphDrivers/bin/MAX78000/spi-v1_softfp/libPeriphDriver_spi-v1_softfp.a(pins_ai85.o)
                0x1005db74                gpio_cfg_uart0
 .rodata.gpio_cfg_uart1
                0x1005db80        0xc D:/MSDK/Libraries/PeriphDrivers/bin/MAX78000/spi-v1_softfp/libPeriphDriver_spi-v1_softfp.a(pins_ai85.o)
                0x1005db80                gpio_cfg_uart1
 .rodata.gpio_cfg_uart2
                0x1005db8c        0xc D:/MSDK/Libraries/PeriphDrivers/bin/MAX78000/spi-v1_softfp/libPeriphDriver_spi-v1_softfp.a(pins_ai85.o)
                0x1005db8c                gpio_cfg_uart2
 .rodata.gpio_cfg_uart3
                0x1005db98        0xc D:/MSDK/Libraries/PeriphDrivers/bin/MAX78000/spi-v1_softfp/libPeriphDriver_spi-v1_softfp.a(pins_ai85.o)
                0x1005db98                gpio_cfg_uart3
 .rodata.MXC_DMA_RevA_Init.str1.4
                0x1005dba4       0x4d D:/MSDK/Libraries/PeriphDrivers/bin/MAX78000/spi-v1_softfp/libPeriphDriver_spi-v1_softfp.a(dma_reva.o)
 *fill*         0x1005dbf1        0x3 
 .rodata.MXC_PT_Init.str1.4
                0x1005dbf4       0x51 D:/MSDK/Libraries/PeriphDrivers/bin/MAX78000/spi-v1_softfp/libPeriphDriver_spi-v1_softfp.a(pt_ai85.o)
 *fill*         0x1005dc45        0x3 
 .rodata.MXC_PT_RevA_Config.str1.4
                0x1005dc48       0x4d D:/MSDK/Libraries/PeriphDrivers/bin/MAX78000/spi-v1_softfp/libPeriphDriver_spi-v1_softfp.a(pt_reva.o)
 *fill*         0x1005dc95        0x3 
 .rodata.MXC_UART_RevB_Init.str1.4
                0x1005dc98       0x73 D:/MSDK/Libraries/PeriphDrivers/bin/MAX78000/spi-v1_softfp/libPeriphDriver_spi-v1_softfp.a(uart_revb.o)
 *fill*         0x1005dd0b        0x1 
 .rodata.MXC_UART_RevB_SetClockSource.str1.4
                0x1005dd0c       0x27 D:/MSDK/Libraries/PeriphDrivers/bin/MAX78000/spi-v1_softfp/libPeriphDriver_spi-v1_softfp.a(uart_revb.o)
 *fill*         0x1005dd33        0x1 
 .rodata.MXC_GPIO_Common_Handler.str1.4
                0x1005dd34       0x62 D:/MSDK/Libraries/PeriphDrivers/bin/MAX78000/spi-v1_softfp/libPeriphDriver_spi-v1_softfp.a(gpio_common.o)
 *fill*         0x1005dd96        0x2 
 .rodata._global_impure_ptr
                0x1005dd98        0x4 d:/msdk/tools/gnutools/10.3/bin/../lib/gcc/arm-none-eabi/10.3.1/../../../../arm-none-eabi/lib/thumb/v7e-m+fp/softfp\libc.a(lib_a-impure.o)
                0x1005dd98                _global_impure_ptr
 .rodata._puts_r.str1.4
                0x1005dd9c       0x62 d:/msdk/tools/gnutools/10.3/bin/../lib/gcc/arm-none-eabi/10.3.1/../../../../arm-none-eabi/lib/thumb/v7e-m+fp/softfp\libc.a(lib_a-puts.o)
                                  0x2 (size before relaxing)
 .rodata._svfprintf_r.str1.4
                0x1005dd9c       0x42 d:/msdk/tools/gnutools/10.3/bin/../lib/gcc/arm-none-eabi/10.3.1/../../../../arm-none-eabi/lib/thumb/v7e-m+fp/softfp\libc.a(lib_a-svfprintf.o)
 *fill*         0x1005ddde        0x2 
 .rodata.blanks.1
                0x1005dde0       0x10 d:/msdk/tools/gnutools/10.3/bin/../lib/gcc/arm-none-eabi/10.3.1/../../../../arm-none-eabi/lib/thumb/v7e-m+fp/softfp\libc.a(lib_a-svfprintf.o)
 .rodata.zeroes.0
                0x1005ddf0       0x10 d:/msdk/tools/gnutools/10.3/bin/../lib/gcc/arm-none-eabi/10.3.1/../../../../arm-none-eabi/lib/thumb/v7e-m+fp/softfp\libc.a(lib_a-svfprintf.o)
 .rodata._vfprintf_r.str1.4
                0x1005de00       0x42 d:/msdk/tools/gnutools/10.3/bin/../lib/gcc/arm-none-eabi/10.3.1/../../../../arm-none-eabi/lib/thumb/v7e-m+fp/softfp\libc.a(lib_a-vfprintf.o)
 .rodata.blanks.1
                0x1005de00       0x10 d:/msdk/tools/gnutools/10.3/bin/../lib/gcc/arm-none-eabi/10.3.1/../../../../arm-none-eabi/lib/thumb/v7e-m+fp/softfp\libc.a(lib_a-vfprintf.o)
 .rodata.zeroes.0
                0x1005de10       0x10 d:/msdk/tools/gnutools/10.3/bin/../lib/gcc/arm-none-eabi/10.3.1/../../../../arm-none-eabi/lib/thumb/v7e-m+fp/softfp\libc.a(lib_a-vfprintf.o)
 .rodata._dtoa_r.str1.4
                0x1005de20       0xa2 d:/msdk/tools/gnutools/10.3/bin/../lib/gcc/arm-none-eabi/10.3.1/../../../../arm-none-eabi/lib/thumb/v7e-m+fp/softfp\libc.a(lib_a-dtoa.o)
                                 0xa6 (size before relaxing)
 *fill*         0x1005dec2        0x2 
 .rodata.__multadd.str1.4
                0x1005dec4       0x7f d:/msdk/tools/gnutools/10.3/bin/../lib/gcc/arm-none-eabi/10.3.1/../../../../arm-none-eabi/lib/thumb/v7e-m+fp/softfp\libc.a(lib_a-mprec.o)
                                 0x93 (size before relaxing)
 *fill*         0x1005df43        0x5 
 .rodata.__mprec_bigtens
                0x1005df48       0x28 d:/msdk/tools/gnutools/10.3/bin/../lib/gcc/arm-none-eabi/10.3.1/../../../../arm-none-eabi/lib/thumb/v7e-m+fp/softfp\libc.a(lib_a-mprec.o)
                0x1005df48                __mprec_bigtens
 .rodata.__mprec_tens
                0x1005df70       0xc8 d:/msdk/tools/gnutools/10.3/bin/../lib/gcc/arm-none-eabi/10.3.1/../../../../arm-none-eabi/lib/thumb/v7e-m+fp/softfp\libc.a(lib_a-mprec.o)
                0x1005df70                __mprec_tens
 .rodata.p05.0  0x1005e038        0xc d:/msdk/tools/gnutools/10.3/bin/../lib/gcc/arm-none-eabi/10.3.1/../../../../arm-none-eabi/lib/thumb/v7e-m+fp/softfp\libc.a(lib_a-mprec.o)
 .rodata._vfiprintf_r.str1.4
                0x1005e044       0x2f d:/msdk/tools/gnutools/10.3/bin/../lib/gcc/arm-none-eabi/10.3.1/../../../../arm-none-eabi/lib/thumb/v7e-m+fp/softfp\libc.a(lib_a-vfiprintf.o)
 .rodata.blanks.1
                0x1005e044       0x10 d:/msdk/tools/gnutools/10.3/bin/../lib/gcc/arm-none-eabi/10.3.1/../../../../arm-none-eabi/lib/thumb/v7e-m+fp/softfp\libc.a(lib_a-vfiprintf.o)
 .rodata.zeroes.0
                0x1005e054       0x10 d:/msdk/tools/gnutools/10.3/bin/../lib/gcc/arm-none-eabi/10.3.1/../../../../arm-none-eabi/lib/thumb/v7e-m+fp/softfp\libc.a(lib_a-vfiprintf.o)
 .rodata.__assert_func.str1.4
                0x1005e064       0x3f d:/msdk/tools/gnutools/10.3/bin/../lib/gcc/arm-none-eabi/10.3.1/../../../../arm-none-eabi/lib/thumb/v7e-m+fp/softfp\libc.a(lib_a-assert.o)
                                 0x43 (size before relaxing)
 *fill*         0x1005e0a3        0x1 
 .rodata._setlocale_r.str1.4
                0x1005e0a4        0xa d:/msdk/tools/gnutools/10.3/bin/../lib/gcc/arm-none-eabi/10.3.1/../../../../arm-none-eabi/lib/thumb/v7e-m+fp/softfp\libc.a(lib_a-locale.o)
                                  0xd (size before relaxing)
 *fill*         0x1005e0ae        0x2 
 .rodata.str1.4
                0x1005e0b0        0x2 d:/msdk/tools/gnutools/10.3/bin/../lib/gcc/arm-none-eabi/10.3.1/../../../../arm-none-eabi/lib/thumb/v7e-m+fp/softfp\libc.a(lib_a-locale.o)
 *fill*         0x1005e0b2        0x2 
 .rodata._ctype_
                0x1005e0b4      0x101 d:/msdk/tools/gnutools/10.3/bin/../lib/gcc/arm-none-eabi/10.3.1/../../../../arm-none-eabi/lib/thumb/v7e-m+fp/softfp\libc.a(lib_a-ctype_.o)
                0x1005e0b4                _ctype_
 *(.init)
 *fill*         0x1005e1b5        0x3 
 .init          0x1005e1b8        0x4 d:/msdk/tools/gnutools/10.3/bin/../lib/gcc/arm-none-eabi/10.3.1/thumb/v7e-m+fp/softfp/crti.o
                0x1005e1b8                _init
 .init          0x1005e1bc        0x8 d:/msdk/tools/gnutools/10.3/bin/../lib/gcc/arm-none-eabi/10.3.1/thumb/v7e-m+fp/softfp/crtn.o
 *(.fini)
 .fini          0x1005e1c4        0x4 d:/msdk/tools/gnutools/10.3/bin/../lib/gcc/arm-none-eabi/10.3.1/thumb/v7e-m+fp/softfp/crti.o
                0x1005e1c4                _fini
 .fini          0x1005e1c8        0x8 d:/msdk/tools/gnutools/10.3/bin/../lib/gcc/arm-none-eabi/10.3.1/thumb/v7e-m+fp/softfp/crtn.o
 *crtbegin.o(.ctors)
 *crtbegin?.o(.ctors)
 *(EXCLUDE_FILE(*crtend.o *crtend?.o) .ctors)
 *(SORT_BY_NAME(.ctors.*))
 *(.ctors)
 *crtbegin.o(.dtors)
 *crtbegin?.o(.dtors)
 *(EXCLUDE_FILE(*crtend.o *crtend?.o) .dtors)
 *(SORT_BY_NAME(.dtors.*))
 *(.dtors)
 *(.eh_frame*)
 .eh_frame      0x1005e1d0        0x0 d:/msdk/tools/gnutools/10.3/bin/../lib/gcc/arm-none-eabi/10.3.1/thumb/v7e-m+fp/softfp/crtbegin.o
 .eh_frame      0x1005e1d0        0x4 d:/msdk/tools/gnutools/10.3/bin/../lib/gcc/arm-none-eabi/10.3.1/thumb/v7e-m+fp/softfp/crtend.o
                0x1005e1d4                _etext = .

.glue_7         0x1005e1d4        0x0
 .glue_7        0x1005e1d4        0x0 linker stubs

.glue_7t        0x1005e1d4        0x0
 .glue_7t       0x1005e1d4        0x0 linker stubs

.vfp11_veneer   0x1005e1d4        0x0
 .vfp11_veneer  0x1005e1d4        0x0 linker stubs

.v4_bx          0x1005e1d4        0x0
 .v4_bx         0x1005e1d4        0x0 linker stubs

.iplt           0x1005e1d4        0x0
 .iplt          0x1005e1d4        0x0 d:/msdk/tools/gnutools/10.3/bin/../lib/gcc/arm-none-eabi/10.3.1/thumb/v7e-m+fp/softfp/crtbegin.o

.ARM.extab
 *(.ARM.extab* .gnu.linkonce.armextab.*)

.bin_storage    0x1005e1d4        0x0
 FILL mask 0xff
                0x1005e1d4                _bin_start_ = .
 *(.bin_storage_img)
                0x1005e1d4                _bin_end_ = .
                0x1005e1d4                . = ALIGN (0x4)

.rom_code       0x00000000        0x0
                0x00000000                . = ALIGN (0x10)
                0x20000000                _sran_code = .
 *(.rom_code_section)
                0x20000000                _esran_code = .

.flash_code     0x1005e1d4        0xc
                0x1005e1e0                . = ALIGN (0x10)
 *fill*         0x1005e1d4        0xc 
                0x20000000                _sran_code = .
 *(.flash_code_section)
                0x20000000                _esran_code = .

.sram_code      0x20000000        0x0
                0x20000000                . = ALIGN (0x10)
                0x20000000                _sran_code = .
 *(.sram_code_section)
                0x20000000                _esran_code = .

.ARM.exidx      0x1005e1e0        0x8
                0x1005e1e0                __exidx_start = .
 *(.ARM.exidx* .gnu.linkonce.armexidx.*)
 .ARM.exidx     0x1005e1e0        0x8 d:/msdk/tools/gnutools/10.3/bin/../lib/gcc/arm-none-eabi/10.3.1/thumb/v7e-m+fp/softfp\libgcc.a(_udivmoddi4.o)
                0x1005e1e8                __exidx_end = .

.rel.dyn        0x1005e1e8        0x0
 .rel.iplt      0x1005e1e8        0x0 d:/msdk/tools/gnutools/10.3/bin/../lib/gcc/arm-none-eabi/10.3.1/thumb/v7e-m+fp/softfp/crtbegin.o

.data           0x20000000     0x6e34 load address 0x1005e1e8
                0x20000000                _data = ALIGN (., 0x4)
 *(vtable)
 *(.data*)
 .data.input_0  0x20000000     0x6400 d:/ai85-funnyimagenet/build/main.o
 .data.input_0_ptr
                0x20006400        0x4 d:/ai85-funnyimagenet/build/main.o
                0x20006400                input_0_ptr
 .data.ConsoleUart
                0x20006404        0x4 d:/ai85-funnyimagenet/build/board.o
                0x20006404                ConsoleUart
 .data.g_framesize_height
                0x20006408        0x4 d:/ai85-funnyimagenet/build/camera.o
 .data.g_framesize_width
                0x2000640c        0x4 d:/ai85-funnyimagenet/build/camera.o
 .data.g_stream_buffer_size
                0x20006410        0x4 d:/ai85-funnyimagenet/build/camera.o
 .data.g_pixelformat
                0x20006414        0x1 d:/ai85-funnyimagenet/build/ov7692.o
 *fill*         0x20006415        0x3 
 .data.overflows
                0x20006418        0x4 D:/MSDK/Libraries/PeriphDrivers/bin/MAX78000/spi-v1_softfp/libPeriphDriver_spi-v1_softfp.a(mxc_delay.o)
 .data.states   0x2000641c       0x60 D:/MSDK/Libraries/PeriphDrivers/bin/MAX78000/spi-v1_softfp/libPeriphDriver_spi-v1_softfp.a(uart_revb.o)
 .data._impure_ptr
                0x2000647c        0x4 d:/msdk/tools/gnutools/10.3/bin/../lib/gcc/arm-none-eabi/10.3.1/../../../../arm-none-eabi/lib/thumb/v7e-m+fp/softfp\libc.a(lib_a-impure.o)
                0x2000647c                _impure_ptr
 .data.impure_data
                0x20006480      0x428 d:/msdk/tools/gnutools/10.3/bin/../lib/gcc/arm-none-eabi/10.3.1/../../../../arm-none-eabi/lib/thumb/v7e-m+fp/softfp\libc.a(lib_a-impure.o)
 .data.__malloc_av_
                0x200068a8      0x408 d:/msdk/tools/gnutools/10.3/bin/../lib/gcc/arm-none-eabi/10.3.1/../../../../arm-none-eabi/lib/thumb/v7e-m+fp/softfp\libc.a(lib_a-mallocr.o)
                0x200068a8                __malloc_av_
 .data.__malloc_sbrk_base
                0x20006cb0        0x4 d:/msdk/tools/gnutools/10.3/bin/../lib/gcc/arm-none-eabi/10.3.1/../../../../arm-none-eabi/lib/thumb/v7e-m+fp/softfp\libc.a(lib_a-mallocr.o)
                0x20006cb0                __malloc_sbrk_base
 .data.__malloc_trim_threshold
                0x20006cb4        0x4 d:/msdk/tools/gnutools/10.3/bin/../lib/gcc/arm-none-eabi/10.3.1/../../../../arm-none-eabi/lib/thumb/v7e-m+fp/softfp\libc.a(lib_a-mallocr.o)
                0x20006cb4                __malloc_trim_threshold
 .data.__atexit_recursive_mutex
                0x20006cb8        0x4 d:/msdk/tools/gnutools/10.3/bin/../lib/gcc/arm-none-eabi/10.3.1/../../../../arm-none-eabi/lib/thumb/v7e-m+fp/softfp\libc.a(lib_a-__call_atexit.o)
                0x20006cb8                __atexit_recursive_mutex
 .data.__global_locale
                0x20006cbc      0x16c d:/msdk/tools/gnutools/10.3/bin/../lib/gcc/arm-none-eabi/10.3.1/../../../../arm-none-eabi/lib/thumb/v7e-m+fp/softfp\libc.a(lib_a-locale.o)
                0x20006cbc                __global_locale
 *(.flashprog*)
                0x20006e28                . = ALIGN (0x4)
                0x20006e28                PROVIDE (__preinit_array_start = .)
 *(.preinit_array)
                0x20006e28                PROVIDE (__preinit_array_end = .)
                0x20006e28                . = ALIGN (0x4)
                0x20006e28                PROVIDE (__init_array_start = .)
 *(SORT_BY_NAME(.init_array.*))
 .init_array.00000
                0x20006e28        0x4 d:/msdk/tools/gnutools/10.3/bin/../lib/gcc/arm-none-eabi/10.3.1/../../../../arm-none-eabi/lib/thumb/v7e-m+fp/softfp\libc.a(lib_a-__call_atexit.o)
 *(.init_array)
 .init_array    0x20006e2c        0x4 d:/msdk/tools/gnutools/10.3/bin/../lib/gcc/arm-none-eabi/10.3.1/thumb/v7e-m+fp/softfp/crtbegin.o
                0x20006e30                PROVIDE (__init_array_end = .)
                0x20006e30                . = ALIGN (0x4)
                0x20006e30                PROVIDE (__fini_array_start = .)
 *(SORT_BY_NAME(.fini_array.*))
 *(.fini_array)
 .fini_array    0x20006e30        0x4 d:/msdk/tools/gnutools/10.3/bin/../lib/gcc/arm-none-eabi/10.3.1/thumb/v7e-m+fp/softfp/crtbegin.o
                0x20006e34                PROVIDE (__fini_array_end = .)
                0x20006e34                _edata = ALIGN (., 0x4)
                0x1005e1e8                __load_data = LOADADDR (.data)

.igot.plt       0x20006e34        0x0 load address 0x1006501c
 .igot.plt      0x20006e34        0x0 d:/msdk/tools/gnutools/10.3/bin/../lib/gcc/arm-none-eabi/10.3.1/thumb/v7e-m+fp/softfp/crtbegin.o

.bss            0x20007000      0x9d8 load address 0x1006501c
                0x20007000                . = ALIGN (0x4)
                0x20007000                _bss = .
 *(.bss*)
 .bss           0x20007000       0x1c d:/msdk/tools/gnutools/10.3/bin/../lib/gcc/arm-none-eabi/10.3.1/thumb/v7e-m+fp/softfp/crtbegin.o
 .bss.cnn_time  0x2000701c        0x4 d:/ai85-funnyimagenet/build/main.o