Archive member included to satisfy reference by file (symbol)

D:/MSDK/Libraries/PeriphDrivers/bin/MAX78000/spi-v1_softfp/libPeriphDriver_spi-v1_softfp.a(mxc_delay.o)
                              d:/ai85-funnyimagenet-2/build/main.o (MXC_Delay)
D:/MSDK/Libraries/PeriphDrivers/bin/MAX78000/spi-v1_softfp/libPeriphDriver_spi-v1_softfp.a(nvic_table.o)
                              d:/ai85-funnyimagenet-2/build/cnn.o (MXC_NVIC_SetVector)
D:/MSDK/Libraries/PeriphDrivers/bin/MAX78000/spi-v1_softfp/libPeriphDriver_spi-v1_softfp.a(pins_ai85.o)
                              d:/ai85-funnyimagenet-2/build/camera.o (gpio_cfg_pcif_xclk)
D:/MSDK/Libraries/PeriphDrivers/bin/MAX78000/spi-v1_softfp/libPeriphDriver_spi-v1_softfp.a(sys_ai85.o)
                              d:/ai85-funnyimagenet-2/build/cnn.o (MXC_SYS_ClockDisable)
D:/MSDK/Libraries/PeriphDrivers/bin/MAX78000/spi-v1_softfp/libPeriphDriver_spi-v1_softfp.a(aes_me17.o)
                              D:/MSDK/Libraries/PeriphDrivers/bin/MAX78000/spi-v1_softfp/libPeriphDriver_spi-v1_softfp.a(sys_ai85.o) (MXC_AES_Init)
D:/MSDK/Libraries/PeriphDrivers/bin/MAX78000/spi-v1_softfp/libPeriphDriver_spi-v1_softfp.a(aes_revb.o)
                              D:/MSDK/Libraries/PeriphDrivers/bin/MAX78000/spi-v1_softfp/libPeriphDriver_spi-v1_softfp.a(aes_me17.o) (MXC_AES_RevB_Init)
D:/MSDK/Libraries/PeriphDrivers/bin/MAX78000/spi-v1_softfp/libPeriphDriver_spi-v1_softfp.a(cameraif_ai85.o)
                              d:/ai85-funnyimagenet-2/build/camera.o (MXC_PCIF_Init)
D:/MSDK/Libraries/PeriphDrivers/bin/MAX78000/spi-v1_softfp/libPeriphDriver_spi-v1_softfp.a(cameraif_reva.o)
                              D:/MSDK/Libraries/PeriphDrivers/bin/MAX78000/spi-v1_softfp/libPeriphDriver_spi-v1_softfp.a(cameraif_ai85.o) (MXC_PCIF_RevA_SetDatawidth)
D:/MSDK/Libraries/PeriphDrivers/bin/MAX78000/spi-v1_softfp/libPeriphDriver_spi-v1_softfp.a(dma_me17.o)
                              d:/ai85-funnyimagenet-2/build/fastspi.o (MXC_DMA_Init)
D:/MSDK/Libraries/PeriphDrivers/bin/MAX78000/spi-v1_softfp/libPeriphDriver_spi-v1_softfp.a(dma_reva.o)
                              D:/MSDK/Libraries/PeriphDrivers/bin/MAX78000/spi-v1_softfp/libPeriphDriver_spi-v1_softfp.a(dma_me17.o) (MXC_DMA_RevA_Init)
D:/MSDK/Libraries/PeriphDrivers/bin/MAX78000/spi-v1_softfp/libPeriphDriver_spi-v1_softfp.a(flc_me17.o)
                              D:/MSDK/Libraries/PeriphDrivers/bin/MAX78000/spi-v1_softfp/libPeriphDriver_spi-v1_softfp.a(sys_ai85.o) (MXC_FLC_UnlockInfoBlock)
D:/MSDK/Libraries/PeriphDrivers/bin/MAX78000/spi-v1_softfp/libPeriphDriver_spi-v1_softfp.a(flc_reva.o)
                              D:/MSDK/Libraries/PeriphDrivers/bin/MAX78000/spi-v1_softfp/libPeriphDriver_spi-v1_softfp.a(flc_me17.o) (MXC_FLC_RevA_Busy)
D:/MSDK/Libraries/PeriphDrivers/bin/MAX78000/spi-v1_softfp/libPeriphDriver_spi-v1_softfp.a(gpio_ai85.o)
                              d:/ai85-funnyimagenet-2/build/cnn.o (MXC_GPIO_Config)
D:/MSDK/Libraries/PeriphDrivers/bin/MAX78000/spi-v1_softfp/libPeriphDriver_spi-v1_softfp.a(gpio_reva.o)
                              D:/MSDK/Libraries/PeriphDrivers/bin/MAX78000/spi-v1_softfp/libPeriphDriver_spi-v1_softfp.a(gpio_ai85.o) (MXC_GPIO_RevA_InGet)
D:/MSDK/Libraries/PeriphDrivers/bin/MAX78000/spi-v1_softfp/libPeriphDriver_spi-v1_softfp.a(i2c_me17.o)
                              d:/ai85-funnyimagenet-2/build/max20303.o (MXC_I2C_Init)
D:/MSDK/Libraries/PeriphDrivers/bin/MAX78000/spi-v1_softfp/libPeriphDriver_spi-v1_softfp.a(i2c_reva.o)
                              D:/MSDK/Libraries/PeriphDrivers/bin/MAX78000/spi-v1_softfp/libPeriphDriver_spi-v1_softfp.a(i2c_me17.o) (MXC_I2C_RevA_DMACallback)
D:/MSDK/Libraries/PeriphDrivers/bin/MAX78000/spi-v1_softfp/libPeriphDriver_spi-v1_softfp.a(icc_me17.o)
                              d:/ai85-funnyimagenet-2/build/main.o (MXC_ICC_Enable)
D:/MSDK/Libraries/PeriphDrivers/bin/MAX78000/spi-v1_softfp/libPeriphDriver_spi-v1_softfp.a(icc_reva.o)
                              D:/MSDK/Libraries/PeriphDrivers/bin/MAX78000/spi-v1_softfp/libPeriphDriver_spi-v1_softfp.a(icc_me17.o) (MXC_ICC_RevA_ID)
D:/MSDK/Libraries/PeriphDrivers/bin/MAX78000/spi-v1_softfp/libPeriphDriver_spi-v1_softfp.a(lp_ai85.o)
                              d:/ai85-funnyimagenet-2/build/main.o (MXC_LP_EnterSleepMode)
D:/MSDK/Libraries/PeriphDrivers/bin/MAX78000/spi-v1_softfp/libPeriphDriver_spi-v1_softfp.a(pt_ai85.o)
                              d:/ai85-funnyimagenet-2/build/camera.o (MXC_PT_Init)
D:/MSDK/Libraries/PeriphDrivers/bin/MAX78000/spi-v1_softfp/libPeriphDriver_spi-v1_softfp.a(pt_reva.o)
                              D:/MSDK/Libraries/PeriphDrivers/bin/MAX78000/spi-v1_softfp/libPeriphDriver_spi-v1_softfp.a(pt_ai85.o) (MXC_PT_RevA_Init)
D:/MSDK/Libraries/PeriphDrivers/bin/MAX78000/spi-v1_softfp/libPeriphDriver_spi-v1_softfp.a(spi_me17.o)
                              d:/ai85-funnyimagenet-2/build/tft_ili9341.o (MXC_SPI_Init)
[...]
Memory Configuration

Name             Origin             Length             Attributes
ROM              0x00000000         0x00010000         xr
FLASH            0x10000000         0x00080000         xr
SRAM             0x20000000         0x00020000         xrw
*default*        0x00000000         0xffffffff

Linker script and memory map

LOAD d:/msdk/tools/gnutools/10.3/bin/../lib/gcc/arm-none-eabi/10.3.1/thumb/v7e-m+fp/softfp/crti.o
LOAD d:/msdk/tools/gnutools/10.3/bin/../lib/gcc/arm-none-eabi/10.3.1/thumb/v7e-m+fp/softfp/crtbegin.o
LOAD d:/msdk/tools/gnutools/10.3/bin/../lib/gcc/arm-none-eabi/10.3.1/../../../../arm-none-eabi/lib/thumb/v7e-m+fp/softfp/crt0.o
LOAD d:/ai85-funnyimagenet-2/build/cnn.o
LOAD d:/ai85-funnyimagenet-2/build/main.o
LOAD d:/ai85-funnyimagenet-2/build/softmax.o
LOAD d:/ai85-funnyimagenet-2/build/board.o
LOAD d:/ai85-funnyimagenet-2/build/stdio.o
LOAD d:/ai85-funnyimagenet-2/build/led.o
LOAD d:/ai85-funnyimagenet-2/build/pb.o
LOAD d:/ai85-funnyimagenet-2/build/tft_ili9341.o
LOAD d:/ai85-funnyimagenet-2/build/camera.o
LOAD d:/ai85-funnyimagenet-2/build/ov7692.o
LOAD d:/ai85-funnyimagenet-2/build/sccb.o
LOAD d:/ai85-funnyimagenet-2/build/max20303.o
LOAD d:/ai85-funnyimagenet-2/build/max9867.o
LOAD d:/ai85-funnyimagenet-2/build/N01S830HA.o
LOAD d:/ai85-funnyimagenet-2/build/fastspi.o
LOAD d:/ai85-funnyimagenet-2/build/startup_max78000.o
LOAD d:/ai85-funnyimagenet-2/build/heap.o
LOAD d:/ai85-funnyimagenet-2/build/system_max78000.o
START GROUP
LOAD D:/MSDK/Libraries/PeriphDrivers/bin/MAX78000/spi-v1_softfp/libPeriphDriver_spi-v1_softfp.a
LOAD d:/msdk/tools/gnutools/10.3/bin/../lib/gcc/arm-none-eabi/10.3.1/../../../../arm-none-eabi/lib/thumb/v7e-m+fp/softfp\libc.a
LOAD d:/msdk/tools/gnutools/10.3/bin/../lib/gcc/arm-none-eabi/10.3.1/../../../../arm-none-eabi/lib/thumb/v7e-m+fp/softfp\libm.a
LOAD d:/msdk/tools/gnutools/10.3/bin/../lib/gcc/arm-none-eabi/10.3.1/../../../../arm-none-eabi/lib/thumb/v7e-m+fp/softfp\libnosys.a
END GROUP
START GROUP
LOAD d:/msdk/tools/gnutools/10.3/bin/../lib/gcc/arm-none-eabi/10.3.1/thumb/v7e-m+fp/softfp\libgcc.a
LOAD d:/msdk/tools/gnutools/10.3/bin/../lib/gcc/arm-none-eabi/10.3.1/../../../../arm-none-eabi/lib/thumb/v7e-m+fp/softfp\libc.a
END GROUP
LOAD d:/msdk/tools/gnutools/10.3/bin/../lib/gcc/arm-none-eabi/10.3.1/thumb/v7e-m+fp/softfp/crtend.o
LOAD d:/msdk/tools/gnutools/10.3/bin/../lib/gcc/arm-none-eabi/10.3.1/thumb/v7e-m+fp/softfp/crtn.o

.rom
 *(.rom_vector)
 *(.rom_handlers*)

.text           0x10000000    0x6023c
                0x10000000                _text = .
 *(.isr_vector)
 .isr_vector    0x10000000      0x1e0 d:/ai85-funnyimagenet-2/build/startup_max78000.o
                0x10000000                __isr_vector
 EXCLUDE_FILE(*riscv.o) *(.text*)
 .text          0x100001e0       0x40 d:/msdk/tools/gnutools/10.3/bin/../lib/gcc/arm-none-eabi/10.3.1/thumb/v7e-m+fp/softfp/crtbegin.o
 .text.CNN_ISR  0x10000220       0x48 d:/ai85-funnyimagenet-2/build/cnn.o
                0x10000220                CNN_ISR
 .text.cnn_stop
                0x10000268       0x14 d:/ai85-funnyimagenet-2/build/cnn.o
                0x10000268                cnn_stop
 .text.cnn_load_weights
                0x1000027c       0x4c d:/ai85-funnyimagenet-2/build/cnn.o
                0x1000027c                cnn_load_weights
 .text.cnn_load_bias
                0x100002c8       0x8c d:/ai85-funnyimagenet-2/build/cnn.o
                0x100002c8                cnn_load_bias
 .text.cnn_init
                0x10000354       0x54 d:/ai85-funnyimagenet-2/build/cnn.o
                0x10000354                cnn_init
 .text.cnn_configure
                0x100003a8      0xbdc d:/ai85-funnyimagenet-2/build/cnn.o
                0x100003a8                cnn_configure
 .text.cnn_start
                0x10000f84       0x44 d:/ai85-funnyimagenet-2/build/cnn.o
                0x10000f84                cnn_start
 .text.cnn_unload
                0x10000fc8       0x98 d:/ai85-funnyimagenet-2/build/cnn.o
                0x10000fc8                cnn_unload
 .text.cnn_enable
                0x10001060       0x3c d:/ai85-funnyimagenet-2/build/cnn.o
                0x10001060                cnn_enable
 .text.cnn_disable
                0x1000109c       0x28 d:/ai85-funnyimagenet-2/build/cnn.o
                0x1000109c                cnn_disable
 .text.startup.main
                0x100010c4       0xc4 d:/ai85-funnyimagenet-2/build/main.o
                0x100010c4                main
 .text.softmax_q17p14_q15
                0x10001188       0xa8 d:/ai85-funnyimagenet-2/build/softmax.o
                0x10001188                softmax_q17p14_q15
 .text.mxc_assert
                0x10001230       0x10 d:/ai85-funnyimagenet-2/build/board.o
                0x10001230                mxc_assert
 .text.GPIO0_IRQHandler
                0x10001240        0x8 d:/ai85-funnyimagenet-2/build/board.o
                0x10001240                GPIO0_IRQHandler
 .text.GPIO1_IRQHandler
                0x10001248        0x8 d:/ai85-funnyimagenet-2/build/board.o
                0x10001248                GPIO1_IRQHandler
 .text.Board_Init
                0x10001250       0x6c d:/ai85-funnyimagenet-2/build/board.o
                0x10001250                Board_Init
 .text.NMI_Handler
                0x100012bc        0x4 d:/ai85-funnyimagenet-2/build/board.o
                0x100012bc                NMI_Handler
 .text._close   0x100012c0        0x8 d:/ai85-funnyimagenet-2/build/stdio.o
                0x100012c0                _close
 .text._isatty  0x100012c8        0x8 d:/ai85-funnyimagenet-2/build/stdio.o
                0x100012c8                _isatty
 .text._lseek   0x100012d0        0x8 d:/ai85-funnyimagenet-2/build/stdio.o
                0x100012d0                _lseek
 .text._fstat   0x100012d8        0x8 d:/ai85-funnyimagenet-2/build/stdio.o
                0x100012d8                _fstat
 .text._read    0x100012e0       0x50 d:/ai85-funnyimagenet-2/build/stdio.o
                0x100012e0                _read
 .text._write   0x10001330       0x54 d:/ai85-funnyimagenet-2/build/stdio.o
                0x10001330                _write
 .text.LED_Init
                0x10001384       0x40 d:/ai85-funnyimagenet-2/build/led.o
                0x10001384                LED_Init
 .text.LED_On   0x100013c4       0x40 d:/ai85-funnyimagenet-2/build/led.o
                0x100013c4                LED_On
 .text.LED_Off  0x10001404       0x40 d:/ai85-funnyimagenet-2/build/led.o
                0x10001404                LED_Off
 .text.PB_Init  0x10001444       0x68 d:/ai85-funnyimagenet-2/build/pb.o
                0x10001444                PB_Init
 .text          0x100014ac      0x148 d:/ai85-funnyimagenet-2/build/startup_max78000.o
                0x100014ac                Reset_Handler
                0x100014ea                HardFault_Handler
                0x100014ec                MemManage_Handler
                0x100014ee                BusFault_Handler
                0x100014f0                UsageFault_Handler
                0x100014f2                SVC_Handler
                0x100014f4                DebugMon_Handler
                0x100014f6                PendSV_Handler
                0x100014f8                SysTick_Handler
                0x100014fa                Default_Handler
                0x100014fc                PF_IRQHandler
                0x100014fe                WDT0_IRQHandler
                0x10001500                RSV02_IRQHandler
                0x10001502                RTC_IRQHandler
                0x10001504                TRNG_IRQHandler
                0x10001506                TMR0_IRQHandler
                0x10001508                TMR1_IRQHandler
                0x1000150a                TMR2_IRQHandler
                0x1000150c                TMR3_IRQHandler
                0x1000150e                TMR4_IRQHandler
                0x10001510                TMR5_IRQHandler
                0x10001512                RSV11_IRQHandler
                0x10001514                RSV12_IRQHandler
                0x10001516                I2C0_IRQHandler
                0x10001518                UART0_IRQHandler
                0x1000151a                UART1_IRQHandler
                0x1000151c                SPI1_IRQHandler
                0x1000151e                RSV17_IRQHandler
                0x10001520                RSV18_IRQHandler
                0x10001522                RSV19_IRQHandler
                0x10001524                ADC_IRQHandler
                0x10001526                RSV21_IRQHandler
                0x10001528                RSV22_IRQHandler
                0x1000152a                FLC0_IRQHandler
                0x10001530                GPIO2_IRQHandler
                0x10001532                RSV27_IRQHandler
                0x10001534                DMA0_IRQHandler
                0x10001536                DMA1_IRQHandler
                0x10001538                DMA2_IRQHandler
                0x1000153a                DMA3_IRQHandler
                0x1000153c                RSV32_IRQHandler
                0x1000153e                RSV33_IRQHandler
                0x10001540                UART2_IRQHandler
                0x10001542                RSV35_IRQHandler
                0x10001544                I2C1_IRQHandler
                0x10001546                RSV37_IRQHandler
                0x10001548                RSV38_IRQHandler
                0x1000154a                RSV39_IRQHandler
                0x1000154c                RSV40_IRQHandler
                0x1000154e                RSV41_IRQHandler
                0x10001550                RSV42_IRQHandler
                0x10001552                RSV43_IRQHandler
                0x10001554                RSV44_IRQHandler
                0x10001556                RSV45_IRQHandler
                0x10001558                RSV46_IRQHandler
                0x1000155a                RSV47_IRQHandler
                0x1000155c                RSV48_IRQHandler
                0x1000155e                RSV49_IRQHandler
                0x10001560                RSV50_IRQHandler
                0x10001562                RSV51_IRQHandler
                0x10001564                RSV52_IRQHandler
                0x10001566                WUT_IRQHandler
                0x10001568                GPIOWAKE_IRQHandler
                0x1000156a                RSV55_IRQHandler
                0x1000156c                SPI0_IRQHandler
                0x1000156e                WDT1_IRQHandler
                0x10001570                RSV58_IRQHandler
                0x10001572                PT_IRQHandler
                0x10001574                RSV60_IRQHandler
                0x10001576                RSV61_IRQHandler
                0x10001578                I2C2_IRQHandler
                0x1000157a                RISCV_IRQHandler
                0x1000157c                RSV64_IRQHandler
                0x1000157e                RSV65_IRQHandler
                0x10001580                RSV66_IRQHandler
                0x10001582                OWM_IRQHandler
                0x10001584                RSV68_IRQHandler
                0x10001586                RSV69_IRQHandler
                0x10001588                RSV70_IRQHandler
                0x1000158a                RSV71_IRQHandler
                0x1000158c                RSV72_IRQHandler
                0x1000158e                RSV73_IRQHandler
                0x10001590                RSV74_IRQHandler
                0x10001592                RSV75_IRQHandler
                0x10001594                RSV76_IRQHandler
                0x10001596                RSV77_IRQHandler
                0x10001598                RSV78_IRQHandler
                0x1000159a                RSV79_IRQHandler
                0x1000159c                RSV80_IRQHandler
                0x1000159e                RSV81_IRQHandler
                0x100015a0                ECC_IRQHandler
                0x100015a2                DVS_IRQHandler
                0x100015a4                SIMO_IRQHandler
                0x100015a6                RSV85_IRQHandler
                0x100015a8                RSV86_IRQHandler
                0x100015aa                RSV87_IRQHandler
                0x100015ac                UART3_IRQHandler
                0x100015ae                RSV89_IRQHandler
                0x100015b0                RSV90_IRQHandler
                0x100015b2                PCIF_IRQHandler
                0x100015b4                RSV92_IRQHandler
                0x100015b6                RSV93_IRQHandler
                0x100015b8                RSV94_IRQHandler
                0x100015ba                RSV95_IRQHandler
                0x100015bc                RSV96_IRQHandler
                0x100015be                AES_IRQHandler
                0x100015c0                RSV98_IRQHandler
                0x100015c2                I2S_IRQHandler
                0x100015c4                CNN_FIFO_IRQHandler
                0x100015c6                CNN_IRQHandler
                0x100015c8                RSV102_IRQHandler
                0x100015ca                LPCMP_IRQHandler
 .text._sbrk    0x100015f4       0x3c d:/ai85-funnyimagenet-2/build/heap.o
                0x100015f4                _sbrk
 .text._getpid  0x10001630        0x8 d:/ai85-funnyimagenet-2/build/system_max78000.o
                0x10001630                _getpid
 .text._kill    0x10001638        0x8 d:/ai85-funnyimagenet-2/build/system_max78000.o
                0x10001638                _kill
 .text.SystemCoreClockUpdate
                0x10001640       0x68 d:/ai85-funnyimagenet-2/build/system_max78000.o
                0x10001640                SystemCoreClockUpdate
 .text.PreInit  0x100016a8        0x4 d:/ai85-funnyimagenet-2/build/system_max78000.o
                0x100016a8                PreInit
 .text.PinInit  0x100016ac        0x4 d:/ai85-funnyimagenet-2/build/system_max78000.o
                0x100016ac                PinInit
 .text.SystemInit
                0x100016b0       0x3c d:/ai85-funnyimagenet-2/build/system_max78000.o
                0x100016b0                SystemInit
 .text.MXC_DelayInit
                0x100016ec       0x7c D:/MSDK/Libraries/PeriphDrivers/bin/MAX78000/spi-v1_softfp/libPeriphDriver_spi-v1_softfp.a(mxc_delay.o)
 .text.MXC_DelayAsync
                0x10001768       0x3c D:/MSDK/Libraries/PeriphDrivers/bin/MAX78000/spi-v1_softfp/libPeriphDriver_spi-v1_softfp.a(mxc_delay.o)
                0x10001768                MXC_DelayAsync
 .text.MXC_DelayCheck
                0x100017a4       0x70 D:/MSDK/Libraries/PeriphDrivers/bin/MAX78000/spi-v1_softfp/libPeriphDriver_spi-v1_softfp.a(mxc_delay.o)
                0x100017a4                MXC_DelayCheck
 .text.MXC_DelayAbort
                0x10001814       0x34 D:/MSDK/Libraries/PeriphDrivers/bin/MAX78000/spi-v1_softfp/libPeriphDriver_spi-v1_softfp.a(mxc_delay.o)
                0x10001814                MXC_DelayAbort
 .text.MXC_Delay
                0x10001848       0x74 D:/MSDK/Libraries/PeriphDrivers/bin/MAX78000/spi-v1_softfp/libPeriphDriver_spi-v1_softfp.a(mxc_delay.o)
                0x10001848                MXC_Delay
 .text.MXC_NVIC_SetVector
                0x100018bc       0x50 D:/MSDK/Libraries/PeriphDrivers/bin/MAX78000/spi-v1_softfp/libPeriphDriver_spi-v1_softfp.a(nvic_table.o)
                0x100018bc                MXC_NVIC_SetVector
 .text.MXC_SYS_ClockDisable
                0x1000190c       0x44 D:/MSDK/Libraries/PeriphDrivers/bin/MAX78000/spi-v1_softfp/libPeriphDriver_spi-v1_softfp.a(sys_ai85.o)
                0x1000190c                MXC_SYS_ClockDisable
 .text.MXC_SYS_ClockEnable
                0x10001950       0x4c D:/MSDK/Libraries/PeriphDrivers/bin/MAX78000/spi-v1_softfp/libPeriphDriver_spi-v1_softfp.a(sys_ai85.o)
                0x10001950                MXC_SYS_ClockEnable
 .text.MXC_SYS_ClockSourceEnable
                0x1000199c       0xf4 D:/MSDK/Libraries/PeriphDrivers/bin/MAX78000/spi-v1_softfp/libPeriphDriver_spi-v1_softfp.a(sys_ai85.o)
                0x1000199c                MXC_SYS_ClockSourceEnable
 .text.MXC_SYS_Clock_Select
                0x10001a90      0x194 D:/MSDK/Libraries/PeriphDrivers/bin/MAX78000/spi-v1_softfp/libPeriphDriver_spi-v1_softfp.a(sys_ai85.o)
                0x10001a90                MXC_SYS_Clock_Select
 .text.MXC_SYS_Reset_Periph
                0x10001c24       0x50 D:/MSDK/Libraries/PeriphDrivers/bin/MAX78000/spi-v1_softfp/libPeriphDriver_spi-v1_softfp.a(sys_ai85.o)
                0x10001c24                MXC_SYS_Reset_Periph
 .text.MXC_GPIO_Init
                0x10001c74       0x40 D:/MSDK/Libraries/PeriphDrivers/bin/MAX78000/spi-v1_softfp/libPeriphDriver_spi-v1_softfp.a(gpio_ai85.o)
                0x10001c74                MXC_GPIO_Init
 .text.MXC_GPIO_Config
                0x10001cb4      0x234 D:/MSDK/Libraries/PeriphDrivers/bin/MAX78000/spi-v1_softfp/libPeriphDriver_spi-v1_softfp.a(gpio_ai85.o)
                0x10001cb4                MXC_GPIO_Config
 .text.MXC_GPIO_OutSet
                0x10001ee8       0x30 D:/MSDK/Libraries/PeriphDrivers/bin/MAX78000/spi-v1_softfp/libPeriphDriver_spi-v1_softfp.a(gpio_ai85.o)
                0x10001ee8                MXC_GPIO_OutSet
 .text.MXC_GPIO_OutClr
                0x10001f18       0x34 D:/MSDK/Libraries/PeriphDrivers/bin/MAX78000/spi-v1_softfp/libPeriphDriver_spi-v1_softfp.a(gpio_ai85.o)
                0x10001f18                MXC_GPIO_OutClr
 .text.MXC_GPIO_Handler
                0x10001f4c        0x4 D:/MSDK/Libraries/PeriphDrivers/bin/MAX78000/spi-v1_softfp/libPeriphDriver_spi-v1_softfp.a(gpio_ai85.o)
                0x10001f4c                MXC_GPIO_Handler
 .text.MXC_GPIO_ClearFlags
                0x10001f50       0x18 D:/MSDK/Libraries/PeriphDrivers/bin/MAX78000/spi-v1_softfp/libPeriphDriver_spi-v1_softfp.a(gpio_ai85.o)
                0x10001f50                MXC_GPIO_ClearFlags
 .text.MXC_GPIO_GetFlags
                0x10001f68       0x18 D:/MSDK/Libraries/PeriphDrivers/bin/MAX78000/spi-v1_softfp/libPeriphDriver_spi-v1_softfp.a(gpio_ai85.o)
                0x10001f68                MXC_GPIO_GetFlags
 .text.MXC_GPIO_GetConfigLock
                0x10001f80        0x4 D:/MSDK/Libraries/PeriphDrivers/bin/MAX78000/spi-v1_softfp/libPeriphDriver_spi-v1_softfp.a(gpio_ai85.o)
                0x10001f80                MXC_GPIO_GetConfigLock
 .text.MXC_GPIO_RevA_OutSet
                0x10001f84        0x4 D:/MSDK/Libraries/PeriphDrivers/bin/MAX78000/spi-v1_softfp/libPeriphDriver_spi-v1_softfp.a(gpio_reva.o)
                0x10001f84                MXC_GPIO_RevA_OutSet
 .text.MXC_GPIO_RevA_OutClr
                0x10001f88        0x4 D:/MSDK/Libraries/PeriphDrivers/bin/MAX78000/spi-v1_softfp/libPeriphDriver_spi-v1_softfp.a(gpio_reva.o)
                0x10001f88                MXC_GPIO_RevA_OutClr
 .text.MXC_GPIO_RevA_ClearFlags
                0x10001f8c        0x4 D:/MSDK/Libraries/PeriphDrivers/bin/MAX78000/spi-v1_softfp/libPeriphDriver_spi-v1_softfp.a(gpio_reva.o)
                0x10001f8c                MXC_GPIO_RevA_ClearFlags
 .text.MXC_GPIO_RevA_GetFlags
                0x10001f90        0x4 D:/MSDK/Libraries/PeriphDrivers/bin/MAX78000/spi-v1_softfp/libPeriphDriver_spi-v1_softfp.a(gpio_reva.o)
                0x10001f90                MXC_GPIO_RevA_GetFlags
 .text.MXC_GPIO_RevA_SetVSSEL
                0x10001f94       0x40 D:/MSDK/Libraries/PeriphDrivers/bin/MAX78000/spi-v1_softfp/libPeriphDriver_spi-v1_softfp.a(gpio_reva.o)
                0x10001f94                MXC_GPIO_RevA_SetVSSEL
 .text.MXC_GPIO_RevA_SetAF
                0x10001fd4       0x7c D:/MSDK/Libraries/PeriphDrivers/bin/MAX78000/spi-v1_softfp/libPeriphDriver_spi-v1_softfp.a(gpio_reva.o)
                0x10001fd4                MXC_GPIO_RevA_SetAF
 .text.MXC_GPIO_RevA_SetDriveStrength
                0x10002050       0xa0 D:/MSDK/Libraries/PeriphDrivers/bin/MAX78000/spi-v1_softfp/libPeriphDriver_spi-v1_softfp.a(gpio_reva.o)
                0x10002050                MXC_GPIO_RevA_SetDriveStrength
 .text.MXC_ICC_Enable
                0x100020f0        0x4 D:/MSDK/Libraries/PeriphDrivers/bin/MAX78000/spi-v1_softfp/libPeriphDriver_spi-v1_softfp.a(icc_me17.o)
                0x100020f0                MXC_ICC_Enable
 .text.MXC_ICC_RevA_Enable
                0x100020f4       0x30 D:/MSDK/Libraries/PeriphDrivers/bin/MAX78000/spi-v1_softfp/libPeriphDriver_spi-v1_softfp.a(icc_reva.o)
                0x100020f4                MXC_ICC_RevA_Enable
 .text.MXC_LP_EnterSleepMode
                0x10002124       0x28 D:/MSDK/Libraries/PeriphDrivers/bin/MAX78000/spi-v1_softfp/libPeriphDriver_spi-v1_softfp.a(lp_ai85.o)
                0x10002124                MXC_LP_EnterSleepMode
 .text.MXC_UART_Shutdown
                0x1000214c       0x70 D:/MSDK/Libraries/PeriphDrivers/bin/MAX78000/spi-v1_softfp/libPeriphDriver_spi-v1_softfp.a(uart_ai85.o)
                0x1000214c                MXC_UART_Shutdown
 .text.MXC_UART_SetFrequency
                0x100021bc       0x90 D:/MSDK/Libraries/PeriphDrivers/bin/MAX78000/spi-v1_softfp/libPeriphDriver_spi-v1_softfp.a(uart_ai85.o)
                0x100021bc                MXC_UART_SetFrequency
 .text.MXC_UART_SetDataSize
                0x1000224c        0x4 D:/MSDK/Libraries/PeriphDrivers/bin/MAX78000/spi-v1_softfp/libPeriphDriver_spi-v1_softfp.a(uart_ai85.o)
                0x1000224c                MXC_UART_SetDataSize
 .text.MXC_UART_SetStopBits
                0x10002250        0x4 D:/MSDK/Libraries/PeriphDrivers/bin/MAX78000/spi-v1_softfp/libPeriphDriver_spi-v1_softfp.a(uart_ai85.o)
                0x10002250                MXC_UART_SetStopBits
 .text.MXC_UART_SetParity
                0x10002254        0x4 D:/MSDK/Libraries/PeriphDrivers/bin/MAX78000/spi-v1_softfp/libPeriphDriver_spi-v1_softfp.a(uart_ai85.o)
                0x10002254                MXC_UART_SetParity
 .text.MXC_UART_SetClockSource
                0x10002258       0x60 D:/MSDK/Libraries/PeriphDrivers/bin/MAX78000/spi-v1_softfp/libPeriphDriver_spi-v1_softfp.a(uart_ai85.o)
                0x10002258                MXC_UART_SetClockSource
 .text.MXC_UART_GetClockSource
                0x100022b8       0x4c D:/MSDK/Libraries/PeriphDrivers/bin/MAX78000/spi-v1_softfp/libPeriphDriver_spi-v1_softfp.a(uart_ai85.o)
                0x100022b8                MXC_UART_GetClockSource
 .text.MXC_UART_Init
                0x10002304       0xa0 D:/MSDK/Libraries/PeriphDrivers/bin/MAX78000/spi-v1_softfp/libPeriphDriver_spi-v1_softfp.a(uart_ai85.o)
                0x10002304                MXC_UART_Init
 .text.MXC_UART_ReadCharacterRaw
                0x100023a4        0x4 D:/MSDK/Libraries/PeriphDrivers/bin/MAX78000/spi-v1_softfp/libPeriphDriver_spi-v1_softfp.a(uart_ai85.o)
                0x100023a4                MXC_UART_ReadCharacterRaw
 .text.MXC_UART_WriteCharacterRaw
                0x100023a8        0x4 D:/MSDK/Libraries/PeriphDrivers/bin/MAX78000/spi-v1_softfp/libPeriphDriver_spi-v1_softfp.a(uart_ai85.o)
                0x100023a8                MXC_UART_WriteCharacterRaw
 .text.MXC_UART_ReadCharacter
                0x100023ac        0x4 D:/MSDK/Libraries/PeriphDrivers/bin/MAX78000/spi-v1_softfp/libPeriphDriver_spi-v1_softfp.a(uart_ai85.o)
                0x100023ac                MXC_UART_ReadCharacter
 .text.MXC_UART_WriteCharacter
                0x100023b0        0x4 D:/MSDK/Libraries/PeriphDrivers/bin/MAX78000/spi-v1_softfp/libPeriphDriver_spi-v1_softfp.a(uart_ai85.o)
                0x100023b0                MXC_UART_WriteCharacter
 .text.MXC_UART_GetRXFIFOAvailable
                0x100023b4        0x4 D:/MSDK/Libraries/PeriphDrivers/bin/MAX78000/spi-v1_softfp/libPeriphDriver_spi-v1_softfp.a(uart_ai85.o)
                0x100023b4                MXC_UART_GetRXFIFOAvailable
 .text.MXC_UART_GetTXFIFOAvailable
                0x100023b8        0x4 D:/MSDK/Libraries/PeriphDrivers/bin/MAX78000/spi-v1_softfp/libPeriphDriver_spi-v1_softfp.a(uart_ai85.o)
                0x100023b8                MXC_UART_GetTXFIFOAvailable
 .text.MXC_UART_SetRXThreshold
                0x100023bc        0x4 D:/MSDK/Libraries/PeriphDrivers/bin/MAX78000/spi-v1_softfp/libPeriphDriver_spi-v1_softfp.a(uart_ai85.o)
                0x100023bc                MXC_UART_SetRXThreshold
 .text.MXC_UART_Common_ReadCharacter
                0x100023c0       0x18 D:/MSDK/Libraries/PeriphDrivers/bin/MAX78000/spi-v1_softfp/libPeriphDriver_spi-v1_softfp.a(uart_common.o)
                0x100023c0                MXC_UART_Common_ReadCharacter
 .text.MXC_UART_Common_WriteCharacter
                0x100023d8       0x1c D:/MSDK/Libraries/PeriphDrivers/bin/MAX78000/spi-v1_softfp/libPeriphDriver_spi-v1_softfp.a(uart_common.o)
                0x100023d8                MXC_UART_Common_WriteCharacter
 .text.MXC_UART_RevB_Init
                0x100023f4       0xe0 D:/MSDK/Libraries/PeriphDrivers/bin/MAX78000/spi-v1_softfp/libPeriphDriver_spi-v1_softfp.a(uart_revb.o)
                0x100023f4                MXC_UART_RevB_Init
 .text.MXC_UART_RevB_SetFrequency
                0x100024d4       0x1c D:/MSDK/Libraries/PeriphDrivers/bin/MAX78000/spi-v1_softfp/libPeriphDriver_spi-v1_softfp.a(uart_revb.o)
                0x100024d4                MXC_UART_RevB_SetFrequency
 .text.MXC_UART_RevB_SetDataSize
                0x100024f0       0x20 D:/MSDK/Libraries/PeriphDrivers/bin/MAX78000/spi-v1_softfp/libPeriphDriver_spi-v1_softfp.a(uart_revb.o)
                0x100024f0                MXC_UART_RevB_SetDataSize
 .text.MXC_UART_RevB_SetStopBits
                0x10002510       0x28 D:/MSDK/Libraries/PeriphDrivers/bin/MAX78000/spi-v1_softfp/libPeriphDriver_spi-v1_softfp.a(uart_revb.o)
                0x10002510                MXC_UART_RevB_SetStopBits
 .text.MXC_UART_RevB_SetParity
                0x10002538       0x94 D:/MSDK/Libraries/PeriphDrivers/bin/MAX78000/spi-v1_softfp/libPeriphDriver_spi-v1_softfp.a(uart_revb.o)
                0x10002538                MXC_UART_RevB_SetParity
 .text.MXC_UART_RevB_SetClockSource
                0x100025cc       0xa8 D:/MSDK/Libraries/PeriphDrivers/bin/MAX78000/spi-v1_softfp/libPeriphDriver_spi-v1_softfp.a(uart_revb.o)
                0x100025cc                MXC_UART_RevB_SetClockSource
 .text.MXC_UART_RevB_GetClockSource
                0x10002674        0x8 D:/MSDK/Libraries/PeriphDrivers/bin/MAX78000/spi-v1_softfp/libPeriphDriver_spi-v1_softfp.a(uart_revb.o)
                0x10002674                MXC_UART_RevB_GetClockSource
 .text.MXC_UART_RevB_ReadCharacterRaw
                0x1000267c       0x10 D:/MSDK/Libraries/PeriphDrivers/bin/MAX78000/spi-v1_softfp/libPeriphDriver_spi-v1_softfp.a(uart_revb.o)
                0x1000267c                MXC_UART_RevB_ReadCharacterRaw
 .text.MXC_UART_RevB_WriteCharacterRaw
                0x1000268c       0x14 D:/MSDK/Libraries/PeriphDrivers/bin/MAX78000/spi-v1_softfp/libPeriphDriver_spi-v1_softfp.a(uart_revb.o)
                0x1000268c                MXC_UART_RevB_WriteCharacterRaw
 .text.MXC_UART_RevB_GetRXFIFOAvailable
                0x100026a0        0x8 D:/MSDK/Libraries/PeriphDrivers/bin/MAX78000/spi-v1_softfp/libPeriphDriver_spi-v1_softfp.a(uart_revb.o)
                0x100026a0                MXC_UART_RevB_GetRXFIFOAvailable
 .text.MXC_UART_RevB_GetTXFIFOAvailable
                0x100026a8        0xc D:/MSDK/Libraries/PeriphDrivers/bin/MAX78000/spi-v1_softfp/libPeriphDriver_spi-v1_softfp.a(uart_revb.o)
                0x100026a8                MXC_UART_RevB_GetTXFIFOAvailable
 .text.MXC_UART_RevB_SetRXThreshold
                0x100026b4       0x1c D:/MSDK/Libraries/PeriphDrivers/bin/MAX78000/spi-v1_softfp/libPeriphDriver_spi-v1_softfp.a(uart_revb.o)
                0x100026b4                MXC_UART_RevB_SetRXThreshold
 .text.MXC_GPIO_Common_Init
                0x100026d0       0x24 D:/MSDK/Libraries/PeriphDrivers/bin/MAX78000/spi-v1_softfp/libPeriphDriver_spi-v1_softfp.a(gpio_common.o)
                0x100026d0                MXC_GPIO_Common_Init
 .text.MXC_GPIO_Common_Handler
                0x100026f4       0x88 D:/MSDK/Libraries/PeriphDrivers/bin/MAX78000/spi-v1_softfp/libPeriphDriver_spi-v1_softfp.a(gpio_common.o)
                0x100026f4                MXC_GPIO_Common_Handler
 .text.MXC_GPIO_Common_GetConfigLock
                0x1000277c        0xc D:/MSDK/Libraries/PeriphDrivers/bin/MAX78000/spi-v1_softfp/libPeriphDriver_spi-v1_softfp.a(gpio_common.o)
                0x1000277c                MXC_GPIO_Common_GetConfigLock
 .text.__errno  0x10002788        0xc d:/msdk/tools/gnutools/10.3/bin/../lib/gcc/arm-none-eabi/10.3.1/../../../../arm-none-eabi/lib/thumb/v7e-m+fp/softfp\libc.a(lib_a-errno.o)
                0x10002788                __errno
 .text.__libc_init_array
                0x10002794       0x48 d:/msdk/tools/gnutools/10.3/bin/../lib/gcc/arm-none-eabi/10.3.1/../../../../arm-none-eabi/lib/thumb/v7e-m+fp/softfp\libc.a(lib_a-init.o)
                0x10002794                __libc_init_array
 .text.malloc   0x100027dc       0x10 d:/msdk/tools/gnutools/10.3/bin/../lib/gcc/arm-none-eabi/10.3.1/../../../../arm-none-eabi/lib/thumb/v7e-m+fp/softfp\libc.a(lib_a-malloc.o)
                0x100027dc                malloc
 .text._malloc_r
                0x100027ec      0x560 d:/msdk/tools/gnutools/10.3/bin/../lib/gcc/arm-none-eabi/10.3.1/../../../../arm-none-eabi/lib/thumb/v7e-m+fp/softfp\libc.a(lib_a-mallocr.o)
                0x100027ec                _malloc_r
 .text          0x10002d4c      0x134 d:/msdk/tools/gnutools/10.3/bin/../lib/gcc/arm-none-eabi/10.3.1/../../../../arm-none-eabi/lib/thumb/v7e-m+fp/softfp\libc.a(lib_a-memcpy.o)
                0x10002d4c                memcpy
 .text.memset   0x10002e80       0xa4 d:/msdk/tools/gnutools/10.3/bin/../lib/gcc/arm-none-eabi/10.3.1/../../../../arm-none-eabi/lib/thumb/v7e-m+fp/softfp\libc.a(lib_a-memset.o)
                0x10002e80                memset
 .text.__malloc_lock
                0x10002f24        0xc d:/msdk/tools/gnutools/10.3/bin/../lib/gcc/arm-none-eabi/10.3.1/../../../../arm-none-eabi/lib/thumb/v7e-m+fp/softfp\libc.a(lib_a-mlock.o)
                0x10002f24                __malloc_lock
 .text.__malloc_unlock
                0x10002f30        0xc d:/msdk/tools/gnutools/10.3/bin/../lib/gcc/arm-none-eabi/10.3.1/../../../../arm-none-eabi/lib/thumb/v7e-m+fp/softfp\libc.a(lib_a-mlock.o)
                0x10002f30                __malloc_unlock
 .text.printf   0x10002f3c       0x28 d:/msdk/tools/gnutools/10.3/bin/../lib/gcc/arm-none-eabi/10.3.1/../../../../arm-none-eabi/lib/thumb/v7e-m+fp/softfp\libc.a(lib_a-printf.o)
                0x10002f3c                printf
 .text._sbrk_r  0x10002f64       0x24 d:/msdk/tools/gnutools/10.3/bin/../lib/gcc/arm-none-eabi/10.3.1/../../../../arm-none-eabi/lib/thumb/v7e-m+fp/softfp\libc.a(lib_a-sbrkr.o)
                0x10002f64                _sbrk_r
 *fill*         0x10002f88       0x38 
 .text          0x10002fc0       0xdc d:/msdk/tools/gnutools/10.3/bin/../lib/gcc/arm-none-eabi/10.3.1/../../../../arm-none-eabi/lib/thumb/v7e-m+fp/softfp\libc.a(lib_a-strlen.o)
                0x10002fc0                strlen
 *fill*         0x1000309c        0x4 
 .text._vfprintf_r
                0x100030a0     0x1b8c d:/msdk/tools/gnutools/10.3/bin/../lib/gcc/arm-none-eabi/10.3.1/../../../../arm-none-eabi/lib/thumb/v7e-m+fp/softfp\libc.a(lib_a-vfprintf.o)
                0x100030a0                _vfprintf_r
 .text.__sbprintf
                0x10004c2c       0x80 d:/msdk/tools/gnutools/10.3/bin/../lib/gcc/arm-none-eabi/10.3.1/../../../../arm-none-eabi/lib/thumb/v7e-m+fp/softfp\libc.a(lib_a-vfprintf.o)
 .text.__swsetup_r
                0x10004cac       0xd4 d:/msdk/tools/gnutools/10.3/bin/../lib/gcc/arm-none-eabi/10.3.1/../../../../arm-none-eabi/lib/thumb/v7e-m+fp/softfp\libc.a(lib_a-wsetup.o)
                0x10004cac                __swsetup_r
 .text.startup.register_fini
                0x10004d80       0x14 d:/msdk/tools/gnutools/10.3/bin/../lib/gcc/arm-none-eabi/10.3.1/../../../../arm-none-eabi/lib/thumb/v7e-m+fp/softfp\libc.a(lib_a-__call_atexit.o)
 .text.atexit   0x10004d94        0xc d:/msdk/tools/gnutools/10.3/bin/../lib/gcc/arm-none-eabi/10.3.1/../../../../arm-none-eabi/lib/thumb/v7e-m+fp/softfp\libc.a(lib_a-atexit.o)
                0x10004d94                atexit
 .text.quorem   0x10004da0      0x128 d:/msdk/tools/gnutools/10.3/bin/../lib/gcc/arm-none-eabi/10.3.1/../../../../arm-none-eabi/lib/thumb/v7e-m+fp/softfp\libc.a(lib_a-dtoa.o)
 .text._dtoa_r  0x10004ec8      0xf34 d:/msdk/tools/gnutools/10.3/bin/../lib/gcc/arm-none-eabi/10.3.1/../../../../arm-none-eabi/lib/thumb/v7e-m+fp/softfp\libc.a(lib_a-dtoa.o)
                0x10004ec8                _dtoa_r
 .text.__sflush_r
                0x10005dfc      0x130 d:/msdk/tools/gnutools/10.3/bin/../lib/gcc/arm-none-eabi/10.3.1/../../../../arm-none-eabi/lib/thumb/v7e-m+fp/softfp\libc.a(lib_a-fflush.o)
                0x10005dfc                __sflush_r
 .text._fflush_r
                0x10005f2c       0x5c d:/msdk/tools/gnutools/10.3/bin/../lib/gcc/arm-none-eabi/10.3.1/../../../../arm-none-eabi/lib/thumb/v7e-m+fp/softfp\libc.a(lib_a-fflush.o)
                0x10005f2c                _fflush_r
 .text._cleanup_r
                0x10005f88        0xc d:/msdk/tools/gnutools/10.3/bin/../lib/gcc/arm-none-eabi/10.3.1/../../../../arm-none-eabi/lib/thumb/v7e-m+fp/softfp\libc.a(lib_a-findfp.o)
                0x10005f88                _cleanup_r
 .text.__sinit  0x10005f94      0x10c d:/msdk/tools/gnutools/10.3/bin/../lib/gcc/arm-none-eabi/10.3.1/../../../../arm-none-eabi/lib/thumb/v7e-m+fp/softfp\libc.a(lib_a-findfp.o)
                0x10005f94                __sinit
 .text.__sfp_lock_acquire
                0x100060a0        0xc d:/msdk/tools/gnutools/10.3/bin/../lib/gcc/arm-none-eabi/10.3.1/../../../../arm-none-eabi/lib/thumb/v7e-m+fp/softfp\libc.a(lib_a-findfp.o)
                0x100060a0                __sfp_lock_acquire
 .text.__sfp_lock_release
                0x100060ac        0xc d:/msdk/tools/gnutools/10.3/bin/../lib/gcc/arm-none-eabi/10.3.1/../../../../arm-none-eabi/lib/thumb/v7e-m+fp/softfp\libc.a(lib_a-findfp.o)
                0x100060ac                __sfp_lock_release
 .text.__libc_fini_array
                0x100060b8       0x2c d:/msdk/tools/gnutools/10.3/bin/../lib/gcc/arm-none-eabi/10.3.1/../../../../arm-none-eabi/lib/thumb/v7e-m+fp/softfp\libc.a(lib_a-fini.o)
                0x100060b8                __libc_fini_array
 .text._malloc_trim_r
                0x100060e4       0xa0 d:/msdk/tools/gnutools/10.3/bin/../lib/gcc/arm-none-eabi/10.3.1/../../../../arm-none-eabi/lib/thumb/v7e-m+fp/softfp\libc.a(lib_a-freer.o)
                0x100060e4                _malloc_trim_r
 .text._free_r  0x10006184      0x20c d:/msdk/tools/gnutools/10.3/bin/../lib/gcc/arm-none-eabi/10.3.1/../../../../arm-none-eabi/lib/thumb/v7e-m+fp/softfp\libc.a(lib_a-freer.o)
                0x10006184                _free_r
 .text.__sfvwrite_r
                0x10006390      0x2f0 d:/msdk/tools/gnutools/10.3/bin/../lib/gcc/arm-none-eabi/10.3.1/../../../../arm-none-eabi/lib/thumb/v7e-m+fp/softfp\libc.a(lib_a-fvwrite.o)
                0x10006390                __sfvwrite_r
 .text._fwalk_reent
                0x10006680       0x48 d:/msdk/tools/gnutools/10.3/bin/../lib/gcc/arm-none-eabi/10.3.1/../../../../arm-none-eabi/lib/thumb/v7e-m+fp/softfp\libc.a(lib_a-fwalk.o)
                0x10006680                _fwalk_reent
 .text._localeconv_r
                0x100066c8        0x8 d:/msdk/tools/gnutools/10.3/bin/../lib/gcc/arm-none-eabi/10.3.1/../../../../arm-none-eabi/lib/thumb/v7e-m+fp/softfp\libc.a(lib_a-localeconv.o)
                0x100066c8                _localeconv_r
 .text.__retarget_lock_init_recursive
                0x100066d0        0x4 d:/msdk/tools/gnutools/10.3/bin/../lib/gcc/arm-none-eabi/10.3.1/../../../../arm-none-eabi/lib/thumb/v7e-m+fp/softfp\libc.a(lib_a-lock.o)
                0x100066d0                __retarget_lock_init_recursive
 .text.__retarget_lock_close_recursive
                0x100066d4        0x4 d:/msdk/tools/gnutools/10.3/bin/../lib/gcc/arm-none-eabi/10.3.1/../../../../arm-none-eabi/lib/thumb/v7e-m+fp/softfp\libc.a(lib_a-lock.o)
                0x100066d4                __retarget_lock_close_recursive
 .text.__retarget_lock_acquire_recursive
                0x100066d8        0x4 d:/msdk/tools/gnutools/10.3/bin/../lib/gcc/arm-none-eabi/10.3.1/../../../../arm-none-eabi/lib/thumb/v7e-m+fp/softfp\libc.a(lib_a-lock.o)
                0x100066d8                __retarget_lock_acquire_recursive
 .text.__retarget_lock_release_recursive
                0x100066dc        0x4 d:/msdk/tools/gnutools/10.3/bin/../lib/gcc/arm-none-eabi/10.3.1/../../../../arm-none-eabi/lib/thumb/v7e-m+fp/softfp\libc.a(lib_a-lock.o)
                0x100066dc                __retarget_lock_release_recursive
 .text.__smakebuf_r
                0x100066e0       0xe0 d:/msdk/tools/gnutools/10.3/bin/../lib/gcc/arm-none-eabi/10.3.1/../../../../arm-none-eabi/lib/thumb/v7e-m+fp/softfp\libc.a(lib_a-makebuf.o)
                0x100066e0                __smakebuf_r
 .text          0x100067c0       0xa0 d:/msdk/tools/gnutools/10.3/bin/../lib/gcc/arm-none-eabi/10.3.1/../../../../arm-none-eabi/lib/thumb/v7e-m+fp/softfp\libc.a(lib_a-memchr.o)
                0x100067c0                memchr
 .text.memmove  0x10006860       0xf8 d:/msdk/tools/gnutools/10.3/bin/../lib/gcc/arm-none-eabi/10.3.1/../../../../arm-none-eabi/lib/thumb/v7e-m+fp/softfp\libc.a(lib_a-memmove.o)
                0x10006860                memmove
 .text._Balloc  0x10006958       0x4c d:/msdk/tools/gnutools/10.3/bin/../lib/gcc/arm-none-eabi/10.3.1/../../../../arm-none-eabi/lib/thumb/v7e-m+fp/softfp\libc.a(lib_a-mprec.o)
                0x10006958                _Balloc
 .text._Bfree   0x100069a4       0x14 d:/msdk/tools/gnutools/10.3/bin/../lib/gcc/arm-none-eabi/10.3.1/../../../../arm-none-eabi/lib/thumb/v7e-m+fp/softfp\libc.a(lib_a-mprec.o)
                0x100069a4                _Bfree
 .text.__multadd
                0x100069b8       0xa8 d:/msdk/tools/gnutools/10.3/bin/../lib/gcc/arm-none-eabi/10.3.1/../../../../arm-none-eabi/lib/thumb/v7e-m+fp/softfp\libc.a(lib_a-mprec.o)
                0x100069b8                __multadd
 .text.__hi0bits
                0x10006a60       0x40 d:/msdk/tools/gnutools/10.3/bin/../lib/gcc/arm-none-eabi/10.3.1/../../../../arm-none-eabi/lib/thumb/v7e-m+fp/softfp\libc.a(lib_a-mprec.o)
                0x10006a60                __hi0bits
 .text.__lo0bits
                0x10006aa0       0x60 d:/msdk/tools/gnutools/10.3/bin/../lib/gcc/arm-none-eabi/10.3.1/../../../../arm-none-eabi/lib/thumb/v7e-m+fp/softfp\libc.a(lib_a-mprec.o)
                0x10006aa0                __lo0bits
 .text.__i2b    0x10006b00       0x5c d:/msdk/tools/gnutools/10.3/bin/../lib/gcc/arm-none-eabi/10.3.1/../../../../arm-none-eabi/lib/thumb/v7e-m+fp/softfp\libc.a(lib_a-mprec.o)
                0x10006b00                __i2b
 .text.__multiply
                0x10006b5c      0x15c d:/msdk/tools/gnutools/10.3/bin/../lib/gcc/arm-none-eabi/10.3.1/../../../../arm-none-eabi/lib/thumb/v7e-m+fp/softfp\libc.a(lib_a-mprec.o)
                0x10006b5c                __multiply
 .text.__pow5mult
                0x10006cb8       0xc0 d:/msdk/tools/gnutools/10.3/bin/../lib/gcc/arm-none-eabi/10.3.1/../../../../arm-none-eabi/lib/thumb/v7e-m+fp/softfp\libc.a(lib_a-mprec.o)
                0x10006cb8                __pow5mult
 .text.__lshift
                0x10006d78       0xf0 d:/msdk/tools/gnutools/10.3/bin/../lib/gcc/arm-none-eabi/10.3.1/../../../../arm-none-eabi/lib/thumb/v7e-m+fp/softfp\libc.a(lib_a-mprec.o)
                0x10006d78                __lshift
 .text.__mcmp   0x10006e68       0x44 d:/msdk/tools/gnutools/10.3/bin/../lib/gcc/arm-none-eabi/10.3.1/../../../../arm-none-eabi/lib/thumb/v7e-m+fp/softfp\libc.a(lib_a-mprec.o)
                0x10006e68                __mcmp
 .text.__mdiff  0x10006eac      0x14c d:/msdk/tools/gnutools/10.3/bin/../lib/gcc/arm-none-eabi/10.3.1/../../../../arm-none-eabi/lib/thumb/v7e-m+fp/softfp\libc.a(lib_a-mprec.o)
                0x10006eac                __mdiff
 .text.__d2b    0x10006ff8       0xc4 d:/msdk/tools/gnutools/10.3/bin/../lib/gcc/arm-none-eabi/10.3.1/../../../../arm-none-eabi/lib/thumb/v7e-m+fp/softfp\libc.a(lib_a-mprec.o)
                0x10006ff8                __d2b
 .text._realloc_r
                0x100070bc      0x3d8 d:/msdk/tools/gnutools/10.3/bin/../lib/gcc/arm-none-eabi/10.3.1/../../../../arm-none-eabi/lib/thumb/v7e-m+fp/softfp\libc.a(lib_a-reallocr.o)
                0x100070bc                _realloc_r
 .text.frexp    0x10007494       0x70 d:/msdk/tools/gnutools/10.3/bin/../lib/gcc/arm-none-eabi/10.3.1/../../../../arm-none-eabi/lib/thumb/v7e-m+fp/softfp\libc.a(lib_a-s_frexp.o)
                0x10007494                frexp
 .text.__sread  0x10007504       0x24 d:/msdk/tools/gnutools/10.3/bin/../lib/gcc/arm-none-eabi/10.3.1/../../../../arm-none-eabi/lib/thumb/v7e-m+fp/softfp\libc.a(lib_a-stdio.o)
                0x10007504                __sread
 .text.__swrite
                0x10007528       0x40 d:/msdk/tools/gnutools/10.3/bin/../lib/gcc/arm-none-eabi/10.3.1/../../../../arm-none-eabi/lib/thumb/v7e-m+fp/softfp\libc.a(lib_a-stdio.o)
                0x10007528                __swrite
 .text.__sseek  0x10007568       0x20 d:/msdk/tools/gnutools/10.3/bin/../lib/gcc/arm-none-eabi/10.3.1/../../../../arm-none-eabi/lib/thumb/v7e-m+fp/softfp\libc.a(lib_a-stdio.o)
                0x10007568                __sseek
 .text.__sclose
                0x10007588        0x8 d:/msdk/tools/gnutools/10.3/bin/../lib/gcc/arm-none-eabi/10.3.1/../../../../arm-none-eabi/lib/thumb/v7e-m+fp/softfp\libc.a(lib_a-stdio.o)
                0x10007588                __sclose
 .text.strncpy  0x10007590       0x64 d:/msdk/tools/gnutools/10.3/bin/../lib/gcc/arm-none-eabi/10.3.1/../../../../arm-none-eabi/lib/thumb/v7e-m+fp/softfp\libc.a(lib_a-strncpy.o)
                0x10007590                strncpy
 .text.__sprint_r.part.0
                0x100075f4       0x78 d:/msdk/tools/gnutools/10.3/bin/../lib/gcc/arm-none-eabi/10.3.1/../../../../arm-none-eabi/lib/thumb/v7e-m+fp/softfp\libc.a(lib_a-vfiprintf.o)
 .text.__sprint_r
                0x1000766c       0x18 d:/msdk/tools/gnutools/10.3/bin/../lib/gcc/arm-none-eabi/10.3.1/../../../../arm-none-eabi/lib/thumb/v7e-m+fp/softfp\libc.a(lib_a-vfiprintf.o)
                0x1000766c                __sprint_r
 .text._vfiprintf_r
                0x10007684      0xdfc d:/msdk/tools/gnutools/10.3/bin/../lib/gcc/arm-none-eabi/10.3.1/../../../../arm-none-eabi/lib/thumb/v7e-m+fp/softfp\libc.a(lib_a-vfiprintf.o)
                0x10007684                _vfiprintf_r
 .text.__sbprintf
                0x10008480       0x80 d:/msdk/tools/gnutools/10.3/bin/../lib/gcc/arm-none-eabi/10.3.1/../../../../arm-none-eabi/lib/thumb/v7e-m+fp/softfp\libc.a(lib_a-vfiprintf.o)
 .text._write_r
                0x10008500       0x2c d:/msdk/tools/gnutools/10.3/bin/../lib/gcc/arm-none-eabi/10.3.1/../../../../arm-none-eabi/lib/thumb/v7e-m+fp/softfp\libc.a(lib_a-writer.o)
                0x10008500                _write_r
 .text.__register_exitproc
                0x1000852c       0x8c d:/msdk/tools/gnutools/10.3/bin/../lib/gcc/arm-none-eabi/10.3.1/../../../../arm-none-eabi/lib/thumb/v7e-m+fp/softfp\libc.a(lib_a-__atexit.o)
                0x1000852c                __register_exitproc
 .text.__assert_func
                0x100085b8       0x40 d:/msdk/tools/gnutools/10.3/bin/../lib/gcc/arm-none-eabi/10.3.1/../../../../arm-none-eabi/lib/thumb/v7e-m+fp/softfp\libc.a(lib_a-assert.o)
                0x100085b8                __assert_func
 .text._calloc_r
                0x100085f8       0x78 d:/msdk/tools/gnutools/10.3/bin/../lib/gcc/arm-none-eabi/10.3.1/../../../../arm-none-eabi/lib/thumb/v7e-m+fp/softfp\libc.a(lib_a-callocr.o)
                0x100085f8                _calloc_r
 .text._close_r
                0x10008670       0x24 d:/msdk/tools/gnutools/10.3/bin/../lib/gcc/arm-none-eabi/10.3.1/../../../../arm-none-eabi/lib/thumb/v7e-m+fp/softfp\libc.a(lib_a-closer.o)
                0x10008670                _close_r
 .text._fclose_r
                0x10008694       0xcc d:/msdk/tools/gnutools/10.3/bin/../lib/gcc/arm-none-eabi/10.3.1/../../../../arm-none-eabi/lib/thumb/v7e-m+fp/softfp\libc.a(lib_a-fclose.o)
                0x10008694                _fclose_r
 .text.fiprintf
                0x10008760       0x28 d:/msdk/tools/gnutools/10.3/bin/../lib/gcc/arm-none-eabi/10.3.1/../../../../arm-none-eabi/lib/thumb/v7e-m+fp/softfp\libc.a(lib_a-fiprintf.o)
                0x10008760                fiprintf
 .text.__fputwc
                0x10008788       0xa8 d:/msdk/tools/gnutools/10.3/bin/../lib/gcc/arm-none-eabi/10.3.1/../../../../arm-none-eabi/lib/thumb/v7e-m+fp/softfp\libc.a(lib_a-fputwc.o)
                0x10008788                __fputwc
 .text._fputwc_r
                0x10008830       0x68 d:/msdk/tools/gnutools/10.3/bin/../lib/gcc/arm-none-eabi/10.3.1/../../../../arm-none-eabi/lib/thumb/v7e-m+fp/softfp\libc.a(lib_a-fputwc.o)
                0x10008830                _fputwc_r
 .text._fstat_r
                0x10008898       0x2c d:/msdk/tools/gnutools/10.3/bin/../lib/gcc/arm-none-eabi/10.3.1/../../../../arm-none-eabi/lib/thumb/v7e-m+fp/softfp\libc.a(lib_a-fstatr.o)
                0x10008898                _fstat_r
 .text._isatty_r
                0x100088c4       0x24 d:/msdk/tools/gnutools/10.3/bin/../lib/gcc/arm-none-eabi/10.3.1/../../../../arm-none-eabi/lib/thumb/v7e-m+fp/softfp\libc.a(lib_a-isattyr.o)
                0x100088c4                _isatty_r
 .text.__locale_mb_cur_max
                0x100088e8        0xc d:/msdk/tools/gnutools/10.3/bin/../lib/gcc/arm-none-eabi/10.3.1/../../../../arm-none-eabi/lib/thumb/v7e-m+fp/softfp\libc.a(lib_a-locale.o)
                0x100088e8                __locale_mb_cur_max
 .text._lseek_r
                0x100088f4       0x2c d:/msdk/tools/gnutools/10.3/bin/../lib/gcc/arm-none-eabi/10.3.1/../../../../arm-none-eabi/lib/thumb/v7e-m+fp/softfp\libc.a(lib_a-lseekr.o)
                0x100088f4                _lseek_r
 .text.__ascii_mbtowc
                0x10008920       0x2c d:/msdk/tools/gnutools/10.3/bin/../lib/gcc/arm-none-eabi/10.3.1/../../../../arm-none-eabi/lib/thumb/v7e-m+fp/softfp\libc.a(lib_a-mbtowc_r.o)
                0x10008920                __ascii_mbtowc
 .text._read_r  0x1000894c       0x2c d:/msdk/tools/gnutools/10.3/bin/../lib/gcc/arm-none-eabi/10.3.1/../../../../arm-none-eabi/lib/thumb/v7e-m+fp/softfp\libc.a(lib_a-readr.o)
                0x1000894c                _read_r
 .text.__swbuf_r
                0x10008978       0xb0 d:/msdk/tools/gnutools/10.3/bin/../lib/gcc/arm-none-eabi/10.3.1/../../../../arm-none-eabi/lib/thumb/v7e-m+fp/softfp\libc.a(lib_a-wbuf.o)
                0x10008978                __swbuf_r
 .text._wcrtomb_r
                0x10008a28       0x3c d:/msdk/tools/gnutools/10.3/bin/../lib/gcc/arm-none-eabi/10.3.1/../../../../arm-none-eabi/lib/thumb/v7e-m+fp/softfp\libc.a(lib_a-wcrtomb.o)
                0x10008a28                _wcrtomb_r
 .text.__ascii_wctomb
                0x10008a64       0x1c d:/msdk/tools/gnutools/10.3/bin/../lib/gcc/arm-none-eabi/10.3.1/../../../../arm-none-eabi/lib/thumb/v7e-m+fp/softfp\libc.a(lib_a-wctomb_r.o)
                0x10008a64                __ascii_wctomb
 .text.abort    0x10008a80       0x10 d:/msdk/tools/gnutools/10.3/bin/../lib/gcc/arm-none-eabi/10.3.1/../../../../arm-none-eabi/lib/thumb/v7e-m+fp/softfp\libc.a(lib_a-abort.o)
                0x10008a80                abort
 .text.raise    0x10008a90       0x5c d:/msdk/tools/gnutools/10.3/bin/../lib/gcc/arm-none-eabi/10.3.1/../../../../arm-none-eabi/lib/thumb/v7e-m+fp/softfp\libc.a(lib_a-signal.o)
                0x10008a90                raise
 .text._kill_r  0x10008aec       0x2c d:/msdk/tools/gnutools/10.3/bin/../lib/gcc/arm-none-eabi/10.3.1/../../../../arm-none-eabi/lib/thumb/v7e-m+fp/softfp\libc.a(lib_a-signalr.o)
                0x10008aec                _kill_r
 .text._getpid_r
                0x10008b18        0x4 d:/msdk/tools/gnutools/10.3/bin/../lib/gcc/arm-none-eabi/10.3.1/../../../../arm-none-eabi/lib/thumb/v7e-m+fp/softfp\libc.a(lib_a-signalr.o)
                0x10008b18                _getpid_r
 .text._exit    0x10008b1c        0x4 d:/msdk/tools/gnutools/10.3/bin/../lib/gcc/arm-none-eabi/10.3.1/../../../../arm-none-eabi/lib/thumb/v7e-m+fp/softfp\libnosys.a(_exit.o)
                0x10008b1c                _exit
 .text          0x10008b20      0x378 d:/msdk/tools/gnutools/10.3/bin/../lib/gcc/arm-none-eabi/10.3.1/thumb/v7e-m+fp/softfp\libgcc.a(_arm_addsubdf3.o)
                0x10008b20                __aeabi_drsub
                0x10008b28                __aeabi_dsub
                0x10008b28                __subdf3
                0x10008b2c                __aeabi_dadd
                0x10008b2c                __adddf3
                0x10008da4                __floatunsidf
                0x10008da4                __aeabi_ui2d
                0x10008dc4                __floatsidf
                0x10008dc4                __aeabi_i2d
                0x10008de8                __aeabi_f2d
                0x10008de8                __extendsfdf2
                0x10008e2c                __floatundidf
                0x10008e2c                __aeabi_ul2d
                0x10008e3c                __floatdidf
                0x10008e3c                __aeabi_l2d
 .text          0x10008e98      0x424 d:/msdk/tools/gnutools/10.3/bin/../lib/gcc/arm-none-eabi/10.3.1/thumb/v7e-m+fp/softfp\libgcc.a(_arm_muldivdf3.o)
                0x10008e98                __aeabi_dmul
                0x10008e98                __muldf3
                0x100090ec                __divdf3
                0x100090ec                __aeabi_ddiv
 .text          0x100092bc      0x110 d:/msdk/tools/gnutools/10.3/bin/../lib/gcc/arm-none-eabi/10.3.1/thumb/v7e-m+fp/softfp\libgcc.a(_arm_cmpdf2.o)
                0x100092bc                __gtdf2
                0x100092bc                __gedf2
                0x100092c4                __ltdf2
                0x100092c4                __ledf2
                0x100092cc                __nedf2
                0x100092cc                __eqdf2
                0x100092cc                __cmpdf2
                0x10009348                __aeabi_cdrcmple
                0x10009358                __aeabi_cdcmpeq
                0x10009358                __aeabi_cdcmple
                0x10009368                __aeabi_dcmpeq
                0x1000937c                __aeabi_dcmplt
                0x10009390                __aeabi_dcmple
                0x100093a4                __aeabi_dcmpge
                0x100093b8                __aeabi_dcmpgt
 .text          0x100093cc       0x2c d:/msdk/tools/gnutools/10.3/bin/../lib/gcc/arm-none-eabi/10.3.1/thumb/v7e-m+fp/softfp\libgcc.a(_arm_unorddf2.o)
                0x100093cc                __unorddf2
                0x100093cc                __aeabi_dcmpun
 .text          0x100093f8       0x50 d:/msdk/tools/gnutools/10.3/bin/../lib/gcc/arm-none-eabi/10.3.1/thumb/v7e-m+fp/softfp\libgcc.a(_arm_fixdfsi.o)
                0x100093f8                __aeabi_d2iz
                0x100093f8                __fixdfsi
 .text          0x10009448       0xa0 d:/msdk/tools/gnutools/10.3/bin/../lib/gcc/arm-none-eabi/10.3.1/thumb/v7e-m+fp/softfp\libgcc.a(_aeabi_ldivmod.o)
                0x10009448                __aeabi_ldivmod
 .text          0x100094e8       0x30 d:/msdk/tools/gnutools/10.3/bin/../lib/gcc/arm-none-eabi/10.3.1/thumb/v7e-m+fp/softfp\libgcc.a(_aeabi_uldivmod.o)
                0x100094e8                __aeabi_uldivmod
 .text          0x10009518      0x2d0 d:/msdk/tools/gnutools/10.3/bin/../lib/gcc/arm-none-eabi/10.3.1/thumb/v7e-m+fp/softfp\libgcc.a(_udivmoddi4.o)
                0x10009518                __udivmoddi4
 .text          0x100097e8        0x4 d:/msdk/tools/gnutools/10.3/bin/../lib/gcc/arm-none-eabi/10.3.1/thumb/v7e-m+fp/softfp\libgcc.a(_dvmd_tls.o)
                0x100097e8                __aeabi_idiv0
                0x100097e8                __aeabi_ldiv0
 *(.rodata*)
 .rodata.bias_0
                0x100097ec       0xd4 d:/ai85-funnyimagenet-2/build/cnn.o
 .rodata.bias_1
                0x100098c0       0xc1 d:/ai85-funnyimagenet-2/build/cnn.o
 *fill*         0x10009981        0x3 
 .rodata.bias_2
                0x10009984       0xe0 d:/ai85-funnyimagenet-2/build/cnn.o
 .rodata.bias_3
                0x10009a64       0xe0 d:/ai85-funnyimagenet-2/build/cnn.o
 .rodata.kernels
                0x10009b44    0x4fcc4 d:/ai85-funnyimagenet-2/build/cnn.o
 .rodata.input_0
                0x10059808     0x6400 d:/ai85-funnyimagenet-2/build/main.o
 .rodata.mxc_assert.str1.4
                0x1005fc08       0x19 d:/ai85-funnyimagenet-2/build/board.o
 *fill*         0x1005fc21        0x3 
 .rodata.Board_Init.str1.4
                0x1005fc24       0x41 d:/ai85-funnyimagenet-2/build/board.o
 *fill*         0x1005fc65        0x3 
 .rodata.led_pin
                0x1005fc68       0x24 d:/ai85-funnyimagenet-2/build/board.o
                0x1005fc68                led_pin
 .rodata.num_leds
                0x1005fc8c        0x4 d:/ai85-funnyimagenet-2/build/board.o
                0x1005fc8c                num_leds
 .rodata.num_pbs
                0x1005fc90        0x4 d:/ai85-funnyimagenet-2/build/board.o
                0x1005fc90                num_pbs
 .rodata.pb_pin
                0x1005fc94       0x18 d:/ai85-funnyimagenet-2/build/board.o
                0x1005fc94                pb_pin
 .rodata.LED_On.str1.4
                0x1005fcac       0x37 d:/ai85-funnyimagenet-2/build/led.o
 *fill*         0x1005fce3        0x1 
 .rodata.gpio_cfg_extclk
                0x1005fce4        0xc D:/MSDK/Libraries/PeriphDrivers/bin/MAX78000/spi-v1_softfp/libPeriphDriver_spi-v1_softfp.a(pins_ai85.o)
                0x1005fce4                gpio_cfg_extclk
 .rodata.gpio_cfg_uart0
                0x1005fcf0        0xc D:/MSDK/Libraries/PeriphDrivers/bin/MAX78000/spi-v1_softfp/libPeriphDriver_spi-v1_softfp.a(pins_ai85.o)
                0x1005fcf0                gpio_cfg_uart0
 .rodata.gpio_cfg_uart1
                0x1005fcfc        0xc D:/MSDK/Libraries/PeriphDrivers/bin/MAX78000/spi-v1_softfp/libPeriphDriver_spi-v1_softfp.a(pins_ai85.o)
                0x1005fcfc                gpio_cfg_uart1
 .rodata.gpio_cfg_uart2
                0x1005fd08        0xc D:/MSDK/Libraries/PeriphDrivers/bin/MAX78000/spi-v1_softfp/libPeriphDriver_spi-v1_softfp.a(pins_ai85.o)
                0x1005fd08                gpio_cfg_uart2
 .rodata.gpio_cfg_uart3
                0x1005fd14        0xc D:/MSDK/Libraries/PeriphDrivers/bin/MAX78000/spi-v1_softfp/libPeriphDriver_spi-v1_softfp.a(pins_ai85.o)
                0x1005fd14                gpio_cfg_uart3
 .rodata.MXC_UART_RevB_Init.str1.4
                0x1005fd20       0x73 D:/MSDK/Libraries/PeriphDrivers/bin/MAX78000/spi-v1_softfp/libPeriphDriver_spi-v1_softfp.a(uart_revb.o)
 *fill*         0x1005fd93        0x1 
 .rodata.MXC_UART_RevB_SetClockSource.str1.4
                0x1005fd94       0x27 D:/MSDK/Libraries/PeriphDrivers/bin/MAX78000/spi-v1_softfp/libPeriphDriver_spi-v1_softfp.a(uart_revb.o)
 *fill*         0x1005fdbb        0x1 
 .rodata.MXC_GPIO_Common_Handler.str1.4
                0x1005fdbc       0x62 D:/MSDK/Libraries/PeriphDrivers/bin/MAX78000/spi-v1_softfp/libPeriphDriver_spi-v1_softfp.a(gpio_common.o)
 *fill*         0x1005fe1e        0x2 
 .rodata._global_impure_ptr
                0x1005fe20        0x4 d:/msdk/tools/gnutools/10.3/bin/../lib/gcc/arm-none-eabi/10.3.1/../../../../arm-none-eabi/lib/thumb/v7e-m+fp/softfp\libc.a(lib_a-impure.o)
                0x1005fe20                _global_impure_ptr
 .rodata._vfprintf_r.str1.4
                0x1005fe24       0x42 d:/msdk/tools/gnutools/10.3/bin/../lib/gcc/arm-none-eabi/10.3.1/../../../../arm-none-eabi/lib/thumb/v7e-m+fp/softfp\libc.a(lib_a-vfprintf.o)
 *fill*         0x1005fe66        0x2 
 .rodata.blanks.1
                0x1005fe68       0x10 d:/msdk/tools/gnutools/10.3/bin/../lib/gcc/arm-none-eabi/10.3.1/../../../../arm-none-eabi/lib/thumb/v7e-m+fp/softfp\libc.a(lib_a-vfprintf.o)
 .rodata.zeroes.0
                0x1005fe78       0x10 d:/msdk/tools/gnutools/10.3/bin/../lib/gcc/arm-none-eabi/10.3.1/../../../../arm-none-eabi/lib/thumb/v7e-m+fp/softfp\libc.a(lib_a-vfprintf.o)
 .rodata._dtoa_r.str1.4
                0x1005fe88       0xa2 d:/msdk/tools/gnutools/10.3/bin/../lib/gcc/arm-none-eabi/10.3.1/../../../../arm-none-eabi/lib/thumb/v7e-m+fp/softfp\libc.a(lib_a-dtoa.o)
                                 0xa6 (size before relaxing)
 *fill*         0x1005ff2a        0x2 
 .rodata.__multadd.str1.4
                0x1005ff2c       0x7f d:/msdk/tools/gnutools/10.3/bin/../lib/gcc/arm-none-eabi/10.3.1/../../../../arm-none-eabi/lib/thumb/v7e-m+fp/softfp\libc.a(lib_a-mprec.o)
                                 0x93 (size before relaxing)
 *fill*         0x1005ffab        0x5 
 .rodata.__mprec_bigtens
                0x1005ffb0       0x28 d:/msdk/tools/gnutools/10.3/bin/../lib/gcc/arm-none-eabi/10.3.1/../../../../arm-none-eabi/lib/thumb/v7e-m+fp/softfp\libc.a(lib_a-mprec.o)
                0x1005ffb0                __mprec_bigtens
 .rodata.__mprec_tens
                0x1005ffd8       0xc8 d:/msdk/tools/gnutools/10.3/bin/../lib/gcc/arm-none-eabi/10.3.1/../../../../arm-none-eabi/lib/thumb/v7e-m+fp/softfp\libc.a(lib_a-mprec.o)
                0x1005ffd8                __mprec_tens
 .rodata.p05.0  0x100600a0        0xc d:/msdk/tools/gnutools/10.3/bin/../lib/gcc/arm-none-eabi/10.3.1/../../../../arm-none-eabi/lib/thumb/v7e-m+fp/softfp\libc.a(lib_a-mprec.o)
 .rodata._vfiprintf_r.str1.4
                0x100600ac       0x2f d:/msdk/tools/gnutools/10.3/bin/../lib/gcc/arm-none-eabi/10.3.1/../../../../arm-none-eabi/lib/thumb/v7e-m+fp/softfp\libc.a(lib_a-vfiprintf.o)
 .rodata.blanks.1
                0x100600ac       0x10 d:/msdk/tools/gnutools/10.3/bin/../lib/gcc/arm-none-eabi/10.3.1/../../../../arm-none-eabi/lib/thumb/v7e-m+fp/softfp\libc.a(lib_a-vfiprintf.o)
 .rodata.zeroes.0
                0x100600bc       0x10 d:/msdk/tools/gnutools/10.3/bin/../lib/gcc/arm-none-eabi/10.3.1/../../../../arm-none-eabi/lib/thumb/v7e-m+fp/softfp\libc.a(lib_a-vfiprintf.o)
 .rodata.__assert_func.str1.4
                0x100600cc       0x3f d:/msdk/tools/gnutools/10.3/bin/../lib/gcc/arm-none-eabi/10.3.1/../../../../arm-none-eabi/lib/thumb/v7e-m+fp/softfp\libc.a(lib_a-assert.o)
                                 0x43 (size before relaxing)
 *fill*         0x1006010b        0x1 
 .rodata._setlocale_r.str1.4
                0x1006010c        0xa d:/msdk/tools/gnutools/10.3/bin/../lib/gcc/arm-none-eabi/10.3.1/../../../../arm-none-eabi/lib/thumb/v7e-m+fp/softfp\libc.a(lib_a-locale.o)
                                  0xd (size before relaxing)
 *fill*         0x10060116        0x2 
 .rodata.str1.4
                0x10060118        0x2 d:/msdk/tools/gnutools/10.3/bin/../lib/gcc/arm-none-eabi/10.3.1/../../../../arm-none-eabi/lib/thumb/v7e-m+fp/softfp\libc.a(lib_a-locale.o)
 *fill*         0x1006011a        0x2 
 .rodata._ctype_
                0x1006011c      0x101 d:/msdk/tools/gnutools/10.3/bin/../lib/gcc/arm-none-eabi/10.3.1/../../../../arm-none-eabi/lib/thumb/v7e-m+fp/softfp\libc.a(lib_a-ctype_.o)
                0x1006011c                _ctype_
 *(.init)
 *fill*         0x1006021d        0x3 
 .init          0x10060220        0x4 d:/msdk/tools/gnutools/10.3/bin/../lib/gcc/arm-none-eabi/10.3.1/thumb/v7e-m+fp/softfp/crti.o
                0x10060220                _init
 .init          0x10060224        0x8 d:/msdk/tools/gnutools/10.3/bin/../lib/gcc/arm-none-eabi/10.3.1/thumb/v7e-m+fp/softfp/crtn.o
 *(.fini)
 .fini          0x1006022c        0x4 d:/msdk/tools/gnutools/10.3/bin/../lib/gcc/arm-none-eabi/10.3.1/thumb/v7e-m+fp/softfp/crti.o
                0x1006022c                _fini
 .fini          0x10060230        0x8 d:/msdk/tools/gnutools/10.3/bin/../lib/gcc/arm-none-eabi/10.3.1/thumb/v7e-m+fp/softfp/crtn.o
 *crtbegin.o(.ctors)
 *crtbegin?.o(.ctors)
 *(EXCLUDE_FILE(*crtend.o *crtend?.o) .ctors)
 *(SORT_BY_NAME(.ctors.*))
 *(.ctors)
 *crtbegin.o(.dtors)
 *crtbegin?.o(.dtors)
 *(EXCLUDE_FILE(*crtend.o *crtend?.o) .dtors)
 *(SORT_BY_NAME(.dtors.*))
 *(.dtors)
 *(.eh_frame*)
 .eh_frame      0x10060238        0x0 d:/msdk/tools/gnutools/10.3/bin/../lib/gcc/arm-none-eabi/10.3.1/thumb/v7e-m+fp/softfp/crtbegin.o
 .eh_frame      0x10060238        0x4 d:/msdk/tools/gnutools/10.3/bin/../lib/gcc/arm-none-eabi/10.3.1/thumb/v7e-m+fp/softfp/crtend.o
                0x1006023c                _etext = .

.glue_7         0x1006023c        0x0
 .glue_7        0x1006023c        0x0 linker stubs

.glue_7t        0x1006023c        0x0
 .glue_7t       0x1006023c        0x0 linker stubs

.vfp11_veneer   0x1006023c        0x0
 .vfp11_veneer  0x1006023c        0x0 linker stubs

.v4_bx          0x1006023c        0x0
 .v4_bx         0x1006023c        0x0 linker stubs

.iplt           0x1006023c        0x0
 .iplt          0x1006023c        0x0 d:/msdk/tools/gnutools/10.3/bin/../lib/gcc/arm-none-eabi/10.3.1/thumb/v7e-m+fp/softfp/crtbegin.o

.ARM.extab
 *(.ARM.extab* .gnu.linkonce.armextab.*)

.bin_storage    0x1006023c        0x0
 FILL mask 0xff
                0x1006023c                _bin_start_ = .
 *(.bin_storage_img)
                0x1006023c                _bin_end_ = .
                0x1006023c                . = ALIGN (0x4)

.rom_code       0x00000000        0x0
                0x00000000                . = ALIGN (0x10)
                0x20000000                _sran_code = .
 *(.rom_code_section)
                0x20000000                _esran_code = .

.flash_code     0x1006023c        0x4
                0x10060240                . = ALIGN (0x10)
 *fill*         0x1006023c        0x4 
                0x20000000                _sran_code = .
 *(.flash_code_section)
                0x20000000                _esran_code = .

.sram_code      0x20000000        0x0
                0x20000000                . = ALIGN (0x10)
                0x20000000                _sran_code = .
 *(.sram_code_section)
                0x20000000                _esran_code = .

.ARM.exidx      0x10060240        0x8
                0x10060240                __exidx_start = .
 *(.ARM.exidx* .gnu.linkonce.armexidx.*)
 .ARM.exidx     0x10060240        0x8 d:/msdk/tools/gnutools/10.3/bin/../lib/gcc/arm-none-eabi/10.3.1/thumb/v7e-m+fp/softfp\libgcc.a(_udivmoddi4.o)
                0x10060248                __exidx_end = .

.rel.dyn        0x10060248        0x0
 .rel.iplt      0x10060248        0x0 d:/msdk/tools/gnutools/10.3/bin/../lib/gcc/arm-none-eabi/10.3.1/thumb/v7e-m+fp/softfp/crtbegin.o

.data           0x20000000      0xa24 load address 0x10060248
                0x20000000                _data = ALIGN (., 0x4)
 *(vtable)
 *(.data*)
 .data.ConsoleUart
                0x20000000        0x4 d:/ai85-funnyimagenet-2/build/board.o
                0x20000000                ConsoleUart
 .data.overflows
                0x20000004        0x4 D:/MSDK/Libraries/PeriphDrivers/bin/MAX78000/spi-v1_softfp/libPeriphDriver_spi-v1_softfp.a(mxc_delay.o)
 .data.states   0x20000008       0x60 D:/MSDK/Libraries/PeriphDrivers/bin/MAX78000/spi-v1_softfp/libPeriphDriver_spi-v1_softfp.a(uart_revb.o)
 .data._impure_ptr
                0x20000068        0x4 d:/msdk/tools/gnutools/10.3/bin/../lib/gcc/arm-none-eabi/10.3.1/../../../../arm-none-eabi/lib/thumb/v7e-m+fp/softfp\libc.a(lib_a-impure.o)
                0x20000068                _impure_ptr
 *fill*         0x2000006c        0x4 
 .data.impure_data
                0x20000070      0x428 d:/msdk/tools/gnutools/10.3/bin/../lib/gcc/arm-none-eabi/10.3.1/../../../../arm-none-eabi/lib/thumb/v7e-m+fp/softfp\libc.a(lib_a-impure.o)
 .data.__malloc_av_
                0x20000498      0x408 d:/msdk/tools/gnutools/10.3/bin/../lib/gcc/arm-none-eabi/10.3.1/../../../../arm-none-eabi/lib/thumb/v7e-m+fp/softfp\libc.a(lib_a-mallocr.o)
                0x20000498                __malloc_av_
 .data.__malloc_sbrk_base
                0x200008a0        0x4 d:/msdk/tools/gnutools/10.3/bin/../lib/gcc/arm-none-eabi/10.3.1/../../../../arm-none-eabi/lib/thumb/v7e-m+fp/softfp\libc.a(lib_a-mallocr.o)
                0x200008a0                __malloc_sbrk_base
 .data.__malloc_trim_threshold
                0x200008a4        0x4 d:/msdk/tools/gnutools/10.3/bin/../lib/gcc/arm-none-eabi/10.3.1/../../../../arm-none-eabi/lib/thumb/v7e-m+fp/softfp\libc.a(lib_a-mallocr.o)
                0x200008a4                __malloc_trim_threshold
 .data.__atexit_recursive_mutex
                0x200008a8        0x4 d:/msdk/tools/gnutools/10.3/bin/../lib/gcc/arm-none-eabi/10.3.1/../../../../arm-none-eabi/lib/thumb/v7e-m+fp/softfp\libc.a(lib_a-__call_atexit.o)
                0x200008a8                __atexit_recursive_mutex
 .data.__global_locale
                0x200008ac      0x16c d:/msdk/tools/gnutools/10.3/bin/../lib/gcc/arm-none-eabi/10.3.1/../../../../arm-none-eabi/lib/thumb/v7e-m+fp/softfp\libc.a(lib_a-locale.o)
                0x200008ac                __global_locale
 *(.flashprog*)
                0x20000a18                . = ALIGN (0x4)
                0x20000a18                PROVIDE (__preinit_array_start = .)
 *(.preinit_array)
                0x20000a18                PROVIDE (__preinit_array_end = .)
                0x20000a18                . = ALIGN (0x4)
                0x20000a18                PROVIDE (__init_array_start = .)
 *(SORT_BY_NAME(.init_array.*))
 .init_array.00000
                0x20000a18        0x4 d:/msdk/tools/gnutools/10.3/bin/../lib/gcc/arm-none-eabi/10.3.1/../../../../arm-none-eabi/lib/thumb/v7e-m+fp/softfp\libc.a(lib_a-__call_atexit.o)
 *(.init_array)
 .init_array    0x20000a1c        0x4 d:/msdk/tools/gnutools/10.3/bin/../lib/gcc/arm-none-eabi/10.3.1/thumb/v7e-m+fp/softfp/crtbegin.o
                0x20000a20                PROVIDE (__init_array_end = .)
                0x20000a20                . = ALIGN (0x4)
                0x20000a20                PROVIDE (__fini_array_start = .)
 *(SORT_BY_NAME(.fini_array.*))
 *(.fini_array)
 .fini_array    0x20000a20        0x4 d:/msdk/tools/gnutools/10.3/bin/../lib/gcc/arm-none-eabi/10.3.1/thumb/v7e-m+fp/softfp/crtbegin.o
                0x20000a24                PROVIDE (__fini_array_end = .)
                0x20000a24                _edata = ALIGN (., 0x4)
                0x10060248                __load_data = LOADADDR (.data)

.igot.plt       0x20000a24        0x0 load address 0x10060c6c
 .igot.plt      0x20000a24        0x0 d:/msdk/tools/gnutools/10.3/bin/../lib/gcc/arm-none-eabi/10.3.1/thumb/v7e-m+fp/softfp/crtbegin.o

.bss            0x20000c00      0x830 load address 0x10060c6c
                0x20000c00                . = ALIGN (0x4)
                0x20000c00                _bss = .
 *(.bss*)
 .bss           0x20000c00       0x1c d:/msdk/tools/gnutools/10.3/bin/../lib/gcc/arm-none-eabi/10.3.1/thumb/v7e-m+fp/softfp/crtbegin.o
 .bss.cnn_time  0x20000c1c        0x4 d:/ai85-funnyimagenet-2/build/main.o
                0x20000c1c                cnn_time
 .bss.ml_data   0x20000c20       0x50 d:/ai85-funnyimagenet-2/build/main.o
 .bss.ml_softmax
                0x20000c70       0x28 d:/ai85-funnyimagenet-2/build/main.o
 .bss.g_pb_polarity
                0x20000c98        0x4 d:/ai85-funnyimagenet-2/build/pb.o
 .bss.heap_end  0x20000c9c        0x4 d:/ai85-funnyimagenet-2/build/heap.o
 .bss.cbFunc    0x20000ca0        0x4 D:/MSDK/Libraries/PeriphDrivers/bin/MAX78000/spi-v1_softfp/libPeriphDriver_spi-v1_softfp.a(mxc_delay.o)
 .bss.ctrl_save
                0x20000ca4        0x4 D:/MSDK/Libraries/PeriphDrivers/bin/MAX78000/spi-v1_softfp/libPeriphDriver_spi-v1_softfp.a(mxc_delay.o)
 .bss.endtick   0x20000ca8        0x4 D:/MSDK/Libraries/PeriphDrivers/bin/MAX78000/spi-v1_softfp/libPeriphDriver_spi-v1_softfp.a(mxc_delay.o)
 *fill*         0x20000cac      0x154 
 .bss.ramVectorTable
                0x20000e00      0x1e0 D:/MSDK/Libraries/PeriphDrivers/bin/MAX78000/spi-v1_softfp/libPeriphDriver_spi-v1_softfp.a(nvic_table.o)
 .bss.g_is_clock_locked
                0x20000fe0        0x4 D:/MSDK/Libraries/PeriphDrivers/bin/MAX78000/spi-v1_softfp/libPeriphDriver_spi-v1_softfp.a(uart_revb.o)
 .bss.callback  0x20000fe4      0x200 D:/MSDK/Libraries/PeriphDrivers/bin/MAX78000/spi-v1_softfp/libPeriphDriver_spi-v1_softfp.a(gpio_common.o)
 .bss.cbparam   0x200011e4      0x200 D:/MSDK/Libraries/PeriphDrivers/bin/MAX78000/spi-v1_softfp/libPeriphDriver_spi-v1_softfp.a(gpio_common.o)
 .bss.cfg_lock  0x200013e4        0x1 D:/MSDK/Libraries/PeriphDrivers/bin/MAX78000/spi-v1_softfp/libPeriphDriver_spi-v1_softfp.a(gpio_common.o)
 .bss.initialized
                0x200013e5        0x1 D:/MSDK/Libraries/PeriphDrivers/bin/MAX78000/spi-v1_softfp/libPeriphDriver_spi-v1_softfp.a(gpio_common.o)
 *fill*         0x200013e6        0x2 
 .bss.__malloc_current_mallinfo
                0x200013e8       0x28 d:/msdk/tools/gnutools/10.3/bin/../lib/gcc/arm-none-eabi/10.3.1/../../../../arm-none-eabi/lib/thumb/v7e-m+fp/softfp\libc.a(lib_a-mallocr.o)
                0x200013e8                __malloc_current_mallinfo
 .bss.__malloc_max_sbrked_mem
                0x20001410        0x4 d:/msdk/tools/gnutools/10.3/bin/../lib/gcc/arm-none-eabi/10.3.1/../../../../arm-none-eabi/lib/thumb/v7e-m+fp/softfp\libc.a(lib_a-mallocr.o)
                0x20001410                __malloc_max_sbrked_mem
 .bss.__malloc_max_total_mem
                0x20001414        0x4 d:/msdk/tools/gnutools/10.3/bin/../lib/gcc/arm-none-eabi/10.3.1/../../../../arm-none-eabi/lib/thumb/v7e-m+fp/softfp\libc.a(lib_a-mallocr.o)
                0x20001414                __malloc_max_total_mem
 .bss.__malloc_top_pad
                0x20001418        0x4 d:/msdk/tools/gnutools/10.3/bin/../lib/gcc/arm-none-eabi/10.3.1/../../../../arm-none-eabi/lib/thumb/v7e-m+fp/softfp\libc.a(lib_a-mallocr.o)
                0x20001418                __malloc_top_pad
 .bss.__lock___atexit_recursive_mutex
                0x2000141c        0x1 d:/msdk/tools/gnutools/10.3/bin/../lib/gcc/arm-none-eabi/10.3.1/../../../../arm-none-eabi/lib/thumb/v7e-m+fp/softfp\libc.a(lib_a-lock.o)
                0x2000141c                __lock___atexit_recursive_mutex
 *fill*         0x2000141d        0x3 
 .bss.__lock___malloc_recursive_mutex
                0x20001420        0x1 d:/msdk/tools/gnutools/10.3/bin/../lib/gcc/arm-none-eabi/10.3.1/../../../../arm-none-eabi/lib/thumb/v7e-m+fp/softfp\libc.a(lib_a-lock.o)
                0x20001420                __lock___malloc_recursive_mutex
 *fill*         0x20001421        0x3 
 .bss.__lock___sfp_recursive_mutex
                0x20001424        0x1 d:/msdk/tools/gnutools/10.3/bin/../lib/gcc/arm-none-eabi/10.3.1/../../../../arm-none-eabi/lib/thumb/v7e-m+fp/softfp\libc.a(lib_a-lock.o)
                0x20001424                __lock___sfp_recursive_mutex
 *fill*         0x20001425        0x3 
 .bss.__lock___sinit_recursive_mutex
                0x20001428        0x1 d:/msdk/tools/gnutools/10.3/bin/../lib/gcc/arm-none-eabi/10.3.1/../../../../arm-none-eabi/lib/thumb/v7e-m+fp/softfp\libc.a(lib_a-lock.o)
                0x20001428                __lock___sinit_recursive_mutex
 *fill*         0x20001429        0x3 
 .bss.errno     0x2000142c        0x4 d:/msdk/tools/gnutools/10.3/bin/../lib/gcc/arm-none-eabi/10.3.1/../../../../arm-none-eabi/lib/thumb/v7e-m+fp/softfp\libc.a(lib_a-reent.o)
                0x2000142c                errno
 *(COMMON)
                0x20001430                _ebss = ALIGN (., 0x4)

.shared         0x20001430        0x4 load address 0x10060c6c
                0x20001430                . = ALIGN (0x4)
                0x20001430                _shared = .
 *(.mailbox*)
                0x20001430                . = ALIGN (0x4)
 *(.shared*)
 .shared        0x20001430        0x4 d:/ai85-funnyimagenet-2/build/system_max78000.o
                0x20001430                SystemCoreClock
                0x20001434                _eshared = ALIGN (., 0x4)
                0x10060c6c                __shared_data = LOADADDR (.shared)
                0x20020000                __StackTop = (ORIGIN (SRAM) + LENGTH (SRAM))
                0x2001f000                __StackLimit = (__StackTop - SIZEOF (.stack_dummy))

.stack_dummy    0x20001438     0x1000 load address 0x10060c70
 *(.stack*)
 .stack         0x20001438     0x1000 d:/ai85-funnyimagenet-2/build/startup_max78000.o

.heap           0x20001438      0xc00 load address 0x10060c70
                0x20001438                . = ALIGN (0x4)
 *(.heap*)
 .heap          0x20001438      0xc00 d:/ai85-funnyimagenet-2/build/startup_max78000.o
                0x20001438                __HeapBase
                0x2001f000                __HeapLimit = ABSOLUTE (__StackLimit)
                0x20020000                PROVIDE (__stack = __StackTop)
                0x00000001                ASSERT ((__StackLimit >= _ebss), region RAM overflowed with stack)

.riscv_flash    0x10060c70      0x190
                0x10060d00                . = ALIGN (0x100)
 *fill*         0x10060c70       0x90 
                0x10060e00                . = (. + 0x100)
 *fill*         0x10060d00      0x100 
                0x10060e00                _riscv_boot = .
 *riscv.o(.text*)
OUTPUT(d:/ai85-funnyimagenet-2/build/ai85-funnyimagenet-2.elf elf32-littlearm)
LOAD linker stubs

.ARM.attributes
                0x00000000       0x2e
 .ARM.attributes
                0x00000000       0x1e d:/msdk/tools/gnutools/10.3/bin/../lib/gcc/arm-none-eabi/10.3.1/thumb/v7e-m+fp/softfp/crti.o
 .ARM.attributes
                0x0000001e       0x32 d:/msdk/tools/gnutools/10.3/bin/../lib/gcc/arm-none-eabi/10.3.1/thumb/v7e-m+fp/softfp/crtbegin.o
 .ARM.attributes
                0x00000050       0x32 d:/ai85-funnyimagenet-2/build/cnn.o
 .ARM.attributes
                0x00000082       0x32 d:/ai85-funnyimagenet-2/build/main.o
 .ARM.attributes
                0x000000b4       0x32 d:/ai85-funnyimagenet-2/build/softmax.o
 .ARM.attributes
                0x000000e6       0x32 d:/ai85-funnyimagenet-2/build/board.o
 .ARM.attributes
                0x00000118       0x32 d:/ai85-funnyimagenet-2/build/stdio.o
 .ARM.attributes
                0x0000014a       0x32 d:/ai85-funnyimagenet-2/build/led.o
 .ARM.attributes
                0x0000017c       0x32 d:/ai85-funnyimagenet-2/build/pb.o
 .ARM.attributes
                0x000001ae       0x1b d:/ai85-funnyimagenet-2/build/startup_max78000.o
 .ARM.attributes
                0x000001c9       0x32 d:/ai85-funnyimagenet-2/build/heap.o
 .ARM.attributes
                0x000001fb       0x32 d:/ai85-funnyimagenet-2/build/system_max78000.o
 .ARM.attributes
                0x0000022d       0x32 D:/MSDK/Libraries/PeriphDrivers/bin/MAX78000/spi-v1_softfp/libPeriphDriver_spi-v1_softfp.a(mxc_delay.o)
 .ARM.attributes
                0x0000025f       0x32 D:/MSDK/Libraries/PeriphDrivers/bin/MAX78000/spi-v1_softfp/libPeriphDriver_spi-v1_softfp.a(nvic_table.o)
 .ARM.attributes
                0x00000291       0x32 D:/MSDK/Libraries/PeriphDrivers/bin/MAX78000/spi-v1_softfp/libPeriphDriver_spi-v1_softfp.a(pins_ai85.o)
 .ARM.attributes
                0x000002c3       0x32 D:/MSDK/Libraries/PeriphDrivers/bin/MAX78000/spi-v1_softfp/libPeriphDriver_spi-v1_softfp.a(sys_ai85.o)
 .ARM.attributes
                0x000002f5       0x32 D:/MSDK/Libraries/PeriphDrivers/bin/MAX78000/spi-v1_softfp/libPeriphDriver_spi-v1_softfp.a(gpio_ai85.o)
 .ARM.attributes
                0x00000327       0x32 D:/MSDK/Libraries/PeriphDrivers/bin/MAX78000/spi-v1_softfp/libPeriphDriver_spi-v1_softfp.a(gpio_reva.o)
 .ARM.attributes
                0x00000359       0x32 D:/MSDK/Libraries/PeriphDrivers/bin/MAX78000/spi-v1_softfp/libPeriphDriver_spi-v1_softfp.a(icc_me17.o)
 .ARM.attributes
                0x0000038b       0x32 D:/MSDK/Libraries/PeriphDrivers/bin/MAX78000/spi-v1_softfp/libPeriphDriver_spi-v1_softfp.a(icc_reva.o)
 .ARM.attributes
                0x000003bd       0x32 D:/MSDK/Libraries/PeriphDrivers/bin/MAX78000/spi-v1_softfp/libPeriphDriver_spi-v1_softfp.a(lp_ai85.o)
 .ARM.attributes
                0x000003ef       0x32 D:/MSDK/Libraries/PeriphDrivers/bin/MAX78000/spi-v1_softfp/libPeriphDriver_spi-v1_softfp.a(uart_ai85.o)
 .ARM.attributes
                0x00000421       0x32 D:/MSDK/Libraries/PeriphDrivers/bin/MAX78000/spi-v1_softfp/libPeriphDriver_spi-v1_softfp.a(uart_common.o)
 .ARM.attributes
                0x00000453       0x32 D:/MSDK/Libraries/PeriphDrivers/bin/MAX78000/spi-v1_softfp/libPeriphDriver_spi-v1_softfp.a(uart_revb.o)
 .ARM.attributes
                0x00000485       0x32 D:/MSDK/Libraries/PeriphDrivers/bin/MAX78000/spi-v1_softfp/libPeriphDriver_spi-v1_softfp.a(gpio_common.o)
 .ARM.attributes
                0x000004b7       0x32 d:/msdk/tools/gnutools/10.3/bin/../lib/gcc/arm-none-eabi/10.3.1/../../../../arm-none-eabi/lib/thumb/v7e-m+fp/softfp\libc.a(lib_a-errno.o)
 .ARM.attributes
                0x000004e9       0x32 d:/msdk/tools/gnutools/10.3/bin/../lib/gcc/arm-none-eabi/10.3.1/../../../../arm-none-eabi/lib/thumb/v7e-m+fp/softfp\libc.a(lib_a-impure.o)
 .ARM.attributes
                0x0000051b       0x32 d:/msdk/tools/gnutools/10.3/bin/../lib/gcc/arm-none-eabi/10.3.1/../../../../arm-none-eabi/lib/thumb/v7e-m+fp/softfp\libc.a(lib_a-init.o)
 .ARM.attributes
                0x0000054d       0x32 d:/msdk/tools/gnutools/10.3/bin/../lib/gcc/arm-none-eabi/10.3.1/../../../../arm-none-eabi/lib/thumb/v7e-m+fp/softfp\libc.a(lib_a-malloc.o)
 .ARM.attributes
                0x0000057f       0x32 d:/msdk/tools/gnutools/10.3/bin/../lib/gcc/arm-none-eabi/10.3.1/../../../../arm-none-eabi/lib/thumb/v7e-m+fp/softfp\libc.a(lib_a-mallocr.o)
 .ARM.attributes
                0x000005b1       0x1c d:/msdk/tools/gnutools/10.3/bin/../lib/gcc/arm-none-eabi/10.3.1/../../../../arm-none-eabi/lib/thumb/v7e-m+fp/softfp\libc.a(lib_a-memcpy.o)
 .ARM.attributes
                0x000005cd       0x32 d:/msdk/tools/gnutools/10.3/bin/../lib/gcc/arm-none-eabi/10.3.1/../../../../arm-none-eabi/lib/thumb/v7e-m+fp/softfp\libc.a(lib_a-memset.o)
 .ARM.attributes
                0x000005ff       0x32 d:/msdk/tools/gnutools/10.3/bin/../lib/gcc/arm-none-eabi/10.3.1/../../../../arm-none-eabi/lib/thumb/v7e-m+fp/softfp\libc.a(lib_a-mlock.o)
 .ARM.attributes
                0x00000631       0x32 d:/msdk/tools/gnutools/10.3/bin/../lib/gcc/arm-none-eabi/10.3.1/../../../../arm-none-eabi/lib/thumb/v7e-m+fp/softfp\libc.a(lib_a-printf.o)
 .ARM.attributes
                0x00000663       0x32 d:/msdk/tools/gnutools/10.3/bin/../lib/gcc/arm-none-eabi/10.3.1/../../../../arm-none-eabi/lib/thumb/v7e-m+fp/softfp\libc.a(lib_a-sbrkr.o)
 .ARM.attributes
                0x00000695       0x1c d:/msdk/tools/gnutools/10.3/bin/../lib/gcc/arm-none-eabi/10.3.1/../../../../arm-none-eabi/lib/thumb/v7e-m+fp/softfp\libc.a(lib_a-strlen.o)
 .ARM.attributes
                0x000006b1       0x32 d:/msdk/tools/gnutools/10.3/bin/../lib/gcc/arm-none-eabi/10.3.1/../../../../arm-none-eabi/lib/thumb/v7e-m+fp/softfp\libc.a(lib_a-vfprintf.o)
 .ARM.attributes
                0x000006e3       0x32 d:/msdk/tools/gnutools/10.3/bin/../lib/gcc/arm-none-eabi/10.3.1/../../../../arm-none-eabi/lib/thumb/v7e-m+fp/softfp\libc.a(lib_a-wsetup.o)
 .ARM.attributes
                0x00000715       0x32 d:/msdk/tools/gnutools/10.3/bin/../lib/gcc/arm-none-eabi/10.3.1/../../../../arm-none-eabi/lib/thumb/v7e-m+fp/softfp\libc.a(lib_a-__call_atexit.o)
 .ARM.attributes
                0x00000747       0x32 d:/msdk/tools/gnutools/10.3/bin/../lib/gcc/arm-none-eabi/10.3.1/../../../../arm-none-eabi/lib/thumb/v7e-m+fp/softfp\libc.a(lib_a-atexit.o)
 .ARM.attributes
                0x00000779       0x32 d:/msdk/tools/gnutools/10.3/bin/../lib/gcc/arm-none-eabi/10.3.1/../../../../arm-none-eabi/lib/thumb/v7e-m+fp/softfp\libc.a(lib_a-dtoa.o)
 .ARM.attributes
                0x000007ab       0x32 d:/msdk/tools/gnutools/10.3/bin/../lib/gcc/arm-none-eabi/10.3.1/../../../../arm-none-eabi/lib/thumb/v7e-m+fp/softfp\libc.a(lib_a-fflush.o)
 .ARM.attributes
                0x000007dd       0x32 d:/msdk/tools/gnutools/10.3/bin/../lib/gcc/arm-none-eabi/10.3.1/../../../../arm-none-eabi/lib/thumb/v7e-m+fp/softfp\libc.a(lib_a-findfp.o)
 .ARM.attributes
                0x0000080f       0x32 d:/msdk/tools/gnutools/10.3/bin/../lib/gcc/arm-none-eabi/10.3.1/../../../../arm-none-eabi/lib/thumb/v7e-m+fp/softfp\libc.a(lib_a-fini.o)
 .ARM.attributes
                0x00000841       0x32 d:/msdk/tools/gnutools/10.3/bin/../lib/gcc/arm-none-eabi/10.3.1/../../../../arm-none-eabi/lib/thumb/v7e-m+fp/softfp\libc.a(lib_a-freer.o)
 .ARM.attributes
                0x00000873       0x32 d:/msdk/tools/gnutools/10.3/bin/../lib/gcc/arm-none-eabi/10.3.1/../../../../arm-none-eabi/lib/thumb/v7e-m+fp/softfp\libc.a(lib_a-fvwrite.o)
 .ARM.attributes
                0x000008a5       0x32 d:/msdk/tools/gnutools/10.3/bin/../lib/gcc/arm-none-eabi/10.3.1/../../../../arm-none-eabi/lib/thumb/v7e-m+fp/softfp\libc.a(lib_a-fwalk.o)
 .ARM.attributes
                0x000008d7       0x32 d:/msdk/tools/gnutools/10.3/bin/../lib/gcc/arm-none-eabi/10.3.1/../../../../arm-none-eabi/lib/thumb/v7e-m+fp/softfp\libc.a(lib_a-localeconv.o)
 .ARM.attributes
                0x00000909       0x32 d:/msdk/tools/gnutools/10.3/bin/../lib/gcc/arm-none-eabi/10.3.1/../../../../arm-none-eabi/lib/thumb/v7e-m+fp/softfp\libc.a(lib_a-lock.o)
 .ARM.attributes
                0x0000093b       0x32 d:/msdk/tools/gnutools/10.3/bin/../lib/gcc/arm-none-eabi/10.3.1/../../../../arm-none-eabi/lib/thumb/v7e-m+fp/softfp\libc.a(lib_a-makebuf.o)
 .ARM.attributes
                0x0000096d       0x1c d:/msdk/tools/gnutools/10.3/bin/../lib/gcc/arm-none-eabi/10.3.1/../../../../arm-none-eabi/lib/thumb/v7e-m+fp/softfp\libc.a(lib_a-memchr.o)
 .ARM.attributes
                0x00000989       0x32 d:/msdk/tools/gnutools/10.3/bin/../lib/gcc/arm-none-eabi/10.3.1/../../../../arm-none-eabi/lib/thumb/v7e-m+fp/softfp\libc.a(lib_a-memmove.o)
 .ARM.attributes
                0x000009bb       0x32 d:/msdk/tools/gnutools/10.3/bin/../lib/gcc/arm-none-eabi/10.3.1/../../../../arm-none-eabi/lib/thumb/v7e-m+fp/softfp\libc.a(lib_a-mprec.o)
 .ARM.attributes
                0x000009ed       0x32 d:/msdk/tools/gnutools/10.3/bin/../lib/gcc/arm-none-eabi/10.3.1/../../../../arm-none-eabi/lib/thumb/v7e-m+fp/softfp\libc.a(lib_a-reallocr.o)
 .ARM.attributes
                0x00000a1f       0x32 d:/msdk/tools/gnutools/10.3/bin/../lib/gcc/arm-none-eabi/10.3.1/../../../../arm-none-eabi/lib/thumb/v7e-m+fp/softfp\libc.a(lib_a-reent.o)
 .ARM.attributes
                0x00000a51       0x32 d:/msdk/tools/gnutools/10.3/bin/../lib/gcc/arm-none-eabi/10.3.1/../../../../arm-none-eabi/lib/thumb/v7e-m+fp/softfp\libc.a(lib_a-s_frexp.o)
 .ARM.attributes
                0x00000a83       0x32 d:/msdk/tools/gnutools/10.3/bin/../lib/gcc/arm-none-eabi/10.3.1/../../../../arm-none-eabi/lib/thumb/v7e-m+fp/softfp\libc.a(lib_a-stdio.o)
 .ARM.attributes
                0x00000ab5       0x32 d:/msdk/tools/gnutools/10.3/bin/../lib/gcc/arm-none-eabi/10.3.1/../../../../arm-none-eabi/lib/thumb/v7e-m+fp/softfp\libc.a(lib_a-strncpy.o)
 .ARM.attributes
                0x00000ae7       0x32 d:/msdk/tools/gnutools/10.3/bin/../lib/gcc/arm-none-eabi/10.3.1/../../../../arm-none-eabi/lib/thumb/v7e-m+fp/softfp\libc.a(lib_a-vfiprintf.o)
 .ARM.attributes
                0x00000b19       0x32 d:/msdk/tools/gnutools/10.3/bin/../lib/gcc/arm-none-eabi/10.3.1/../../../../arm-none-eabi/lib/thumb/v7e-m+fp/softfp\libc.a(lib_a-writer.o)
 .ARM.attributes
                0x00000b4b       0x32 d:/msdk/tools/gnutools/10.3/bin/../lib/gcc/arm-none-eabi/10.3.1/../../../../arm-none-eabi/lib/thumb/v7e-m+fp/softfp\libc.a(lib_a-__atexit.o)
 .ARM.attributes
                0x00000b7d       0x32 d:/msdk/tools/gnutools/10.3/bin/../lib/gcc/arm-none-eabi/10.3.1/../../../../arm-none-eabi/lib/thumb/v7e-m+fp/softfp\libc.a(lib_a-assert.o)
 .ARM.attributes
                0x00000baf       0x32 d:/msdk/tools/gnutools/10.3/bin/../lib/gcc/arm-none-eabi/10.3.1/../../../../arm-none-eabi/lib/thumb/v7e-m+fp/softfp\libc.a(lib_a-callocr.o)
 .ARM.attributes
                0x00000be1       0x32 d:/msdk/tools/gnutools/10.3/bin/../lib/gcc/arm-none-eabi/10.3.1/../../../../arm-none-eabi/lib/thumb/v7e-m+fp/softfp\libc.a(lib_a-closer.o)
 .ARM.attributes
                0x00000c13       0x32 d:/msdk/tools/gnutools/10.3/bin/../lib/gcc/arm-none-eabi/10.3.1/../../../../arm-none-eabi/lib/thumb/v7e-m+fp/softfp\libc.a(lib_a-fclose.o)
 .ARM.attributes
                0x00000c45       0x32 d:/msdk/tools/gnutools/10.3/bin/../lib/gcc/arm-none-eabi/10.3.1/../../../../arm-none-eabi/lib/thumb/v7e-m+fp/softfp\libc.a(lib_a-fiprintf.o)
 .ARM.attributes
                0x00000c77       0x32 d:/msdk/tools/gnutools/10.3/bin/../lib/gcc/arm-none-eabi/10.3.1/../../../../arm-none-eabi/lib/thumb/v7e-m+fp/softfp\libc.a(lib_a-fputwc.o)
 .ARM.attributes
                0x00000ca9       0x32 d:/msdk/tools/gnutools/10.3/bin/../lib/gcc/arm-none-eabi/10.3.1/../../../../arm-none-eabi/lib/thumb/v7e-m+fp/softfp\libc.a(lib_a-fstatr.o)
 .ARM.attributes
                0x00000cdb       0x32 d:/msdk/tools/gnutools/10.3/bin/../lib/gcc/arm-none-eabi/10.3.1/../../../../arm-none-eabi/lib/thumb/v7e-m+fp/softfp\libc.a(lib_a-isattyr.o)
 .ARM.attributes
                0x00000d0d       0x32 d:/msdk/tools/gnutools/10.3/bin/../lib/gcc/arm-none-eabi/10.3.1/../../../../arm-none-eabi/lib/thumb/v7e-m+fp/softfp\libc.a(lib_a-locale.o)
 .ARM.attributes
                0x00000d3f       0x32 d:/msdk/tools/gnutools/10.3/bin/../lib/gcc/arm-none-eabi/10.3.1/../../../../arm-none-eabi/lib/thumb/v7e-m+fp/softfp\libc.a(lib_a-lseekr.o)
 .ARM.attributes
                0x00000d71       0x32 d:/msdk/tools/gnutools/10.3/bin/../lib/gcc/arm-none-eabi/10.3.1/../../../../arm-none-eabi/lib/thumb/v7e-m+fp/softfp\libc.a(lib_a-mbtowc_r.o)
 .ARM.attributes
                0x00000da3       0x32 d:/msdk/tools/gnutools/10.3/bin/../lib/gcc/arm-none-eabi/10.3.1/../../../../arm-none-eabi/lib/thumb/v7e-m+fp/softfp\libc.a(lib_a-readr.o)
 .ARM.attributes
                0x00000dd5       0x32 d:/msdk/tools/gnutools/10.3/bin/../lib/gcc/arm-none-eabi/10.3.1/../../../../arm-none-eabi/lib/thumb/v7e-m+fp/softfp\libc.a(lib_a-wbuf.o)
 .ARM.attributes
                0x00000e07       0x32 d:/msdk/tools/gnutools/10.3/bin/../lib/gcc/arm-none-eabi/10.3.1/../../../../arm-none-eabi/lib/thumb/v7e-m+fp/softfp\libc.a(lib_a-wcrtomb.o)
 .ARM.attributes
                0x00000e39       0x32 d:/msdk/tools/gnutools/10.3/bin/../lib/gcc/arm-none-eabi/10.3.1/../../../../arm-none-eabi/lib/thumb/v7e-m+fp/softfp\libc.a(lib_a-wctomb_r.o)
 .ARM.attributes
                0x00000e6b       0x32 d:/msdk/tools/gnutools/10.3/bin/../lib/gcc/arm-none-eabi/10.3.1/../../../../arm-none-eabi/lib/thumb/v7e-m+fp/softfp\libc.a(lib_a-abort.o)
 .ARM.attributes
                0x00000e9d       0x32 d:/msdk/tools/gnutools/10.3/bin/../lib/gcc/arm-none-eabi/10.3.1/../../../../arm-none-eabi/lib/thumb/v7e-m+fp/softfp\libc.a(lib_a-ctype_.o)
 .ARM.attributes
                0x00000ecf       0x32 d:/msdk/tools/gnutools/10.3/bin/../lib/gcc/arm-none-eabi/10.3.1/../../../../arm-none-eabi/lib/thumb/v7e-m+fp/softfp\libc.a(lib_a-signal.o)
 .ARM.attributes
                0x00000f01       0x32 d:/msdk/tools/gnutools/10.3/bin/../lib/gcc/arm-none-eabi/10.3.1/../../../../arm-none-eabi/lib/thumb/v7e-m+fp/softfp\libc.a(lib_a-signalr.o)
 .ARM.attributes
                0x00000f33       0x32 d:/msdk/tools/gnutools/10.3/bin/../lib/gcc/arm-none-eabi/10.3.1/../../../../arm-none-eabi/lib/thumb/v7e-m+fp/softfp\libnosys.a(_exit.o)
 .ARM.attributes
                0x00000f65       0x1e d:/msdk/tools/gnutools/10.3/bin/../lib/gcc/arm-none-eabi/10.3.1/thumb/v7e-m+fp/softfp\libgcc.a(_arm_addsubdf3.o)
 .ARM.attributes
                0x00000f83       0x1e d:/msdk/tools/gnutools/10.3/bin/../lib/gcc/arm-none-eabi/10.3.1/thumb/v7e-m+fp/softfp\libgcc.a(_arm_muldivdf3.o)
 .ARM.attributes
                0x00000fa1       0x1e d:/msdk/tools/gnutools/10.3/bin/../lib/gcc/arm-none-eabi/10.3.1/thumb/v7e-m+fp/softfp\libgcc.a(_arm_cmpdf2.o)
 .ARM.attributes
                0x00000fbf       0x1e d:/msdk/tools/gnutools/10.3/bin/../lib/gcc/arm-none-eabi/10.3.1/thumb/v7e-m+fp/softfp\libgcc.a(_arm_unorddf2.o)
 .ARM.attributes
                0x00000fdd       0x1e d:/msdk/tools/gnutools/10.3/bin/../lib/gcc/arm-none-eabi/10.3.1/thumb/v7e-m+fp/softfp\libgcc.a(_arm_fixdfsi.o)
 .ARM.attributes
                0x00000ffb       0x1e d:/msdk/tools/gnutools/10.3/bin/../lib/gcc/arm-none-eabi/10.3.1/thumb/v7e-m+fp/softfp\libgcc.a(_aeabi_ldivmod.o)
 .ARM.attributes
                0x00001019       0x1e d:/msdk/tools/gnutools/10.3/bin/../lib/gcc/arm-none-eabi/10.3.1/thumb/v7e-m+fp/softfp\libgcc.a(_aeabi_uldivmod.o)
 .ARM.attributes
                0x00001037       0x32 d:/msdk/tools/gnutools/10.3/bin/../lib/gcc/arm-none-eabi/10.3.1/thumb/v7e-m+fp/softfp\libgcc.a(_udivmoddi4.o)
 .ARM.attributes
                0x00001069       0x1e d:/msdk/tools/gnutools/10.3/bin/../lib/gcc/arm-none-eabi/10.3.1/thumb/v7e-m+fp/softfp\libgcc.a(_dvmd_tls.o)
 .ARM.attributes
                0x00001087       0x32 d:/msdk/tools/gnutools/10.3/bin/../lib/gcc/arm-none-eabi/10.3.1/thumb/v7e-m+fp/softfp/crtend.o
 .ARM.attributes
                0x000010b9       0x1e d:/msdk/tools/gnutools/10.3/bin/../lib/gcc/arm-none-eabi/10.3.1/thumb/v7e-m+fp/softfp/crtn.o

.comment        0x00000000       0x49
 .comment       0x00000000       0x49 d:/ai85-funnyimagenet-2/build/cnn.o
                                 0x4a (size before relaxing)
 .comment       0x00000049       0x4a d:/ai85-funnyimagenet-2/build/main.o
 .comment       0x00000049       0x4a d:/ai85-funnyimagenet-2/build/softmax.o
 .comment       0x00000049       0x4a d:/ai85-funnyimagenet-2/build/board.o
 .comment       0x00000049       0x4a d:/ai85-funnyimagenet-2/build/stdio.o
 .comment       0x00000049       0x4a d:/ai85-funnyimagenet-2/build/led.o
 .comment       0x00000049       0x4a d:/ai85-funnyimagenet-2/build/pb.o
 .comment       0x00000049       0x4a d:/ai85-funnyimagenet-2/build/heap.o
 .comment       0x00000049       0x4a d:/ai85-funnyimagenet-2/build/system_max78000.o
 .comment       0x00000049       0x4a D:/MSDK/Libraries/PeriphDrivers/bin/MAX78000/spi-v1_softfp/libPeriphDriver_spi-v1_softfp.a(mxc_delay.o)
 .comment       0x00000049       0x4a D:/MSDK/Libraries/PeriphDrivers/bin/MAX78000/spi-v1_softfp/libPeriphDriver_spi-v1_softfp.a(nvic_table.o)
 .comment       0x00000049       0x4a D:/MSDK/Libraries/PeriphDrivers/bin/MAX78000/spi-v1_softfp/libPeriphDriver_spi-v1_softfp.a(pins_ai85.o)
 .comment       0x00000049       0x4a D:/MSDK/Libraries/PeriphDrivers/bin/MAX78000/spi-v1_softfp/libPeriphDriver_spi-v1_softfp.a(sys_ai85.o)
 .comment       0x00000049       0x4a D:/MSDK/Libraries/PeriphDrivers/bin/MAX78000/spi-v1_softfp/libPeriphDriver_spi-v1_softfp.a(gpio_ai85.o)
 .comment       0x00000049       0x4a D:/MSDK/Libraries/PeriphDrivers/bin/MAX78000/spi-v1_softfp/libPeriphDriver_spi-v1_softfp.a(gpio_reva.o)
 .comment       0x00000049       0x4a D:/MSDK/Libraries/PeriphDrivers/bin/MAX78000/spi-v1_softfp/libPeriphDriver_spi-v1_softfp.a(icc_me17.o)
 .comment       0x00000049       0x4a D:/MSDK/Libraries/PeriphDrivers/bin/MAX78000/spi-v1_softfp/libPeriphDriver_spi-v1_softfp.a(icc_reva.o)
 .comment       0x00000049       0x4a D:/MSDK/Libraries/PeriphDrivers/bin/MAX78000/spi-v1_softfp/libPeriphDriver_spi-v1_softfp.a(lp_ai85.o)
 .comment       0x00000049       0x4a D:/MSDK/Libraries/PeriphDrivers/bin/MAX78000/spi-v1_softfp/libPeriphDriver_spi-v1_softfp.a(uart_ai85.o)
 .comment       0x00000049       0x4a D:/MSDK/Libraries/PeriphDrivers/bin/MAX78000/spi-v1_softfp/libPeriphDriver_spi-v1_softfp.a(uart_common.o)
 .comment       0x00000049       0x4a D:/MSDK/Libraries/PeriphDrivers/bin/MAX78000/spi-v1_softfp/libPeriphDriver_spi-v1_softfp.a(uart_revb.o)
 .comment       0x00000049       0x4a D:/MSDK/Libraries/PeriphDrivers/bin/MAX78000/spi-v1_softfp/libPeriphDriver_spi-v1_softfp.a(gpio_common.o)

.debug_info     0x00000000     0xfda1
 .debug_info    0x00000000      0xf7d d:/ai85-funnyimagenet-2/build/cnn.o
 .debug_info    0x00000f7d      0x660 d:/ai85-funnyimagenet-2/build/main.o
 .debug_info    0x000015dd      0x2e7 d:/ai85-funnyimagenet-2/build/softmax.o
 .debug_info    0x000018c4      0xf8e d:/ai85-funnyimagenet-2/build/board.o
 .debug_info    0x00002852      0x689 d:/ai85-funnyimagenet-2/build/stdio.o
 .debug_info    0x00002edb      0x660 d:/ai85-funnyimagenet-2/build/led.o
 .debug_info    0x0000353b      0xe8b d:/ai85-funnyimagenet-2/build/pb.o
 .debug_info    0x000043c6      0x112 d:/ai85-funnyimagenet-2/build/heap.o
 .debug_info    0x000044d8      0x666 d:/ai85-funnyimagenet-2/build/system_max78000.o
 .debug_info    0x00004b3e      0x403 D:/MSDK/Libraries/PeriphDrivers/bin/MAX78000/spi-v1_softfp/libPeriphDriver_spi-v1_softfp.a(mxc_delay.o)
 .debug_info    0x00004f41      0x81d D:/MSDK/Libraries/PeriphDrivers/bin/MAX78000/spi-v1_softfp/libPeriphDriver_spi-v1_softfp.a(nvic_table.o)
 .debug_info    0x0000575e      0xa19 D:/MSDK/Libraries/PeriphDrivers/bin/MAX78000/spi-v1_softfp/libPeriphDriver_spi-v1_softfp.a(pins_ai85.o)
 .debug_info    0x00006177     0x13d1 D:/MSDK/Libraries/PeriphDrivers/bin/MAX78000/spi-v1_softfp/libPeriphDriver_spi-v1_softfp.a(sys_ai85.o)
 .debug_info    0x00007548     0x15cc D:/MSDK/Libraries/PeriphDrivers/bin/MAX78000/spi-v1_softfp/libPeriphDriver_spi-v1_softfp.a(gpio_ai85.o)
 .debug_info    0x00008b14      0xb0e D:/MSDK/Libraries/PeriphDrivers/bin/MAX78000/spi-v1_softfp/libPeriphDriver_spi-v1_softfp.a(gpio_reva.o)
 .debug_info    0x00009622      0x3b9 D:/MSDK/Libraries/PeriphDrivers/bin/MAX78000/spi-v1_softfp/libPeriphDriver_spi-v1_softfp.a(icc_me17.o)
 .debug_info    0x000099db      0x298 D:/MSDK/Libraries/PeriphDrivers/bin/MAX78000/spi-v1_softfp/libPeriphDriver_spi-v1_softfp.a(icc_reva.o)
 .debug_info    0x00009c73      0xd27 D:/MSDK/Libraries/PeriphDrivers/bin/MAX78000/spi-v1_softfp/libPeriphDriver_spi-v1_softfp.a(lp_ai85.o)
 .debug_info    0x0000a99a     0x2230 D:/MSDK/Libraries/PeriphDrivers/bin/MAX78000/spi-v1_softfp/libPeriphDriver_spi-v1_softfp.a(uart_ai85.o)
 .debug_info    0x0000cbca      0x2be D:/MSDK/Libraries/PeriphDrivers/bin/MAX78000/spi-v1_softfp/libPeriphDriver_spi-v1_softfp.a(uart_common.o)
 .debug_info    0x0000ce88     0x283e D:/MSDK/Libraries/PeriphDrivers/bin/MAX78000/spi-v1_softfp/libPeriphDriver_spi-v1_softfp.a(uart_revb.o)