Archive member included to satisfy reference by file (symbol)

D:/MSDK/Libraries/PeriphDrivers/bin/MAX78000/spi-v1_softfp/libPeriphDriver_spi-v1_softfp.a(mxc_delay.o)
                              d:/mnist_custom_extrasmall/build/main.o (MXC_Delay)
D:/MSDK/Libraries/PeriphDrivers/bin/MAX78000/spi-v1_softfp/libPeriphDriver_spi-v1_softfp.a(nvic_table.o)
                              d:/mnist_custom_extrasmall/build/cnn.o (MXC_NVIC_SetVector)
D:/MSDK/Libraries/PeriphDrivers/bin/MAX78000/spi-v1_softfp/libPeriphDriver_spi-v1_softfp.a(pins_ai85.o)
                              d:/mnist_custom_extrasmall/build/camera.o (gpio_cfg_pcif_xclk)
D:/MSDK/Libraries/PeriphDrivers/bin/MAX78000/spi-v1_softfp/libPeriphDriver_spi-v1_softfp.a(sys_ai85.o)
                              d:/mnist_custom_extrasmall/build/cnn.o (MXC_SYS_ClockDisable)
D:/MSDK/Libraries/PeriphDrivers/bin/MAX78000/spi-v1_softfp/libPeriphDriver_spi-v1_softfp.a(aes_me17.o)
                              D:/MSDK/Libraries/PeriphDrivers/bin/MAX78000/spi-v1_softfp/libPeriphDriver_spi-v1_softfp.a(sys_ai85.o) (MXC_AES_Init)
D:/MSDK/Libraries/PeriphDrivers/bin/MAX78000/spi-v1_softfp/libPeriphDriver_spi-v1_softfp.a(aes_revb.o)
                              D:/MSDK/Libraries/PeriphDrivers/bin/MAX78000/spi-v1_softfp/libPeriphDriver_spi-v1_softfp.a(aes_me17.o) (MXC_AES_RevB_Init)
D:/MSDK/Libraries/PeriphDrivers/bin/MAX78000/spi-v1_softfp/libPeriphDriver_spi-v1_softfp.a(cameraif_ai85.o)
                              d:/mnist_custom_extrasmall/build/camera.o (MXC_PCIF_Init)
D:/MSDK/Libraries/PeriphDrivers/bin/MAX78000/spi-v1_softfp/libPeriphDriver_spi-v1_softfp.a(cameraif_reva.o)
                              D:/MSDK/Libraries/PeriphDrivers/bin/MAX78000/spi-v1_softfp/libPeriphDriver_spi-v1_softfp.a(cameraif_ai85.o) (MXC_PCIF_RevA_SetDatawidth)
D:/MSDK/Libraries/PeriphDrivers/bin/MAX78000/spi-v1_softfp/libPeriphDriver_spi-v1_softfp.a(dma_me17.o)
                              d:/mnist_custom_extrasmall/build/fastspi.o (MXC_DMA_Init)
D:/MSDK/Libraries/PeriphDrivers/bin/MAX78000/spi-v1_softfp/libPeriphDriver_spi-v1_softfp.a(dma_reva.o)
                              D:/MSDK/Libraries/PeriphDrivers/bin/MAX78000/spi-v1_softfp/libPeriphDriver_spi-v1_softfp.a(dma_me17.o) (MXC_DMA_RevA_Init)
D:/MSDK/Libraries/PeriphDrivers/bin/MAX78000/spi-v1_softfp/libPeriphDriver_spi-v1_softfp.a(flc_me17.o)
                              D:/MSDK/Libraries/PeriphDrivers/bin/MAX78000/spi-v1_softfp/libPeriphDriver_spi-v1_softfp.a(sys_ai85.o) (MXC_FLC_UnlockInfoBlock)
D:/MSDK/Libraries/PeriphDrivers/bin/MAX78000/spi-v1_softfp/libPeriphDriver_spi-v1_softfp.a(flc_reva.o)
                              D:/MSDK/Libraries/PeriphDrivers/bin/MAX78000/spi-v1_softfp/libPeriphDriver_spi-v1_softfp.a(flc_me17.o) (MXC_FLC_RevA_Busy)
D:/MSDK/Libraries/PeriphDrivers/bin/MAX78000/spi-v1_softfp/libPeriphDriver_spi-v1_softfp.a(gpio_ai85.o)
                              d:/mnist_custom_extrasmall/build/cnn.o (MXC_GPIO_Config)
D:/MSDK/Libraries/PeriphDrivers/bin/MAX78000/spi-v1_softfp/libPeriphDriver_spi-v1_softfp.a(gpio_reva.o)
                              D:/MSDK/Libraries/PeriphDrivers/bin/MAX78000/spi-v1_softfp/libPeriphDriver_spi-v1_softfp.a(gpio_ai85.o) (MXC_GPIO_RevA_InGet)
D:/MSDK/Libraries/PeriphDrivers/bin/MAX78000/spi-v1_softfp/libPeriphDriver_spi-v1_softfp.a(i2c_me17.o)
                              d:/mnist_custom_extrasmall/build/max20303.o (MXC_I2C_Init)
D:/MSDK/Libraries/PeriphDrivers/bin/MAX78000/spi-v1_softfp/libPeriphDriver_spi-v1_softfp.a(i2c_reva.o)
                              D:/MSDK/Libraries/PeriphDrivers/bin/MAX78000/spi-v1_softfp/libPeriphDriver_spi-v1_softfp.a(i2c_me17.o) (MXC_I2C_RevA_DMACallback)
D:/MSDK/Libraries/PeriphDrivers/bin/MAX78000/spi-v1_softfp/libPeriphDriver_spi-v1_softfp.a(icc_me17.o)
                              d:/mnist_custom_extrasmall/build/main.o (MXC_ICC_Enable)
D:/MSDK/Libraries/PeriphDrivers/bin/MAX78000/spi-v1_softfp/libPeriphDriver_spi-v1_softfp.a(icc_reva.o)
                              D:/MSDK/Libraries/PeriphDrivers/bin/MAX78000/spi-v1_softfp/libPeriphDriver_spi-v1_softfp.a(icc_me17.o) (MXC_ICC_RevA_ID)
D:/MSDK/Libraries/PeriphDrivers/bin/MAX78000/spi-v1_softfp/libPeriphDriver_spi-v1_softfp.a(lp_ai85.o)
                              d:/mnist_custom_extrasmall/build/main.o (MXC_LP_EnterSleepMode)
D:/MSDK/Libraries/PeriphDrivers/bin/MAX78000/spi-v1_softfp/libPeriphDriver_spi-v1_softfp.a(pt_ai85.o)
                              d:/mnist_custom_extrasmall/build/camera.o (MXC_PT_Init)
D:/MSDK/Libraries/PeriphDrivers/bin/MAX78000/spi-v1_softfp/libPeriphDriver_spi-v1_softfp.a(pt_reva.o)
                              D:/MSDK/Libraries/PeriphDrivers/bin/MAX78000/spi-v1_softfp/libPeriphDriver_spi-v1_softfp.a(pt_ai85.o) (MXC_PT_RevA_Init)
D:/MSDK/Libraries/PeriphDrivers/bin/MAX78000/spi-v1_softfp/libPeriphDriver_spi-v1_softfp.a(spi_me17.o)
                              d:/mnist_custom_extrasmall/build/tft_ili9341.o (MXC_SPI_Init)
[...]
Memory Configuration

Name             Origin             Length             Attributes
ROM              0x00000000         0x00010000         xr
FLASH            0x10000000         0x00080000         xr
SRAM             0x20000000         0x00020000         xrw
*default*        0x00000000         0xffffffff

Linker script and memory map

LOAD d:/msdk/tools/gnutools/10.3/bin/../lib/gcc/arm-none-eabi/10.3.1/thumb/v7e-m+fp/softfp/crti.o
LOAD d:/msdk/tools/gnutools/10.3/bin/../lib/gcc/arm-none-eabi/10.3.1/thumb/v7e-m+fp/softfp/crtbegin.o
LOAD d:/msdk/tools/gnutools/10.3/bin/../lib/gcc/arm-none-eabi/10.3.1/../../../../arm-none-eabi/lib/thumb/v7e-m+fp/softfp/crt0.o
LOAD d:/mnist_custom_extrasmall/build/cnn.o
LOAD d:/mnist_custom_extrasmall/build/main.o
LOAD d:/mnist_custom_extrasmall/build/softmax.o
LOAD d:/mnist_custom_extrasmall/build/board.o
LOAD d:/mnist_custom_extrasmall/build/stdio.o
LOAD d:/mnist_custom_extrasmall/build/led.o
LOAD d:/mnist_custom_extrasmall/build/pb.o
LOAD d:/mnist_custom_extrasmall/build/tft_ili9341.o
LOAD d:/mnist_custom_extrasmall/build/camera.o
LOAD d:/mnist_custom_extrasmall/build/ov7692.o
LOAD d:/mnist_custom_extrasmall/build/sccb.o
LOAD d:/mnist_custom_extrasmall/build/max20303.o
LOAD d:/mnist_custom_extrasmall/build/max9867.o
LOAD d:/mnist_custom_extrasmall/build/N01S830HA.o
LOAD d:/mnist_custom_extrasmall/build/fastspi.o
LOAD d:/mnist_custom_extrasmall/build/startup_max78000.o
LOAD d:/mnist_custom_extrasmall/build/heap.o
LOAD d:/mnist_custom_extrasmall/build/system_max78000.o
START GROUP
LOAD D:/MSDK/Libraries/PeriphDrivers/bin/MAX78000/spi-v1_softfp/libPeriphDriver_spi-v1_softfp.a
LOAD d:/msdk/tools/gnutools/10.3/bin/../lib/gcc/arm-none-eabi/10.3.1/../../../../arm-none-eabi/lib/thumb/v7e-m+fp/softfp\libc.a
LOAD d:/msdk/tools/gnutools/10.3/bin/../lib/gcc/arm-none-eabi/10.3.1/../../../../arm-none-eabi/lib/thumb/v7e-m+fp/softfp\libm.a
LOAD d:/msdk/tools/gnutools/10.3/bin/../lib/gcc/arm-none-eabi/10.3.1/../../../../arm-none-eabi/lib/thumb/v7e-m+fp/softfp\libnosys.a
END GROUP
START GROUP
LOAD d:/msdk/tools/gnutools/10.3/bin/../lib/gcc/arm-none-eabi/10.3.1/thumb/v7e-m+fp/softfp\libgcc.a
LOAD d:/msdk/tools/gnutools/10.3/bin/../lib/gcc/arm-none-eabi/10.3.1/../../../../arm-none-eabi/lib/thumb/v7e-m+fp/softfp\libc.a
END GROUP
LOAD d:/msdk/tools/gnutools/10.3/bin/../lib/gcc/arm-none-eabi/10.3.1/thumb/v7e-m+fp/softfp/crtend.o
LOAD d:/msdk/tools/gnutools/10.3/bin/../lib/gcc/arm-none-eabi/10.3.1/thumb/v7e-m+fp/softfp/crtn.o

.rom
 *(.rom_vector)
 *(.rom_handlers*)

.text           0x10000000     0xaf04
                0x10000000                _text = .
 *(.isr_vector)
 .isr_vector    0x10000000      0x1e0 d:/mnist_custom_extrasmall/build/startup_max78000.o
                0x10000000                __isr_vector
 EXCLUDE_FILE(*riscv.o) *(.text*)
 .text          0x100001e0       0x40 d:/msdk/tools/gnutools/10.3/bin/../lib/gcc/arm-none-eabi/10.3.1/thumb/v7e-m+fp/softfp/crtbegin.o
 .text.CNN_ISR  0x10000220       0x30 d:/mnist_custom_extrasmall/build/cnn.o
                0x10000220                CNN_ISR
 .text.memcpy32
                0x10000250       0x1c d:/mnist_custom_extrasmall/build/cnn.o
                0x10000250                memcpy32
 .text.cnn_load_weights
                0x1000026c       0x4c d:/mnist_custom_extrasmall/build/cnn.o
                0x1000026c                cnn_load_weights
 .text.cnn_load_bias
                0x100002b8       0x28 d:/mnist_custom_extrasmall/build/cnn.o
                0x100002b8                cnn_load_bias
 .text.cnn_init
                0x100002e0       0x2c d:/mnist_custom_extrasmall/build/cnn.o
                0x100002e0                cnn_init
 .text.cnn_configure
                0x1000030c      0x128 d:/mnist_custom_extrasmall/build/cnn.o
                0x1000030c                cnn_configure
 .text.cnn_start
                0x10000434       0x38 d:/mnist_custom_extrasmall/build/cnn.o
                0x10000434                cnn_start
 .text.cnn_unload
                0x1000046c       0x5c d:/mnist_custom_extrasmall/build/cnn.o
                0x1000046c                cnn_unload
 .text.cnn_enable
                0x100004c8       0x40 d:/mnist_custom_extrasmall/build/cnn.o
                0x100004c8                cnn_enable
 .text.cnn_disable
                0x10000508       0x28 d:/mnist_custom_extrasmall/build/cnn.o
                0x10000508                cnn_disable
 .text.fail     0x10000530       0x10 d:/mnist_custom_extrasmall/build/main.o
                0x10000530                fail
 .text.check_output
                0x10000540       0x7c d:/mnist_custom_extrasmall/build/main.o
                0x10000540                check_output
 .text.softmax_layer
                0x100005bc       0x20 d:/mnist_custom_extrasmall/build/main.o
                0x100005bc                softmax_layer
 .text.startup.main
                0x100005dc      0x110 d:/mnist_custom_extrasmall/build/main.o
                0x100005dc                main
 .text.softmax_q17p14_q15
                0x100006ec       0xa8 d:/mnist_custom_extrasmall/build/softmax.o
                0x100006ec                softmax_q17p14_q15
 .text.mxc_assert
                0x10000794       0x10 d:/mnist_custom_extrasmall/build/board.o
                0x10000794                mxc_assert
 .text.GPIO0_IRQHandler
                0x100007a4        0x8 d:/mnist_custom_extrasmall/build/board.o
                0x100007a4                GPIO0_IRQHandler
 .text.GPIO1_IRQHandler
                0x100007ac        0x8 d:/mnist_custom_extrasmall/build/board.o
                0x100007ac                GPIO1_IRQHandler
 .text.Board_Init
                0x100007b4       0x6c d:/mnist_custom_extrasmall/build/board.o
                0x100007b4                Board_Init
 .text.NMI_Handler
                0x10000820        0x4 d:/mnist_custom_extrasmall/build/board.o
                0x10000820                NMI_Handler
 .text._close   0x10000824        0x8 d:/mnist_custom_extrasmall/build/stdio.o
                0x10000824                _close
 .text._isatty  0x1000082c        0x8 d:/mnist_custom_extrasmall/build/stdio.o
                0x1000082c                _isatty
 .text._lseek   0x10000834        0x8 d:/mnist_custom_extrasmall/build/stdio.o
                0x10000834                _lseek
 .text._fstat   0x1000083c        0x8 d:/mnist_custom_extrasmall/build/stdio.o
                0x1000083c                _fstat
 .text._read    0x10000844       0x50 d:/mnist_custom_extrasmall/build/stdio.o
                0x10000844                _read
 .text._write   0x10000894       0x54 d:/mnist_custom_extrasmall/build/stdio.o
                0x10000894                _write
 .text.LED_Init
                0x100008e8       0x40 d:/mnist_custom_extrasmall/build/led.o
                0x100008e8                LED_Init
 .text.LED_On   0x10000928       0x40 d:/mnist_custom_extrasmall/build/led.o
                0x10000928                LED_On
 .text.LED_Off  0x10000968       0x40 d:/mnist_custom_extrasmall/build/led.o
                0x10000968                LED_Off
 .text.PB_Init  0x100009a8       0x68 d:/mnist_custom_extrasmall/build/pb.o
                0x100009a8                PB_Init
 .text          0x10000a10      0x148 d:/mnist_custom_extrasmall/build/startup_max78000.o
                0x10000a10                Reset_Handler
                0x10000a4e                HardFault_Handler
                0x10000a50                MemManage_Handler
                0x10000a52                BusFault_Handler
                0x10000a54                UsageFault_Handler
                0x10000a56                SVC_Handler
                0x10000a58                DebugMon_Handler
                0x10000a5a                PendSV_Handler
                0x10000a5c                SysTick_Handler
                0x10000a5e                Default_Handler
                0x10000a60                PF_IRQHandler
                0x10000a62                WDT0_IRQHandler
                0x10000a64                RSV02_IRQHandler
                0x10000a66                RTC_IRQHandler
                0x10000a68                TRNG_IRQHandler
                0x10000a6a                TMR0_IRQHandler
                0x10000a6c                TMR1_IRQHandler
                0x10000a6e                TMR2_IRQHandler
                0x10000a70                TMR3_IRQHandler
                0x10000a72                TMR4_IRQHandler
                0x10000a74                TMR5_IRQHandler
                0x10000a76                RSV11_IRQHandler
                0x10000a78                RSV12_IRQHandler
                0x10000a7a                I2C0_IRQHandler
                0x10000a7c                UART0_IRQHandler
                0x10000a7e                UART1_IRQHandler
                0x10000a80                SPI1_IRQHandler
                0x10000a82                RSV17_IRQHandler
                0x10000a84                RSV18_IRQHandler
                0x10000a86                RSV19_IRQHandler
                0x10000a88                ADC_IRQHandler
                0x10000a8a                RSV21_IRQHandler
                0x10000a8c                RSV22_IRQHandler
                0x10000a8e                FLC0_IRQHandler
                0x10000a94                GPIO2_IRQHandler
                0x10000a96                RSV27_IRQHandler
                0x10000a98                DMA0_IRQHandler
                0x10000a9a                DMA1_IRQHandler
                0x10000a9c                DMA2_IRQHandler
                0x10000a9e                DMA3_IRQHandler
                0x10000aa0                RSV32_IRQHandler
                0x10000aa2                RSV33_IRQHandler
                0x10000aa4                UART2_IRQHandler
                0x10000aa6                RSV35_IRQHandler
                0x10000aa8                I2C1_IRQHandler
                0x10000aaa                RSV37_IRQHandler
                0x10000aac                RSV38_IRQHandler
                0x10000aae                RSV39_IRQHandler
                0x10000ab0                RSV40_IRQHandler
                0x10000ab2                RSV41_IRQHandler
                0x10000ab4                RSV42_IRQHandler
                0x10000ab6                RSV43_IRQHandler
                0x10000ab8                RSV44_IRQHandler
                0x10000aba                RSV45_IRQHandler
                0x10000abc                RSV46_IRQHandler
                0x10000abe                RSV47_IRQHandler
                0x10000ac0                RSV48_IRQHandler
                0x10000ac2                RSV49_IRQHandler
                0x10000ac4                RSV50_IRQHandler
                0x10000ac6                RSV51_IRQHandler
                0x10000ac8                RSV52_IRQHandler
                0x10000aca                WUT_IRQHandler
                0x10000acc                GPIOWAKE_IRQHandler
                0x10000ace                RSV55_IRQHandler
                0x10000ad0                SPI0_IRQHandler
                0x10000ad2                WDT1_IRQHandler
                0x10000ad4                RSV58_IRQHandler
                0x10000ad6                PT_IRQHandler
                0x10000ad8                RSV60_IRQHandler
                0x10000ada                RSV61_IRQHandler
                0x10000adc                I2C2_IRQHandler
                0x10000ade                RISCV_IRQHandler
                0x10000ae0                RSV64_IRQHandler
                0x10000ae2                RSV65_IRQHandler
                0x10000ae4                RSV66_IRQHandler
                0x10000ae6                OWM_IRQHandler
                0x10000ae8                RSV68_IRQHandler
                0x10000aea                RSV69_IRQHandler
                0x10000aec                RSV70_IRQHandler
                0x10000aee                RSV71_IRQHandler
                0x10000af0                RSV72_IRQHandler
                0x10000af2                RSV73_IRQHandler
                0x10000af4                RSV74_IRQHandler
                0x10000af6                RSV75_IRQHandler
                0x10000af8                RSV76_IRQHandler
                0x10000afa                RSV77_IRQHandler
                0x10000afc                RSV78_IRQHandler
                0x10000afe                RSV79_IRQHandler
                0x10000b00                RSV80_IRQHandler
                0x10000b02                RSV81_IRQHandler
                0x10000b04                ECC_IRQHandler
                0x10000b06                DVS_IRQHandler
                0x10000b08                SIMO_IRQHandler
                0x10000b0a                RSV85_IRQHandler
                0x10000b0c                RSV86_IRQHandler
                0x10000b0e                RSV87_IRQHandler
                0x10000b10                UART3_IRQHandler
                0x10000b12                RSV89_IRQHandler
                0x10000b14                RSV90_IRQHandler
                0x10000b16                PCIF_IRQHandler
                0x10000b18                RSV92_IRQHandler
                0x10000b1a                RSV93_IRQHandler
                0x10000b1c                RSV94_IRQHandler
                0x10000b1e                RSV95_IRQHandler
                0x10000b20                RSV96_IRQHandler
                0x10000b22                AES_IRQHandler
                0x10000b24                RSV98_IRQHandler
                0x10000b26                I2S_IRQHandler
                0x10000b28                CNN_FIFO_IRQHandler
                0x10000b2a                CNN_IRQHandler
                0x10000b2c                RSV102_IRQHandler
                0x10000b2e                LPCMP_IRQHandler
 .text._sbrk    0x10000b58       0x3c d:/mnist_custom_extrasmall/build/heap.o
                0x10000b58                _sbrk
 .text._getpid  0x10000b94        0x8 d:/mnist_custom_extrasmall/build/system_max78000.o
                0x10000b94                _getpid
 .text._kill    0x10000b9c        0x8 d:/mnist_custom_extrasmall/build/system_max78000.o
                0x10000b9c                _kill
 .text.SystemCoreClockUpdate
                0x10000ba4       0x68 d:/mnist_custom_extrasmall/build/system_max78000.o
                0x10000ba4                SystemCoreClockUpdate
 .text.PreInit  0x10000c0c        0x4 d:/mnist_custom_extrasmall/build/system_max78000.o
                0x10000c0c                PreInit
 .text.PinInit  0x10000c10        0x4 d:/mnist_custom_extrasmall/build/system_max78000.o
                0x10000c10                PinInit
 .text.SystemInit
                0x10000c14       0x3c d:/mnist_custom_extrasmall/build/system_max78000.o
                0x10000c14                SystemInit
 .text.MXC_DelayInit
                0x10000c50       0x7c D:/MSDK/Libraries/PeriphDrivers/bin/MAX78000/spi-v1_softfp/libPeriphDriver_spi-v1_softfp.a(mxc_delay.o)
 .text.MXC_DelayAsync
                0x10000ccc       0x3c D:/MSDK/Libraries/PeriphDrivers/bin/MAX78000/spi-v1_softfp/libPeriphDriver_spi-v1_softfp.a(mxc_delay.o)
                0x10000ccc                MXC_DelayAsync
 .text.MXC_DelayCheck
                0x10000d08       0x70 D:/MSDK/Libraries/PeriphDrivers/bin/MAX78000/spi-v1_softfp/libPeriphDriver_spi-v1_softfp.a(mxc_delay.o)
                0x10000d08                MXC_DelayCheck
 .text.MXC_DelayAbort
                0x10000d78       0x34 D:/MSDK/Libraries/PeriphDrivers/bin/MAX78000/spi-v1_softfp/libPeriphDriver_spi-v1_softfp.a(mxc_delay.o)
                0x10000d78                MXC_DelayAbort
 .text.MXC_Delay
                0x10000dac       0x74 D:/MSDK/Libraries/PeriphDrivers/bin/MAX78000/spi-v1_softfp/libPeriphDriver_spi-v1_softfp.a(mxc_delay.o)
                0x10000dac                MXC_Delay
 .text.MXC_NVIC_SetVector
                0x10000e20       0x50 D:/MSDK/Libraries/PeriphDrivers/bin/MAX78000/spi-v1_softfp/libPeriphDriver_spi-v1_softfp.a(nvic_table.o)
                0x10000e20                MXC_NVIC_SetVector
 .text.MXC_SYS_ClockDisable
                0x10000e70       0x44 D:/MSDK/Libraries/PeriphDrivers/bin/MAX78000/spi-v1_softfp/libPeriphDriver_spi-v1_softfp.a(sys_ai85.o)
                0x10000e70                MXC_SYS_ClockDisable
 .text.MXC_SYS_ClockEnable
                0x10000eb4       0x4c D:/MSDK/Libraries/PeriphDrivers/bin/MAX78000/spi-v1_softfp/libPeriphDriver_spi-v1_softfp.a(sys_ai85.o)
                0x10000eb4                MXC_SYS_ClockEnable
 .text.MXC_SYS_ClockSourceEnable
                0x10000f00       0xf4 D:/MSDK/Libraries/PeriphDrivers/bin/MAX78000/spi-v1_softfp/libPeriphDriver_spi-v1_softfp.a(sys_ai85.o)
                0x10000f00                MXC_SYS_ClockSourceEnable
 .text.MXC_SYS_Clock_Select
                0x10000ff4      0x194 D:/MSDK/Libraries/PeriphDrivers/bin/MAX78000/spi-v1_softfp/libPeriphDriver_spi-v1_softfp.a(sys_ai85.o)
                0x10000ff4                MXC_SYS_Clock_Select
 .text.MXC_SYS_Reset_Periph
                0x10001188       0x50 D:/MSDK/Libraries/PeriphDrivers/bin/MAX78000/spi-v1_softfp/libPeriphDriver_spi-v1_softfp.a(sys_ai85.o)
                0x10001188                MXC_SYS_Reset_Periph
 .text.MXC_GPIO_Init
                0x100011d8       0x40 D:/MSDK/Libraries/PeriphDrivers/bin/MAX78000/spi-v1_softfp/libPeriphDriver_spi-v1_softfp.a(gpio_ai85.o)
                0x100011d8                MXC_GPIO_Init
 .text.MXC_GPIO_Config
                0x10001218      0x234 D:/MSDK/Libraries/PeriphDrivers/bin/MAX78000/spi-v1_softfp/libPeriphDriver_spi-v1_softfp.a(gpio_ai85.o)
                0x10001218                MXC_GPIO_Config
 .text.MXC_GPIO_OutSet
                0x1000144c       0x30 D:/MSDK/Libraries/PeriphDrivers/bin/MAX78000/spi-v1_softfp/libPeriphDriver_spi-v1_softfp.a(gpio_ai85.o)
                0x1000144c                MXC_GPIO_OutSet
 .text.MXC_GPIO_OutClr
                0x1000147c       0x34 D:/MSDK/Libraries/PeriphDrivers/bin/MAX78000/spi-v1_softfp/libPeriphDriver_spi-v1_softfp.a(gpio_ai85.o)
                0x1000147c                MXC_GPIO_OutClr
 .text.MXC_GPIO_Handler
                0x100014b0        0x4 D:/MSDK/Libraries/PeriphDrivers/bin/MAX78000/spi-v1_softfp/libPeriphDriver_spi-v1_softfp.a(gpio_ai85.o)
                0x100014b0                MXC_GPIO_Handler
 .text.MXC_GPIO_ClearFlags
                0x100014b4       0x18 D:/MSDK/Libraries/PeriphDrivers/bin/MAX78000/spi-v1_softfp/libPeriphDriver_spi-v1_softfp.a(gpio_ai85.o)
                0x100014b4                MXC_GPIO_ClearFlags
 .text.MXC_GPIO_GetFlags
                0x100014cc       0x18 D:/MSDK/Libraries/PeriphDrivers/bin/MAX78000/spi-v1_softfp/libPeriphDriver_spi-v1_softfp.a(gpio_ai85.o)
                0x100014cc                MXC_GPIO_GetFlags
 .text.MXC_GPIO_GetConfigLock
                0x100014e4        0x4 D:/MSDK/Libraries/PeriphDrivers/bin/MAX78000/spi-v1_softfp/libPeriphDriver_spi-v1_softfp.a(gpio_ai85.o)
                0x100014e4                MXC_GPIO_GetConfigLock
 .text.MXC_GPIO_RevA_OutSet
                0x100014e8        0x4 D:/MSDK/Libraries/PeriphDrivers/bin/MAX78000/spi-v1_softfp/libPeriphDriver_spi-v1_softfp.a(gpio_reva.o)
                0x100014e8                MXC_GPIO_RevA_OutSet
 .text.MXC_GPIO_RevA_OutClr
                0x100014ec        0x4 D:/MSDK/Libraries/PeriphDrivers/bin/MAX78000/spi-v1_softfp/libPeriphDriver_spi-v1_softfp.a(gpio_reva.o)
                0x100014ec                MXC_GPIO_RevA_OutClr
 .text.MXC_GPIO_RevA_ClearFlags
                0x100014f0        0x4 D:/MSDK/Libraries/PeriphDrivers/bin/MAX78000/spi-v1_softfp/libPeriphDriver_spi-v1_softfp.a(gpio_reva.o)
                0x100014f0                MXC_GPIO_RevA_ClearFlags
 .text.MXC_GPIO_RevA_GetFlags
                0x100014f4        0x4 D:/MSDK/Libraries/PeriphDrivers/bin/MAX78000/spi-v1_softfp/libPeriphDriver_spi-v1_softfp.a(gpio_reva.o)
                0x100014f4                MXC_GPIO_RevA_GetFlags
 .text.MXC_GPIO_RevA_SetVSSEL
                0x100014f8       0x40 D:/MSDK/Libraries/PeriphDrivers/bin/MAX78000/spi-v1_softfp/libPeriphDriver_spi-v1_softfp.a(gpio_reva.o)
                0x100014f8                MXC_GPIO_RevA_SetVSSEL
 .text.MXC_GPIO_RevA_SetAF
                0x10001538       0x7c D:/MSDK/Libraries/PeriphDrivers/bin/MAX78000/spi-v1_softfp/libPeriphDriver_spi-v1_softfp.a(gpio_reva.o)
                0x10001538                MXC_GPIO_RevA_SetAF
 .text.MXC_GPIO_RevA_SetDriveStrength
                0x100015b4       0xa0 D:/MSDK/Libraries/PeriphDrivers/bin/MAX78000/spi-v1_softfp/libPeriphDriver_spi-v1_softfp.a(gpio_reva.o)
                0x100015b4                MXC_GPIO_RevA_SetDriveStrength
 .text.MXC_ICC_Enable
                0x10001654        0x4 D:/MSDK/Libraries/PeriphDrivers/bin/MAX78000/spi-v1_softfp/libPeriphDriver_spi-v1_softfp.a(icc_me17.o)
                0x10001654                MXC_ICC_Enable
 .text.MXC_ICC_RevA_Enable
                0x10001658       0x30 D:/MSDK/Libraries/PeriphDrivers/bin/MAX78000/spi-v1_softfp/libPeriphDriver_spi-v1_softfp.a(icc_reva.o)
                0x10001658                MXC_ICC_RevA_Enable
 .text.MXC_LP_EnterSleepMode
                0x10001688       0x28 D:/MSDK/Libraries/PeriphDrivers/bin/MAX78000/spi-v1_softfp/libPeriphDriver_spi-v1_softfp.a(lp_ai85.o)
                0x10001688                MXC_LP_EnterSleepMode
 .text.MXC_TMR_Init
                0x100016b0      0x314 D:/MSDK/Libraries/PeriphDrivers/bin/MAX78000/spi-v1_softfp/libPeriphDriver_spi-v1_softfp.a(tmr_ai85.o)
                0x100016b0                MXC_TMR_Init
 .text.MXC_TMR_Start
                0x100019c4        0x4 D:/MSDK/Libraries/PeriphDrivers/bin/MAX78000/spi-v1_softfp/libPeriphDriver_spi-v1_softfp.a(tmr_ai85.o)
                0x100019c4                MXC_TMR_Start
 .text.MXC_TMR_Stop
                0x100019c8        0x4 D:/MSDK/Libraries/PeriphDrivers/bin/MAX78000/spi-v1_softfp/libPeriphDriver_spi-v1_softfp.a(tmr_ai85.o)
                0x100019c8                MXC_TMR_Stop
 .text.MXC_TMR_ClearFlags
                0x100019cc        0x4 D:/MSDK/Libraries/PeriphDrivers/bin/MAX78000/spi-v1_softfp/libPeriphDriver_spi-v1_softfp.a(tmr_ai85.o)
                0x100019cc                MXC_TMR_ClearFlags
 .text.MXC_TMR_SetCount
                0x100019d0        0x4 D:/MSDK/Libraries/PeriphDrivers/bin/MAX78000/spi-v1_softfp/libPeriphDriver_spi-v1_softfp.a(tmr_ai85.o)
                0x100019d0                MXC_TMR_SetCount
 .text.MXC_TMR_TO_Start
                0x100019d4        0x4 D:/MSDK/Libraries/PeriphDrivers/bin/MAX78000/spi-v1_softfp/libPeriphDriver_spi-v1_softfp.a(tmr_ai85.o)
                0x100019d4                MXC_TMR_TO_Start
 .text.MXC_TMR_TO_Stop
                0x100019d8        0x4 D:/MSDK/Libraries/PeriphDrivers/bin/MAX78000/spi-v1_softfp/libPeriphDriver_spi-v1_softfp.a(tmr_ai85.o)
                0x100019d8                MXC_TMR_TO_Stop
 .text.MXC_TMR_TO_Elapsed
                0x100019dc        0x4 D:/MSDK/Libraries/PeriphDrivers/bin/MAX78000/spi-v1_softfp/libPeriphDriver_spi-v1_softfp.a(tmr_ai85.o)
                0x100019dc                MXC_TMR_TO_Elapsed
 .text.MXC_TMR_SW_Start
                0x100019e0        0x4 D:/MSDK/Libraries/PeriphDrivers/bin/MAX78000/spi-v1_softfp/libPeriphDriver_spi-v1_softfp.a(tmr_ai85.o)
                0x100019e0                MXC_TMR_SW_Start
 .text.MXC_TMR_SW_Stop
                0x100019e4        0x4 D:/MSDK/Libraries/PeriphDrivers/bin/MAX78000/spi-v1_softfp/libPeriphDriver_spi-v1_softfp.a(tmr_ai85.o)
                0x100019e4                MXC_TMR_SW_Stop
 .text.MXC_TMR_GetTime
                0x100019e8        0x4 D:/MSDK/Libraries/PeriphDrivers/bin/MAX78000/spi-v1_softfp/libPeriphDriver_spi-v1_softfp.a(tmr_ai85.o)
                0x100019e8                MXC_TMR_GetTime
 .text.MXC_TMR_RevB_SetClockSource
                0x100019ec       0xa0 D:/MSDK/Libraries/PeriphDrivers/bin/MAX78000/spi-v1_softfp/libPeriphDriver_spi-v1_softfp.a(tmr_revb.o)
                0x100019ec                MXC_TMR_RevB_SetClockSource
 .text.MXC_TMR_RevB_SetClockSourceFreq
                0x10001a8c       0x88 D:/MSDK/Libraries/PeriphDrivers/bin/MAX78000/spi-v1_softfp/libPeriphDriver_spi-v1_softfp.a(tmr_revb.o)
                0x10001a8c                MXC_TMR_RevB_SetClockSourceFreq
 .text.MXC_TMR_RevB_GetClockSourceFreq
                0x10001b14       0x80 D:/MSDK/Libraries/PeriphDrivers/bin/MAX78000/spi-v1_softfp/libPeriphDriver_spi-v1_softfp.a(tmr_revb.o)
                0x10001b14                MXC_TMR_RevB_GetClockSourceFreq
 .text.MXC_TMR_RevB_ConfigGeneric
                0x10001b94       0xc4 D:/MSDK/Libraries/PeriphDrivers/bin/MAX78000/spi-v1_softfp/libPeriphDriver_spi-v1_softfp.a(tmr_revb.o)
                0x10001b94                MXC_TMR_RevB_ConfigGeneric
 .text.MXC_TMR_RevB_Init
                0x10001c58      0x158 D:/MSDK/Libraries/PeriphDrivers/bin/MAX78000/spi-v1_softfp/libPeriphDriver_spi-v1_softfp.a(tmr_revb.o)
                0x10001c58                MXC_TMR_RevB_Init
 .text.MXC_TMR_RevB_Start
                0x10001db0       0x78 D:/MSDK/Libraries/PeriphDrivers/bin/MAX78000/spi-v1_softfp/libPeriphDriver_spi-v1_softfp.a(tmr_revb.o)
                0x10001db0                MXC_TMR_RevB_Start
 .text.MXC_TMR_RevB_Stop
                0x10001e28       0x58 D:/MSDK/Libraries/PeriphDrivers/bin/MAX78000/spi-v1_softfp/libPeriphDriver_spi-v1_softfp.a(tmr_revb.o)
                0x10001e28                MXC_TMR_RevB_Stop
 .text.MXC_TMR_RevB_ClearFlags
                0x10001e80       0x58 D:/MSDK/Libraries/PeriphDrivers/bin/MAX78000/spi-v1_softfp/libPeriphDriver_spi-v1_softfp.a(tmr_revb.o)
                0x10001e80                MXC_TMR_RevB_ClearFlags
 .text.MXC_TMR_RevB_SetCount
                0x10001ed8       0x5c D:/MSDK/Libraries/PeriphDrivers/bin/MAX78000/spi-v1_softfp/libPeriphDriver_spi-v1_softfp.a(tmr_revb.o)
                0x10001ed8                MXC_TMR_RevB_SetCount
 .text.MXC_TMR_RevB_TO_Start
                0x10001f34       0xe4 D:/MSDK/Libraries/PeriphDrivers/bin/MAX78000/spi-v1_softfp/libPeriphDriver_spi-v1_softfp.a(tmr_revb.o)
                0x10001f34                MXC_TMR_RevB_TO_Start
 .text.MXC_TMR_RevB_GetTime
                0x10002018      0x168 D:/MSDK/Libraries/PeriphDrivers/bin/MAX78000/spi-v1_softfp/libPeriphDriver_spi-v1_softfp.a(tmr_revb.o)
                0x10002018                MXC_TMR_RevB_GetTime
 .text.MXC_UART_Shutdown
                0x10002180       0x70 D:/MSDK/Libraries/PeriphDrivers/bin/MAX78000/spi-v1_softfp/libPeriphDriver_spi-v1_softfp.a(uart_ai85.o)
                0x10002180                MXC_UART_Shutdown
 .text.MXC_UART_SetFrequency
                0x100021f0       0x90 D:/MSDK/Libraries/PeriphDrivers/bin/MAX78000/spi-v1_softfp/libPeriphDriver_spi-v1_softfp.a(uart_ai85.o)
                0x100021f0                MXC_UART_SetFrequency
 .text.MXC_UART_SetDataSize
                0x10002280        0x4 D:/MSDK/Libraries/PeriphDrivers/bin/MAX78000/spi-v1_softfp/libPeriphDriver_spi-v1_softfp.a(uart_ai85.o)
                0x10002280                MXC_UART_SetDataSize
 .text.MXC_UART_SetStopBits
                0x10002284        0x4 D:/MSDK/Libraries/PeriphDrivers/bin/MAX78000/spi-v1_softfp/libPeriphDriver_spi-v1_softfp.a(uart_ai85.o)
                0x10002284                MXC_UART_SetStopBits
 .text.MXC_UART_SetParity
                0x10002288        0x4 D:/MSDK/Libraries/PeriphDrivers/bin/MAX78000/spi-v1_softfp/libPeriphDriver_spi-v1_softfp.a(uart_ai85.o)
                0x10002288                MXC_UART_SetParity
 .text.MXC_UART_SetClockSource
                0x1000228c       0x60 D:/MSDK/Libraries/PeriphDrivers/bin/MAX78000/spi-v1_softfp/libPeriphDriver_spi-v1_softfp.a(uart_ai85.o)
                0x1000228c                MXC_UART_SetClockSource
 .text.MXC_UART_GetClockSource
                0x100022ec       0x4c D:/MSDK/Libraries/PeriphDrivers/bin/MAX78000/spi-v1_softfp/libPeriphDriver_spi-v1_softfp.a(uart_ai85.o)
                0x100022ec                MXC_UART_GetClockSource
 .text.MXC_UART_Init
                0x10002338       0xa0 D:/MSDK/Libraries/PeriphDrivers/bin/MAX78000/spi-v1_softfp/libPeriphDriver_spi-v1_softfp.a(uart_ai85.o)
                0x10002338                MXC_UART_Init
 .text.MXC_UART_ReadCharacterRaw
                0x100023d8        0x4 D:/MSDK/Libraries/PeriphDrivers/bin/MAX78000/spi-v1_softfp/libPeriphDriver_spi-v1_softfp.a(uart_ai85.o)
                0x100023d8                MXC_UART_ReadCharacterRaw
 .text.MXC_UART_WriteCharacterRaw
                0x100023dc        0x4 D:/MSDK/Libraries/PeriphDrivers/bin/MAX78000/spi-v1_softfp/libPeriphDriver_spi-v1_softfp.a(uart_ai85.o)
                0x100023dc                MXC_UART_WriteCharacterRaw
 .text.MXC_UART_ReadCharacter
                0x100023e0        0x4 D:/MSDK/Libraries/PeriphDrivers/bin/MAX78000/spi-v1_softfp/libPeriphDriver_spi-v1_softfp.a(uart_ai85.o)
                0x100023e0                MXC_UART_ReadCharacter
 .text.MXC_UART_WriteCharacter
                0x100023e4        0x4 D:/MSDK/Libraries/PeriphDrivers/bin/MAX78000/spi-v1_softfp/libPeriphDriver_spi-v1_softfp.a(uart_ai85.o)
                0x100023e4                MXC_UART_WriteCharacter
 .text.MXC_UART_GetRXFIFOAvailable
                0x100023e8        0x4 D:/MSDK/Libraries/PeriphDrivers/bin/MAX78000/spi-v1_softfp/libPeriphDriver_spi-v1_softfp.a(uart_ai85.o)
                0x100023e8                MXC_UART_GetRXFIFOAvailable
 .text.MXC_UART_GetTXFIFOAvailable
                0x100023ec        0x4 D:/MSDK/Libraries/PeriphDrivers/bin/MAX78000/spi-v1_softfp/libPeriphDriver_spi-v1_softfp.a(uart_ai85.o)
                0x100023ec                MXC_UART_GetTXFIFOAvailable
 .text.MXC_UART_SetRXThreshold
                0x100023f0        0x4 D:/MSDK/Libraries/PeriphDrivers/bin/MAX78000/spi-v1_softfp/libPeriphDriver_spi-v1_softfp.a(uart_ai85.o)
                0x100023f0                MXC_UART_SetRXThreshold
 .text.MXC_UART_Common_ReadCharacter
                0x100023f4       0x18 D:/MSDK/Libraries/PeriphDrivers/bin/MAX78000/spi-v1_softfp/libPeriphDriver_spi-v1_softfp.a(uart_common.o)
                0x100023f4                MXC_UART_Common_ReadCharacter
 .text.MXC_UART_Common_WriteCharacter
                0x1000240c       0x1c D:/MSDK/Libraries/PeriphDrivers/bin/MAX78000/spi-v1_softfp/libPeriphDriver_spi-v1_softfp.a(uart_common.o)
                0x1000240c                MXC_UART_Common_WriteCharacter
 .text.MXC_UART_RevB_Init
                0x10002428       0xe0 D:/MSDK/Libraries/PeriphDrivers/bin/MAX78000/spi-v1_softfp/libPeriphDriver_spi-v1_softfp.a(uart_revb.o)
                0x10002428                MXC_UART_RevB_Init
 .text.MXC_UART_RevB_SetFrequency
                0x10002508       0x1c D:/MSDK/Libraries/PeriphDrivers/bin/MAX78000/spi-v1_softfp/libPeriphDriver_spi-v1_softfp.a(uart_revb.o)
                0x10002508                MXC_UART_RevB_SetFrequency
 .text.MXC_UART_RevB_SetDataSize
                0x10002524       0x20 D:/MSDK/Libraries/PeriphDrivers/bin/MAX78000/spi-v1_softfp/libPeriphDriver_spi-v1_softfp.a(uart_revb.o)
                0x10002524                MXC_UART_RevB_SetDataSize
 .text.MXC_UART_RevB_SetStopBits
                0x10002544       0x28 D:/MSDK/Libraries/PeriphDrivers/bin/MAX78000/spi-v1_softfp/libPeriphDriver_spi-v1_softfp.a(uart_revb.o)
                0x10002544                MXC_UART_RevB_SetStopBits
 .text.MXC_UART_RevB_SetParity
                0x1000256c       0x94 D:/MSDK/Libraries/PeriphDrivers/bin/MAX78000/spi-v1_softfp/libPeriphDriver_spi-v1_softfp.a(uart_revb.o)
                0x1000256c                MXC_UART_RevB_SetParity
 .text.MXC_UART_RevB_SetClockSource
                0x10002600       0xa8 D:/MSDK/Libraries/PeriphDrivers/bin/MAX78000/spi-v1_softfp/libPeriphDriver_spi-v1_softfp.a(uart_revb.o)
                0x10002600                MXC_UART_RevB_SetClockSource
 .text.MXC_UART_RevB_GetClockSource
                0x100026a8        0x8 D:/MSDK/Libraries/PeriphDrivers/bin/MAX78000/spi-v1_softfp/libPeriphDriver_spi-v1_softfp.a(uart_revb.o)
                0x100026a8                MXC_UART_RevB_GetClockSource
 .text.MXC_UART_RevB_ReadCharacterRaw
                0x100026b0       0x10 D:/MSDK/Libraries/PeriphDrivers/bin/MAX78000/spi-v1_softfp/libPeriphDriver_spi-v1_softfp.a(uart_revb.o)
                0x100026b0                MXC_UART_RevB_ReadCharacterRaw
 .text.MXC_UART_RevB_WriteCharacterRaw
                0x100026c0       0x14 D:/MSDK/Libraries/PeriphDrivers/bin/MAX78000/spi-v1_softfp/libPeriphDriver_spi-v1_softfp.a(uart_revb.o)
                0x100026c0                MXC_UART_RevB_WriteCharacterRaw
 .text.MXC_UART_RevB_GetRXFIFOAvailable
                0x100026d4        0x8 D:/MSDK/Libraries/PeriphDrivers/bin/MAX78000/spi-v1_softfp/libPeriphDriver_spi-v1_softfp.a(uart_revb.o)
                0x100026d4                MXC_UART_RevB_GetRXFIFOAvailable
 .text.MXC_UART_RevB_GetTXFIFOAvailable
                0x100026dc        0xc D:/MSDK/Libraries/PeriphDrivers/bin/MAX78000/spi-v1_softfp/libPeriphDriver_spi-v1_softfp.a(uart_revb.o)
                0x100026dc                MXC_UART_RevB_GetTXFIFOAvailable
 .text.MXC_UART_RevB_SetRXThreshold
                0x100026e8       0x1c D:/MSDK/Libraries/PeriphDrivers/bin/MAX78000/spi-v1_softfp/libPeriphDriver_spi-v1_softfp.a(uart_revb.o)
                0x100026e8                MXC_UART_RevB_SetRXThreshold
 .text.MXC_GPIO_Common_Init
                0x10002704       0x24 D:/MSDK/Libraries/PeriphDrivers/bin/MAX78000/spi-v1_softfp/libPeriphDriver_spi-v1_softfp.a(gpio_common.o)
                0x10002704                MXC_GPIO_Common_Init
 .text.MXC_GPIO_Common_Handler
                0x10002728       0x88 D:/MSDK/Libraries/PeriphDrivers/bin/MAX78000/spi-v1_softfp/libPeriphDriver_spi-v1_softfp.a(gpio_common.o)
                0x10002728                MXC_GPIO_Common_Handler
 .text.MXC_GPIO_Common_GetConfigLock
                0x100027b0        0xc D:/MSDK/Libraries/PeriphDrivers/bin/MAX78000/spi-v1_softfp/libPeriphDriver_spi-v1_softfp.a(gpio_common.o)
                0x100027b0                MXC_GPIO_Common_GetConfigLock
 .text.MXC_TMR_Common_TO_Stop
                0x100027bc       0x14 D:/MSDK/Libraries/PeriphDrivers/bin/MAX78000/spi-v1_softfp/libPeriphDriver_spi-v1_softfp.a(tmr_common.o)
                0x100027bc                MXC_TMR_Common_TO_Stop
 .text.MXC_TMR_Common_SW_Start
                0x100027d0        0x8 D:/MSDK/Libraries/PeriphDrivers/bin/MAX78000/spi-v1_softfp/libPeriphDriver_spi-v1_softfp.a(tmr_common.o)
                0x100027d0                MXC_TMR_Common_SW_Start
 .text.MXC_TMR_Common_SW_Stop
                0x100027d8       0x14 D:/MSDK/Libraries/PeriphDrivers/bin/MAX78000/spi-v1_softfp/libPeriphDriver_spi-v1_softfp.a(tmr_common.o)
                0x100027d8                MXC_TMR_Common_SW_Stop
 .text.MXC_TMR_Common_TO_Elapsed
                0x100027ec       0x54 D:/MSDK/Libraries/PeriphDrivers/bin/MAX78000/spi-v1_softfp/libPeriphDriver_spi-v1_softfp.a(tmr_common.o)
                0x100027ec                MXC_TMR_Common_TO_Elapsed
 .text.__errno  0x10002840        0xc d:/msdk/tools/gnutools/10.3/bin/../lib/gcc/arm-none-eabi/10.3.1/../../../../arm-none-eabi/lib/thumb/v7e-m+fp/softfp\libc.a(lib_a-errno.o)
                0x10002840                __errno
 .text.__libc_init_array
                0x1000284c       0x48 d:/msdk/tools/gnutools/10.3/bin/../lib/gcc/arm-none-eabi/10.3.1/../../../../arm-none-eabi/lib/thumb/v7e-m+fp/softfp\libc.a(lib_a-init.o)
                0x1000284c                __libc_init_array
 .text.malloc   0x10002894       0x10 d:/msdk/tools/gnutools/10.3/bin/../lib/gcc/arm-none-eabi/10.3.1/../../../../arm-none-eabi/lib/thumb/v7e-m+fp/softfp\libc.a(lib_a-malloc.o)
                0x10002894                malloc
 .text._malloc_r
                0x100028a4      0x560 d:/msdk/tools/gnutools/10.3/bin/../lib/gcc/arm-none-eabi/10.3.1/../../../../arm-none-eabi/lib/thumb/v7e-m+fp/softfp\libc.a(lib_a-mallocr.o)
                0x100028a4                _malloc_r
 .text          0x10002e04      0x134 d:/msdk/tools/gnutools/10.3/bin/../lib/gcc/arm-none-eabi/10.3.1/../../../../arm-none-eabi/lib/thumb/v7e-m+fp/softfp\libc.a(lib_a-memcpy.o)
                0x10002e04                memcpy
 .text.memset   0x10002f38       0xa4 d:/msdk/tools/gnutools/10.3/bin/../lib/gcc/arm-none-eabi/10.3.1/../../../../arm-none-eabi/lib/thumb/v7e-m+fp/softfp\libc.a(lib_a-memset.o)
                0x10002f38                memset
 .text.__malloc_lock
                0x10002fdc        0xc d:/msdk/tools/gnutools/10.3/bin/../lib/gcc/arm-none-eabi/10.3.1/../../../../arm-none-eabi/lib/thumb/v7e-m+fp/softfp\libc.a(lib_a-mlock.o)
                0x10002fdc                __malloc_lock
 .text.__malloc_unlock
                0x10002fe8        0xc d:/msdk/tools/gnutools/10.3/bin/../lib/gcc/arm-none-eabi/10.3.1/../../../../arm-none-eabi/lib/thumb/v7e-m+fp/softfp\libc.a(lib_a-mlock.o)
                0x10002fe8                __malloc_unlock
 .text.printf   0x10002ff4       0x28 d:/msdk/tools/gnutools/10.3/bin/../lib/gcc/arm-none-eabi/10.3.1/../../../../arm-none-eabi/lib/thumb/v7e-m+fp/softfp\libc.a(lib_a-printf.o)
                0x10002ff4                printf
 .text._puts_r  0x1000301c       0x9c d:/msdk/tools/gnutools/10.3/bin/../lib/gcc/arm-none-eabi/10.3.1/../../../../arm-none-eabi/lib/thumb/v7e-m+fp/softfp\libc.a(lib_a-puts.o)
                0x1000301c                _puts_r
 .text.puts     0x100030b8       0x10 d:/msdk/tools/gnutools/10.3/bin/../lib/gcc/arm-none-eabi/10.3.1/../../../../arm-none-eabi/lib/thumb/v7e-m+fp/softfp\libc.a(lib_a-puts.o)
                0x100030b8                puts
 .text._sbrk_r  0x100030c8       0x24 d:/msdk/tools/gnutools/10.3/bin/../lib/gcc/arm-none-eabi/10.3.1/../../../../arm-none-eabi/lib/thumb/v7e-m+fp/softfp\libc.a(lib_a-sbrkr.o)
                0x100030c8                _sbrk_r
 *fill*         0x100030ec       0x14 
 .text          0x10003100       0xdc d:/msdk/tools/gnutools/10.3/bin/../lib/gcc/arm-none-eabi/10.3.1/../../../../arm-none-eabi/lib/thumb/v7e-m+fp/softfp\libc.a(lib_a-strlen.o)
                0x10003100                strlen
 *fill*         0x100031dc        0x4 
 .text._vfprintf_r
                0x100031e0     0x1b8c d:/msdk/tools/gnutools/10.3/bin/../lib/gcc/arm-none-eabi/10.3.1/../../../../arm-none-eabi/lib/thumb/v7e-m+fp/softfp\libc.a(lib_a-vfprintf.o)
                0x100031e0                _vfprintf_r
 .text.__sbprintf
                0x10004d6c       0x80 d:/msdk/tools/gnutools/10.3/bin/../lib/gcc/arm-none-eabi/10.3.1/../../../../arm-none-eabi/lib/thumb/v7e-m+fp/softfp\libc.a(lib_a-vfprintf.o)
 .text.__swsetup_r
                0x10004dec       0xd4 d:/msdk/tools/gnutools/10.3/bin/../lib/gcc/arm-none-eabi/10.3.1/../../../../arm-none-eabi/lib/thumb/v7e-m+fp/softfp\libc.a(lib_a-wsetup.o)
                0x10004dec                __swsetup_r
 .text.startup.register_fini
                0x10004ec0       0x14 d:/msdk/tools/gnutools/10.3/bin/../lib/gcc/arm-none-eabi/10.3.1/../../../../arm-none-eabi/lib/thumb/v7e-m+fp/softfp\libc.a(lib_a-__call_atexit.o)
 .text.atexit   0x10004ed4        0xc d:/msdk/tools/gnutools/10.3/bin/../lib/gcc/arm-none-eabi/10.3.1/../../../../arm-none-eabi/lib/thumb/v7e-m+fp/softfp\libc.a(lib_a-atexit.o)
                0x10004ed4                atexit
 .text.quorem   0x10004ee0      0x128 d:/msdk/tools/gnutools/10.3/bin/../lib/gcc/arm-none-eabi/10.3.1/../../../../arm-none-eabi/lib/thumb/v7e-m+fp/softfp\libc.a(lib_a-dtoa.o)
 .text._dtoa_r  0x10005008      0xf34 d:/msdk/tools/gnutools/10.3/bin/../lib/gcc/arm-none-eabi/10.3.1/../../../../arm-none-eabi/lib/thumb/v7e-m+fp/softfp\libc.a(lib_a-dtoa.o)
                0x10005008                _dtoa_r
 .text.__sflush_r
                0x10005f3c      0x130 d:/msdk/tools/gnutools/10.3/bin/../lib/gcc/arm-none-eabi/10.3.1/../../../../arm-none-eabi/lib/thumb/v7e-m+fp/softfp\libc.a(lib_a-fflush.o)
                0x10005f3c                __sflush_r
 .text._fflush_r
                0x1000606c       0x5c d:/msdk/tools/gnutools/10.3/bin/../lib/gcc/arm-none-eabi/10.3.1/../../../../arm-none-eabi/lib/thumb/v7e-m+fp/softfp\libc.a(lib_a-fflush.o)
                0x1000606c                _fflush_r
 .text._cleanup_r
                0x100060c8        0xc d:/msdk/tools/gnutools/10.3/bin/../lib/gcc/arm-none-eabi/10.3.1/../../../../arm-none-eabi/lib/thumb/v7e-m+fp/softfp\libc.a(lib_a-findfp.o)
                0x100060c8                _cleanup_r
 .text.__sinit  0x100060d4      0x10c d:/msdk/tools/gnutools/10.3/bin/../lib/gcc/arm-none-eabi/10.3.1/../../../../arm-none-eabi/lib/thumb/v7e-m+fp/softfp\libc.a(lib_a-findfp.o)
                0x100060d4                __sinit
 .text.__sfp_lock_acquire
                0x100061e0        0xc d:/msdk/tools/gnutools/10.3/bin/../lib/gcc/arm-none-eabi/10.3.1/../../../../arm-none-eabi/lib/thumb/v7e-m+fp/softfp\libc.a(lib_a-findfp.o)
                0x100061e0                __sfp_lock_acquire
 .text.__sfp_lock_release
                0x100061ec        0xc d:/msdk/tools/gnutools/10.3/bin/../lib/gcc/arm-none-eabi/10.3.1/../../../../arm-none-eabi/lib/thumb/v7e-m+fp/softfp\libc.a(lib_a-findfp.o)
                0x100061ec                __sfp_lock_release
 .text.__libc_fini_array
                0x100061f8       0x2c d:/msdk/tools/gnutools/10.3/bin/../lib/gcc/arm-none-eabi/10.3.1/../../../../arm-none-eabi/lib/thumb/v7e-m+fp/softfp\libc.a(lib_a-fini.o)
                0x100061f8                __libc_fini_array
 .text._malloc_trim_r
                0x10006224       0xa0 d:/msdk/tools/gnutools/10.3/bin/../lib/gcc/arm-none-eabi/10.3.1/../../../../arm-none-eabi/lib/thumb/v7e-m+fp/softfp\libc.a(lib_a-freer.o)
                0x10006224                _malloc_trim_r
 .text._free_r  0x100062c4      0x20c d:/msdk/tools/gnutools/10.3/bin/../lib/gcc/arm-none-eabi/10.3.1/../../../../arm-none-eabi/lib/thumb/v7e-m+fp/softfp\libc.a(lib_a-freer.o)
                0x100062c4                _free_r
 .text.__sfvwrite_r
                0x100064d0      0x2f0 d:/msdk/tools/gnutools/10.3/bin/../lib/gcc/arm-none-eabi/10.3.1/../../../../arm-none-eabi/lib/thumb/v7e-m+fp/softfp\libc.a(lib_a-fvwrite.o)
                0x100064d0                __sfvwrite_r
 .text._fwalk_reent
                0x100067c0       0x48 d:/msdk/tools/gnutools/10.3/bin/../lib/gcc/arm-none-eabi/10.3.1/../../../../arm-none-eabi/lib/thumb/v7e-m+fp/softfp\libc.a(lib_a-fwalk.o)
                0x100067c0                _fwalk_reent
 .text._localeconv_r
                0x10006808        0x8 d:/msdk/tools/gnutools/10.3/bin/../lib/gcc/arm-none-eabi/10.3.1/../../../../arm-none-eabi/lib/thumb/v7e-m+fp/softfp\libc.a(lib_a-localeconv.o)
                0x10006808                _localeconv_r
 .text.__retarget_lock_init_recursive
                0x10006810        0x4 d:/msdk/tools/gnutools/10.3/bin/../lib/gcc/arm-none-eabi/10.3.1/../../../../arm-none-eabi/lib/thumb/v7e-m+fp/softfp\libc.a(lib_a-lock.o)
                0x10006810                __retarget_lock_init_recursive
 .text.__retarget_lock_close_recursive
                0x10006814        0x4 d:/msdk/tools/gnutools/10.3/bin/../lib/gcc/arm-none-eabi/10.3.1/../../../../arm-none-eabi/lib/thumb/v7e-m+fp/softfp\libc.a(lib_a-lock.o)
                0x10006814                __retarget_lock_close_recursive
 .text.__retarget_lock_acquire_recursive
                0x10006818        0x4 d:/msdk/tools/gnutools/10.3/bin/../lib/gcc/arm-none-eabi/10.3.1/../../../../arm-none-eabi/lib/thumb/v7e-m+fp/softfp\libc.a(lib_a-lock.o)
                0x10006818                __retarget_lock_acquire_recursive
 .text.__retarget_lock_release_recursive
                0x1000681c        0x4 d:/msdk/tools/gnutools/10.3/bin/../lib/gcc/arm-none-eabi/10.3.1/../../../../arm-none-eabi/lib/thumb/v7e-m+fp/softfp\libc.a(lib_a-lock.o)
                0x1000681c                __retarget_lock_release_recursive
 .text.__smakebuf_r
                0x10006820       0xe0 d:/msdk/tools/gnutools/10.3/bin/../lib/gcc/arm-none-eabi/10.3.1/../../../../arm-none-eabi/lib/thumb/v7e-m+fp/softfp\libc.a(lib_a-makebuf.o)
                0x10006820                __smakebuf_r
 .text          0x10006900       0xa0 d:/msdk/tools/gnutools/10.3/bin/../lib/gcc/arm-none-eabi/10.3.1/../../../../arm-none-eabi/lib/thumb/v7e-m+fp/softfp\libc.a(lib_a-memchr.o)
                0x10006900                memchr
 .text.memmove  0x100069a0       0xf8 d:/msdk/tools/gnutools/10.3/bin/../lib/gcc/arm-none-eabi/10.3.1/../../../../arm-none-eabi/lib/thumb/v7e-m+fp/softfp\libc.a(lib_a-memmove.o)
                0x100069a0                memmove
 .text._Balloc  0x10006a98       0x4c d:/msdk/tools/gnutools/10.3/bin/../lib/gcc/arm-none-eabi/10.3.1/../../../../arm-none-eabi/lib/thumb/v7e-m+fp/softfp\libc.a(lib_a-mprec.o)
                0x10006a98                _Balloc
 .text._Bfree   0x10006ae4       0x14 d:/msdk/tools/gnutools/10.3/bin/../lib/gcc/arm-none-eabi/10.3.1/../../../../arm-none-eabi/lib/thumb/v7e-m+fp/softfp\libc.a(lib_a-mprec.o)
                0x10006ae4                _Bfree
 .text.__multadd
                0x10006af8       0xa8 d:/msdk/tools/gnutools/10.3/bin/../lib/gcc/arm-none-eabi/10.3.1/../../../../arm-none-eabi/lib/thumb/v7e-m+fp/softfp\libc.a(lib_a-mprec.o)
                0x10006af8                __multadd
 .text.__hi0bits
                0x10006ba0       0x40 d:/msdk/tools/gnutools/10.3/bin/../lib/gcc/arm-none-eabi/10.3.1/../../../../arm-none-eabi/lib/thumb/v7e-m+fp/softfp\libc.a(lib_a-mprec.o)
                0x10006ba0                __hi0bits
 .text.__lo0bits
                0x10006be0       0x60 d:/msdk/tools/gnutools/10.3/bin/../lib/gcc/arm-none-eabi/10.3.1/../../../../arm-none-eabi/lib/thumb/v7e-m+fp/softfp\libc.a(lib_a-mprec.o)
                0x10006be0                __lo0bits
 .text.__i2b    0x10006c40       0x5c d:/msdk/tools/gnutools/10.3/bin/../lib/gcc/arm-none-eabi/10.3.1/../../../../arm-none-eabi/lib/thumb/v7e-m+fp/softfp\libc.a(lib_a-mprec.o)
                0x10006c40                __i2b
 .text.__multiply
                0x10006c9c      0x15c d:/msdk/tools/gnutools/10.3/bin/../lib/gcc/arm-none-eabi/10.3.1/../../../../arm-none-eabi/lib/thumb/v7e-m+fp/softfp\libc.a(lib_a-mprec.o)
                0x10006c9c                __multiply
 .text.__pow5mult
                0x10006df8       0xc0 d:/msdk/tools/gnutools/10.3/bin/../lib/gcc/arm-none-eabi/10.3.1/../../../../arm-none-eabi/lib/thumb/v7e-m+fp/softfp\libc.a(lib_a-mprec.o)
                0x10006df8                __pow5mult
 .text.__lshift
                0x10006eb8       0xf0 d:/msdk/tools/gnutools/10.3/bin/../lib/gcc/arm-none-eabi/10.3.1/../../../../arm-none-eabi/lib/thumb/v7e-m+fp/softfp\libc.a(lib_a-mprec.o)
                0x10006eb8                __lshift
 .text.__mcmp   0x10006fa8       0x44 d:/msdk/tools/gnutools/10.3/bin/../lib/gcc/arm-none-eabi/10.3.1/../../../../arm-none-eabi/lib/thumb/v7e-m+fp/softfp\libc.a(lib_a-mprec.o)
                0x10006fa8                __mcmp
 .text.__mdiff  0x10006fec      0x14c d:/msdk/tools/gnutools/10.3/bin/../lib/gcc/arm-none-eabi/10.3.1/../../../../arm-none-eabi/lib/thumb/v7e-m+fp/softfp\libc.a(lib_a-mprec.o)
                0x10006fec                __mdiff
 .text.__d2b    0x10007138       0xc4 d:/msdk/tools/gnutools/10.3/bin/../lib/gcc/arm-none-eabi/10.3.1/../../../../arm-none-eabi/lib/thumb/v7e-m+fp/softfp\libc.a(lib_a-mprec.o)
                0x10007138                __d2b
 .text._realloc_r
                0x100071fc      0x3d8 d:/msdk/tools/gnutools/10.3/bin/../lib/gcc/arm-none-eabi/10.3.1/../../../../arm-none-eabi/lib/thumb/v7e-m+fp/softfp\libc.a(lib_a-reallocr.o)
                0x100071fc                _realloc_r
 .text.frexp    0x100075d4       0x70 d:/msdk/tools/gnutools/10.3/bin/../lib/gcc/arm-none-eabi/10.3.1/../../../../arm-none-eabi/lib/thumb/v7e-m+fp/softfp\libc.a(lib_a-s_frexp.o)
                0x100075d4                frexp
 .text.__sread  0x10007644       0x24 d:/msdk/tools/gnutools/10.3/bin/../lib/gcc/arm-none-eabi/10.3.1/../../../../arm-none-eabi/lib/thumb/v7e-m+fp/softfp\libc.a(lib_a-stdio.o)
                0x10007644                __sread
 .text.__swrite
                0x10007668       0x40 d:/msdk/tools/gnutools/10.3/bin/../lib/gcc/arm-none-eabi/10.3.1/../../../../arm-none-eabi/lib/thumb/v7e-m+fp/softfp\libc.a(lib_a-stdio.o)
                0x10007668                __swrite
 .text.__sseek  0x100076a8       0x20 d:/msdk/tools/gnutools/10.3/bin/../lib/gcc/arm-none-eabi/10.3.1/../../../../arm-none-eabi/lib/thumb/v7e-m+fp/softfp\libc.a(lib_a-stdio.o)
                0x100076a8                __sseek
 .text.__sclose
                0x100076c8        0x8 d:/msdk/tools/gnutools/10.3/bin/../lib/gcc/arm-none-eabi/10.3.1/../../../../arm-none-eabi/lib/thumb/v7e-m+fp/softfp\libc.a(lib_a-stdio.o)
                0x100076c8                __sclose
 .text.strncpy  0x100076d0       0x64 d:/msdk/tools/gnutools/10.3/bin/../lib/gcc/arm-none-eabi/10.3.1/../../../../arm-none-eabi/lib/thumb/v7e-m+fp/softfp\libc.a(lib_a-strncpy.o)
                0x100076d0                strncpy
 .text.__sprint_r.part.0
                0x10007734       0x78 d:/msdk/tools/gnutools/10.3/bin/../lib/gcc/arm-none-eabi/10.3.1/../../../../arm-none-eabi/lib/thumb/v7e-m+fp/softfp\libc.a(lib_a-vfiprintf.o)
 .text.__sprint_r
                0x100077ac       0x18 d:/msdk/tools/gnutools/10.3/bin/../lib/gcc/arm-none-eabi/10.3.1/../../../../arm-none-eabi/lib/thumb/v7e-m+fp/softfp\libc.a(lib_a-vfiprintf.o)
                0x100077ac                __sprint_r
 .text._vfiprintf_r
                0x100077c4      0xdfc d:/msdk/tools/gnutools/10.3/bin/../lib/gcc/arm-none-eabi/10.3.1/../../../../arm-none-eabi/lib/thumb/v7e-m+fp/softfp\libc.a(lib_a-vfiprintf.o)
                0x100077c4                _vfiprintf_r
 .text.__sbprintf
                0x100085c0       0x80 d:/msdk/tools/gnutools/10.3/bin/../lib/gcc/arm-none-eabi/10.3.1/../../../../arm-none-eabi/lib/thumb/v7e-m+fp/softfp\libc.a(lib_a-vfiprintf.o)
 .text._write_r
                0x10008640       0x2c d:/msdk/tools/gnutools/10.3/bin/../lib/gcc/arm-none-eabi/10.3.1/../../../../arm-none-eabi/lib/thumb/v7e-m+fp/softfp\libc.a(lib_a-writer.o)
                0x10008640                _write_r
 .text.__register_exitproc
                0x1000866c       0x8c d:/msdk/tools/gnutools/10.3/bin/../lib/gcc/arm-none-eabi/10.3.1/../../../../arm-none-eabi/lib/thumb/v7e-m+fp/softfp\libc.a(lib_a-__atexit.o)
                0x1000866c                __register_exitproc
 .text.__assert_func
                0x100086f8       0x40 d:/msdk/tools/gnutools/10.3/bin/../lib/gcc/arm-none-eabi/10.3.1/../../../../arm-none-eabi/lib/thumb/v7e-m+fp/softfp\libc.a(lib_a-assert.o)
                0x100086f8                __assert_func
 .text._calloc_r
                0x10008738       0x78 d:/msdk/tools/gnutools/10.3/bin/../lib/gcc/arm-none-eabi/10.3.1/../../../../arm-none-eabi/lib/thumb/v7e-m+fp/softfp\libc.a(lib_a-callocr.o)
                0x10008738                _calloc_r
 .text._close_r
                0x100087b0       0x24 d:/msdk/tools/gnutools/10.3/bin/../lib/gcc/arm-none-eabi/10.3.1/../../../../arm-none-eabi/lib/thumb/v7e-m+fp/softfp\libc.a(lib_a-closer.o)
                0x100087b0                _close_r
 .text._fclose_r
                0x100087d4       0xcc d:/msdk/tools/gnutools/10.3/bin/../lib/gcc/arm-none-eabi/10.3.1/../../../../arm-none-eabi/lib/thumb/v7e-m+fp/softfp\libc.a(lib_a-fclose.o)
                0x100087d4                _fclose_r
 .text.fiprintf
                0x100088a0       0x28 d:/msdk/tools/gnutools/10.3/bin/../lib/gcc/arm-none-eabi/10.3.1/../../../../arm-none-eabi/lib/thumb/v7e-m+fp/softfp\libc.a(lib_a-fiprintf.o)
                0x100088a0                fiprintf
 .text.__fputwc
                0x100088c8       0xa8 d:/msdk/tools/gnutools/10.3/bin/../lib/gcc/arm-none-eabi/10.3.1/../../../../arm-none-eabi/lib/thumb/v7e-m+fp/softfp\libc.a(lib_a-fputwc.o)
                0x100088c8                __fputwc
 .text._fputwc_r
                0x10008970       0x68 d:/msdk/tools/gnutools/10.3/bin/../lib/gcc/arm-none-eabi/10.3.1/../../../../arm-none-eabi/lib/thumb/v7e-m+fp/softfp\libc.a(lib_a-fputwc.o)
                0x10008970                _fputwc_r
 .text._fstat_r
                0x100089d8       0x2c d:/msdk/tools/gnutools/10.3/bin/../lib/gcc/arm-none-eabi/10.3.1/../../../../arm-none-eabi/lib/thumb/v7e-m+fp/softfp\libc.a(lib_a-fstatr.o)
                0x100089d8                _fstat_r
 .text._isatty_r
                0x10008a04       0x24 d:/msdk/tools/gnutools/10.3/bin/../lib/gcc/arm-none-eabi/10.3.1/../../../../arm-none-eabi/lib/thumb/v7e-m+fp/softfp\libc.a(lib_a-isattyr.o)
                0x10008a04                _isatty_r
 .text.__locale_mb_cur_max
                0x10008a28        0xc d:/msdk/tools/gnutools/10.3/bin/../lib/gcc/arm-none-eabi/10.3.1/../../../../arm-none-eabi/lib/thumb/v7e-m+fp/softfp\libc.a(lib_a-locale.o)
                0x10008a28                __locale_mb_cur_max
 .text._lseek_r
                0x10008a34       0x2c d:/msdk/tools/gnutools/10.3/bin/../lib/gcc/arm-none-eabi/10.3.1/../../../../arm-none-eabi/lib/thumb/v7e-m+fp/softfp\libc.a(lib_a-lseekr.o)
                0x10008a34                _lseek_r
 .text.__ascii_mbtowc
                0x10008a60       0x2c d:/msdk/tools/gnutools/10.3/bin/../lib/gcc/arm-none-eabi/10.3.1/../../../../arm-none-eabi/lib/thumb/v7e-m+fp/softfp\libc.a(lib_a-mbtowc_r.o)
                0x10008a60                __ascii_mbtowc
 .text._read_r  0x10008a8c       0x2c d:/msdk/tools/gnutools/10.3/bin/../lib/gcc/arm-none-eabi/10.3.1/../../../../arm-none-eabi/lib/thumb/v7e-m+fp/softfp\libc.a(lib_a-readr.o)
                0x10008a8c                _read_r
 .text.__swbuf_r
                0x10008ab8       0xb0 d:/msdk/tools/gnutools/10.3/bin/../lib/gcc/arm-none-eabi/10.3.1/../../../../arm-none-eabi/lib/thumb/v7e-m+fp/softfp\libc.a(lib_a-wbuf.o)
                0x10008ab8                __swbuf_r
 .text._wcrtomb_r
                0x10008b68       0x3c d:/msdk/tools/gnutools/10.3/bin/../lib/gcc/arm-none-eabi/10.3.1/../../../../arm-none-eabi/lib/thumb/v7e-m+fp/softfp\libc.a(lib_a-wcrtomb.o)
                0x10008b68                _wcrtomb_r
 .text.__ascii_wctomb
                0x10008ba4       0x1c d:/msdk/tools/gnutools/10.3/bin/../lib/gcc/arm-none-eabi/10.3.1/../../../../arm-none-eabi/lib/thumb/v7e-m+fp/softfp\libc.a(lib_a-wctomb_r.o)
                0x10008ba4                __ascii_wctomb
 .text.abort    0x10008bc0       0x10 d:/msdk/tools/gnutools/10.3/bin/../lib/gcc/arm-none-eabi/10.3.1/../../../../arm-none-eabi/lib/thumb/v7e-m+fp/softfp\libc.a(lib_a-abort.o)
                0x10008bc0                abort
 .text.raise    0x10008bd0       0x5c d:/msdk/tools/gnutools/10.3/bin/../lib/gcc/arm-none-eabi/10.3.1/../../../../arm-none-eabi/lib/thumb/v7e-m+fp/softfp\libc.a(lib_a-signal.o)
                0x10008bd0                raise
 .text._kill_r  0x10008c2c       0x2c d:/msdk/tools/gnutools/10.3/bin/../lib/gcc/arm-none-eabi/10.3.1/../../../../arm-none-eabi/lib/thumb/v7e-m+fp/softfp\libc.a(lib_a-signalr.o)
                0x10008c2c                _kill_r
 .text._getpid_r
                0x10008c58        0x4 d:/msdk/tools/gnutools/10.3/bin/../lib/gcc/arm-none-eabi/10.3.1/../../../../arm-none-eabi/lib/thumb/v7e-m+fp/softfp\libc.a(lib_a-signalr.o)
                0x10008c58                _getpid_r
 .text._exit    0x10008c5c        0x4 d:/msdk/tools/gnutools/10.3/bin/../lib/gcc/arm-none-eabi/10.3.1/../../../../arm-none-eabi/lib/thumb/v7e-m+fp/softfp\libnosys.a(_exit.o)
                0x10008c5c                _exit
 .text          0x10008c60      0x378 d:/msdk/tools/gnutools/10.3/bin/../lib/gcc/arm-none-eabi/10.3.1/thumb/v7e-m+fp/softfp\libgcc.a(_arm_addsubdf3.o)
                0x10008c60                __aeabi_drsub
                0x10008c68                __aeabi_dsub
                0x10008c68                __subdf3
                0x10008c6c                __aeabi_dadd
                0x10008c6c                __adddf3
                0x10008ee4                __floatunsidf
                0x10008ee4                __aeabi_ui2d
                0x10008f04                __floatsidf
                0x10008f04                __aeabi_i2d
                0x10008f28                __aeabi_f2d
                0x10008f28                __extendsfdf2
                0x10008f6c                __floatundidf
                0x10008f6c                __aeabi_ul2d
                0x10008f7c                __floatdidf
                0x10008f7c                __aeabi_l2d
 .text          0x10008fd8      0x424 d:/msdk/tools/gnutools/10.3/bin/../lib/gcc/arm-none-eabi/10.3.1/thumb/v7e-m+fp/softfp\libgcc.a(_arm_muldivdf3.o)
                0x10008fd8                __aeabi_dmul
                0x10008fd8                __muldf3
                0x1000922c                __divdf3
                0x1000922c                __aeabi_ddiv
 .text          0x100093fc      0x110 d:/msdk/tools/gnutools/10.3/bin/../lib/gcc/arm-none-eabi/10.3.1/thumb/v7e-m+fp/softfp\libgcc.a(_arm_cmpdf2.o)
                0x100093fc                __gtdf2
                0x100093fc                __gedf2
                0x10009404                __ltdf2
                0x10009404                __ledf2
                0x1000940c                __nedf2
                0x1000940c                __eqdf2
                0x1000940c                __cmpdf2
                0x10009488                __aeabi_cdrcmple
                0x10009498                __aeabi_cdcmpeq
                0x10009498                __aeabi_cdcmple
                0x100094a8                __aeabi_dcmpeq
                0x100094bc                __aeabi_dcmplt
                0x100094d0                __aeabi_dcmple
                0x100094e4                __aeabi_dcmpge
                0x100094f8                __aeabi_dcmpgt
 .text          0x1000950c       0x2c d:/msdk/tools/gnutools/10.3/bin/../lib/gcc/arm-none-eabi/10.3.1/thumb/v7e-m+fp/softfp\libgcc.a(_arm_unorddf2.o)
                0x1000950c                __unorddf2
                0x1000950c                __aeabi_dcmpun
 .text          0x10009538       0x50 d:/msdk/tools/gnutools/10.3/bin/../lib/gcc/arm-none-eabi/10.3.1/thumb/v7e-m+fp/softfp\libgcc.a(_arm_fixdfsi.o)
                0x10009538                __aeabi_d2iz
                0x10009538                __fixdfsi
 .text          0x10009588       0xa0 d:/msdk/tools/gnutools/10.3/bin/../lib/gcc/arm-none-eabi/10.3.1/thumb/v7e-m+fp/softfp\libgcc.a(_aeabi_ldivmod.o)
                0x10009588                __aeabi_ldivmod
 .text          0x10009628       0x30 d:/msdk/tools/gnutools/10.3/bin/../lib/gcc/arm-none-eabi/10.3.1/thumb/v7e-m+fp/softfp\libgcc.a(_aeabi_uldivmod.o)
                0x10009628                __aeabi_uldivmod
 .text          0x10009658      0x2d0 d:/msdk/tools/gnutools/10.3/bin/../lib/gcc/arm-none-eabi/10.3.1/thumb/v7e-m+fp/softfp\libgcc.a(_udivmoddi4.o)
                0x10009658                __udivmoddi4
 .text          0x10009928        0x4 d:/msdk/tools/gnutools/10.3/bin/../lib/gcc/arm-none-eabi/10.3.1/thumb/v7e-m+fp/softfp\libgcc.a(_dvmd_tls.o)
                0x10009928                __aeabi_idiv0
                0x10009928                __aeabi_ldiv0
 *(.rodata*)
 .rodata.bias_0
                0x1000992c        0xa d:/mnist_custom_extrasmall/build/cnn.o
 *fill*         0x10009936        0x2 
 .rodata.kernels
                0x10009938      0xa34 d:/mnist_custom_extrasmall/build/cnn.o
 .rodata.fail.str1.4
                0x1000a36c        0xf d:/mnist_custom_extrasmall/build/main.o
 *fill*         0x1000a37b        0x1 
 .rodata.check_output.str1.4
                0x1000a37c       0x48 d:/mnist_custom_extrasmall/build/main.o
 .rodata.main.str1.4
                0x1000a3c4       0xa8 d:/mnist_custom_extrasmall/build/main.o
 .rodata.input_0
                0x1000a46c      0x310 d:/mnist_custom_extrasmall/build/main.o
 .rodata.sample_output
                0x1000a77c       0x50 d:/mnist_custom_extrasmall/build/main.o
 .rodata.mxc_assert.str1.4
                0x1000a7cc       0x19 d:/mnist_custom_extrasmall/build/board.o
 *fill*         0x1000a7e5        0x3 
 .rodata.Board_Init.str1.4
                0x1000a7e8       0x41 d:/mnist_custom_extrasmall/build/board.o
 *fill*         0x1000a829        0x3 
 .rodata.led_pin
                0x1000a82c       0x24 d:/mnist_custom_extrasmall/build/board.o
                0x1000a82c                led_pin
 .rodata.num_leds
                0x1000a850        0x4 d:/mnist_custom_extrasmall/build/board.o
                0x1000a850                num_leds
 .rodata.num_pbs
                0x1000a854        0x4 d:/mnist_custom_extrasmall/build/board.o
                0x1000a854                num_pbs
 .rodata.pb_pin
                0x1000a858       0x18 d:/mnist_custom_extrasmall/build/board.o
                0x1000a858                pb_pin
 .rodata.LED_On.str1.4
                0x1000a870       0x37 d:/mnist_custom_extrasmall/build/led.o
 *fill*         0x1000a8a7        0x1 
 .rodata.gpio_cfg_extclk
                0x1000a8a8        0xc D:/MSDK/Libraries/PeriphDrivers/bin/MAX78000/spi-v1_softfp/libPeriphDriver_spi-v1_softfp.a(pins_ai85.o)
                0x1000a8a8                gpio_cfg_extclk
 .rodata.gpio_cfg_tmr0
                0x1000a8b4        0xc D:/MSDK/Libraries/PeriphDrivers/bin/MAX78000/spi-v1_softfp/libPeriphDriver_spi-v1_softfp.a(pins_ai85.o)
                0x1000a8b4                gpio_cfg_tmr0
 .rodata.gpio_cfg_tmr0b
                0x1000a8c0        0xc D:/MSDK/Libraries/PeriphDrivers/bin/MAX78000/spi-v1_softfp/libPeriphDriver_spi-v1_softfp.a(pins_ai85.o)
                0x1000a8c0                gpio_cfg_tmr0b
 .rodata.gpio_cfg_tmr1
                0x1000a8cc        0xc D:/MSDK/Libraries/PeriphDrivers/bin/MAX78000/spi-v1_softfp/libPeriphDriver_spi-v1_softfp.a(pins_ai85.o)
                0x1000a8cc                gpio_cfg_tmr1
 .rodata.gpio_cfg_tmr1b
                0x1000a8d8        0xc D:/MSDK/Libraries/PeriphDrivers/bin/MAX78000/spi-v1_softfp/libPeriphDriver_spi-v1_softfp.a(pins_ai85.o)
                0x1000a8d8                gpio_cfg_tmr1b
 .rodata.gpio_cfg_tmr2
                0x1000a8e4        0xc D:/MSDK/Libraries/PeriphDrivers/bin/MAX78000/spi-v1_softfp/libPeriphDriver_spi-v1_softfp.a(pins_ai85.o)
                0x1000a8e4                gpio_cfg_tmr2
 .rodata.gpio_cfg_tmr2b
                0x1000a8f0        0xc D:/MSDK/Libraries/PeriphDrivers/bin/MAX78000/spi-v1_softfp/libPeriphDriver_spi-v1_softfp.a(pins_ai85.o)
                0x1000a8f0                gpio_cfg_tmr2b
 .rodata.gpio_cfg_tmr3
                0x1000a8fc        0xc D:/MSDK/Libraries/PeriphDrivers/bin/MAX78000/spi-v1_softfp/libPeriphDriver_spi-v1_softfp.a(pins_ai85.o)
                0x1000a8fc                gpio_cfg_tmr3
 .rodata.gpio_cfg_tmr3b
                0x1000a908        0xc D:/MSDK/Libraries/PeriphDrivers/bin/MAX78000/spi-v1_softfp/libPeriphDriver_spi-v1_softfp.a(pins_ai85.o)
                0x1000a908                gpio_cfg_tmr3b
 .rodata.gpio_cfg_tmr4
                0x1000a914        0xc D:/MSDK/Libraries/PeriphDrivers/bin/MAX78000/spi-v1_softfp/libPeriphDriver_spi-v1_softfp.a(pins_ai85.o)
                0x1000a914                gpio_cfg_tmr4
 .rodata.gpio_cfg_tmr5
                0x1000a920        0xc D:/MSDK/Libraries/PeriphDrivers/bin/MAX78000/spi-v1_softfp/libPeriphDriver_spi-v1_softfp.a(pins_ai85.o)
                0x1000a920                gpio_cfg_tmr5
 .rodata.gpio_cfg_uart0
                0x1000a92c        0xc D:/MSDK/Libraries/PeriphDrivers/bin/MAX78000/spi-v1_softfp/libPeriphDriver_spi-v1_softfp.a(pins_ai85.o)
                0x1000a92c                gpio_cfg_uart0
 .rodata.gpio_cfg_uart1
                0x1000a938        0xc D:/MSDK/Libraries/PeriphDrivers/bin/MAX78000/spi-v1_softfp/libPeriphDriver_spi-v1_softfp.a(pins_ai85.o)
                0x1000a938                gpio_cfg_uart1
 .rodata.gpio_cfg_uart2
                0x1000a944        0xc D:/MSDK/Libraries/PeriphDrivers/bin/MAX78000/spi-v1_softfp/libPeriphDriver_spi-v1_softfp.a(pins_ai85.o)
                0x1000a944                gpio_cfg_uart2
 .rodata.gpio_cfg_uart3
                0x1000a950        0xc D:/MSDK/Libraries/PeriphDrivers/bin/MAX78000/spi-v1_softfp/libPeriphDriver_spi-v1_softfp.a(pins_ai85.o)
                0x1000a950                gpio_cfg_uart3
 .rodata.MXC_TMR_Init.str1.4
                0x1000a95c       0x4c D:/MSDK/Libraries/PeriphDrivers/bin/MAX78000/spi-v1_softfp/libPeriphDriver_spi-v1_softfp.a(tmr_ai85.o)
 .rodata.MXC_TMR_RevB_SetClockSourceFreq.str1.4
                0x1000a9a8       0x3f D:/MSDK/Libraries/PeriphDrivers/bin/MAX78000/spi-v1_softfp/libPeriphDriver_spi-v1_softfp.a(tmr_revb.o)
                                 0x4c (size before relaxing)
 *fill*         0x1000a9e7        0x1 
 .rodata.MXC_UART_RevB_Init.str1.4
                0x1000a9e8       0x73 D:/MSDK/Libraries/PeriphDrivers/bin/MAX78000/spi-v1_softfp/libPeriphDriver_spi-v1_softfp.a(uart_revb.o)
 *fill*         0x1000aa5b        0x1 
 .rodata.MXC_UART_RevB_SetClockSource.str1.4
                0x1000aa5c       0x27 D:/MSDK/Libraries/PeriphDrivers/bin/MAX78000/spi-v1_softfp/libPeriphDriver_spi-v1_softfp.a(uart_revb.o)
 *fill*         0x1000aa83        0x1 
 .rodata.MXC_GPIO_Common_Handler.str1.4
                0x1000aa84       0x62 D:/MSDK/Libraries/PeriphDrivers/bin/MAX78000/spi-v1_softfp/libPeriphDriver_spi-v1_softfp.a(gpio_common.o)
 *fill*         0x1000aae6        0x2 
 .rodata._global_impure_ptr
                0x1000aae8        0x4 d:/msdk/tools/gnutools/10.3/bin/../lib/gcc/arm-none-eabi/10.3.1/../../../../arm-none-eabi/lib/thumb/v7e-m+fp/softfp\libc.a(lib_a-impure.o)
                0x1000aae8                _global_impure_ptr
 .rodata._puts_r.str1.4
                0x1000aaec        0x2 d:/msdk/tools/gnutools/10.3/bin/../lib/gcc/arm-none-eabi/10.3.1/../../../../arm-none-eabi/lib/thumb/v7e-m+fp/softfp\libc.a(lib_a-puts.o)
 *fill*         0x1000aaee        0x2 
 .rodata._vfprintf_r.str1.4
                0x1000aaf0       0x42 d:/msdk/tools/gnutools/10.3/bin/../lib/gcc/arm-none-eabi/10.3.1/../../../../arm-none-eabi/lib/thumb/v7e-m+fp/softfp\libc.a(lib_a-vfprintf.o)
 *fill*         0x1000ab32        0x2 
 .rodata.blanks.1
                0x1000ab34       0x10 d:/msdk/tools/gnutools/10.3/bin/../lib/gcc/arm-none-eabi/10.3.1/../../../../arm-none-eabi/lib/thumb/v7e-m+fp/softfp\libc.a(lib_a-vfprintf.o)
 .rodata.zeroes.0
                0x1000ab44       0x10 d:/msdk/tools/gnutools/10.3/bin/../lib/gcc/arm-none-eabi/10.3.1/../../../../arm-none-eabi/lib/thumb/v7e-m+fp/softfp\libc.a(lib_a-vfprintf.o)
 .rodata._dtoa_r.str1.4
                0x1000ab54       0xa2 d:/msdk/tools/gnutools/10.3/bin/../lib/gcc/arm-none-eabi/10.3.1/../../../../arm-none-eabi/lib/thumb/v7e-m+fp/softfp\libc.a(lib_a-dtoa.o)
                                 0xa6 (size before relaxing)
 *fill*         0x1000abf6        0x2 
 .rodata.__multadd.str1.4
                0x1000abf8       0x7f d:/msdk/tools/gnutools/10.3/bin/../lib/gcc/arm-none-eabi/10.3.1/../../../../arm-none-eabi/lib/thumb/v7e-m+fp/softfp\libc.a(lib_a-mprec.o)
                                 0x93 (size before relaxing)
 *fill*         0x1000ac77        0x1 
 .rodata.__mprec_bigtens
                0x1000ac78       0x28 d:/msdk/tools/gnutools/10.3/bin/../lib/gcc/arm-none-eabi/10.3.1/../../../../arm-none-eabi/lib/thumb/v7e-m+fp/softfp\libc.a(lib_a-mprec.o)
                0x1000ac78                __mprec_bigtens
 .rodata.__mprec_tens
                0x1000aca0       0xc8 d:/msdk/tools/gnutools/10.3/bin/../lib/gcc/arm-none-eabi/10.3.1/../../../../arm-none-eabi/lib/thumb/v7e-m+fp/softfp\libc.a(lib_a-mprec.o)
                0x1000aca0                __mprec_tens
 .rodata.p05.0  0x1000ad68        0xc d:/msdk/tools/gnutools/10.3/bin/../lib/gcc/arm-none-eabi/10.3.1/../../../../arm-none-eabi/lib/thumb/v7e-m+fp/softfp\libc.a(lib_a-mprec.o)
 .rodata._vfiprintf_r.str1.4
                0x1000ad74       0x2f d:/msdk/tools/gnutools/10.3/bin/../lib/gcc/arm-none-eabi/10.3.1/../../../../arm-none-eabi/lib/thumb/v7e-m+fp/softfp\libc.a(lib_a-vfiprintf.o)
 .rodata.blanks.1
                0x1000ad74       0x10 d:/msdk/tools/gnutools/10.3/bin/../lib/gcc/arm-none-eabi/10.3.1/../../../../arm-none-eabi/lib/thumb/v7e-m+fp/softfp\libc.a(lib_a-vfiprintf.o)
 .rodata.zeroes.0
                0x1000ad84       0x10 d:/msdk/tools/gnutools/10.3/bin/../lib/gcc/arm-none-eabi/10.3.1/../../../../arm-none-eabi/lib/thumb/v7e-m+fp/softfp\libc.a(lib_a-vfiprintf.o)
 .rodata.__assert_func.str1.4
                0x1000ad94       0x3f d:/msdk/tools/gnutools/10.3/bin/../lib/gcc/arm-none-eabi/10.3.1/../../../../arm-none-eabi/lib/thumb/v7e-m+fp/softfp\libc.a(lib_a-assert.o)
                                 0x43 (size before relaxing)
 *fill*         0x1000add3        0x1 
 .rodata._setlocale_r.str1.4
                0x1000add4        0xa d:/msdk/tools/gnutools/10.3/bin/../lib/gcc/arm-none-eabi/10.3.1/../../../../arm-none-eabi/lib/thumb/v7e-m+fp/softfp\libc.a(lib_a-locale.o)
                                  0xd (size before relaxing)
 *fill*         0x1000adde        0x2 
 .rodata.str1.4
                0x1000ade0        0x2 d:/msdk/tools/gnutools/10.3/bin/../lib/gcc/arm-none-eabi/10.3.1/../../../../arm-none-eabi/lib/thumb/v7e-m+fp/softfp\libc.a(lib_a-locale.o)
 *fill*         0x1000ade2        0x2 
 .rodata._ctype_
                0x1000ade4      0x101 d:/msdk/tools/gnutools/10.3/bin/../lib/gcc/arm-none-eabi/10.3.1/../../../../arm-none-eabi/lib/thumb/v7e-m+fp/softfp\libc.a(lib_a-ctype_.o)
                0x1000ade4                _ctype_
 *(.init)
 *fill*         0x1000aee5        0x3 
 .init          0x1000aee8        0x4 d:/msdk/tools/gnutools/10.3/bin/../lib/gcc/arm-none-eabi/10.3.1/thumb/v7e-m+fp/softfp/crti.o
                0x1000aee8                _init
 .init          0x1000aeec        0x8 d:/msdk/tools/gnutools/10.3/bin/../lib/gcc/arm-none-eabi/10.3.1/thumb/v7e-m+fp/softfp/crtn.o
 *(.fini)
 .fini          0x1000aef4        0x4 d:/msdk/tools/gnutools/10.3/bin/../lib/gcc/arm-none-eabi/10.3.1/thumb/v7e-m+fp/softfp/crti.o
                0x1000aef4                _fini
 .fini          0x1000aef8        0x8 d:/msdk/tools/gnutools/10.3/bin/../lib/gcc/arm-none-eabi/10.3.1/thumb/v7e-m+fp/softfp/crtn.o
 *crtbegin.o(.ctors)
 *crtbegin?.o(.ctors)
 *(EXCLUDE_FILE(*crtend.o *crtend?.o) .ctors)
 *(SORT_BY_NAME(.ctors.*))
 *(.ctors)
 *crtbegin.o(.dtors)
 *crtbegin?.o(.dtors)
 *(EXCLUDE_FILE(*crtend.o *crtend?.o) .dtors)
 *(SORT_BY_NAME(.dtors.*))
 *(.dtors)
 *(.eh_frame*)
 .eh_frame      0x1000af00        0x0 d:/msdk/tools/gnutools/10.3/bin/../lib/gcc/arm-none-eabi/10.3.1/thumb/v7e-m+fp/softfp/crtbegin.o
 .eh_frame      0x1000af00        0x4 d:/msdk/tools/gnutools/10.3/bin/../lib/gcc/arm-none-eabi/10.3.1/thumb/v7e-m+fp/softfp/crtend.o
                0x1000af04                _etext = .

.glue_7         0x1000af04        0x0
 .glue_7        0x1000af04        0x0 linker stubs

.glue_7t        0x1000af04        0x0
 .glue_7t       0x1000af04        0x0 linker stubs

.vfp11_veneer   0x1000af04        0x0
 .vfp11_veneer  0x1000af04        0x0 linker stubs

.v4_bx          0x1000af04        0x0
 .v4_bx         0x1000af04        0x0 linker stubs

.iplt           0x1000af04        0x0
 .iplt          0x1000af04        0x0 d:/msdk/tools/gnutools/10.3/bin/../lib/gcc/arm-none-eabi/10.3.1/thumb/v7e-m+fp/softfp/crtbegin.o

.ARM.extab
 *(.ARM.extab* .gnu.linkonce.armextab.*)

.bin_storage    0x1000af04        0x0
 FILL mask 0xff
                0x1000af04                _bin_start_ = .
 *(.bin_storage_img)
                0x1000af04                _bin_end_ = .
                0x1000af04                . = ALIGN (0x4)

.rom_code       0x00000000        0x0
                0x00000000                . = ALIGN (0x10)
                0x20000000                _sran_code = .
 *(.rom_code_section)
                0x20000000                _esran_code = .

.flash_code     0x1000af04        0xc
                0x1000af10                . = ALIGN (0x10)
 *fill*         0x1000af04        0xc 
                0x20000000                _sran_code = .
 *(.flash_code_section)
                0x20000000                _esran_code = .

.sram_code      0x20000000        0x0
                0x20000000                . = ALIGN (0x10)
                0x20000000                _sran_code = .
 *(.sram_code_section)
                0x20000000                _esran_code = .

.ARM.exidx      0x1000af10        0x8
                0x1000af10                __exidx_start = .
 *(.ARM.exidx* .gnu.linkonce.armexidx.*)
 .ARM.exidx     0x1000af10        0x8 d:/msdk/tools/gnutools/10.3/bin/../lib/gcc/arm-none-eabi/10.3.1/thumb/v7e-m+fp/softfp\libgcc.a(_udivmoddi4.o)
                0x1000af18                __exidx_end = .

.rel.dyn        0x1000af18        0x0
 .rel.iplt      0x1000af18        0x0 d:/msdk/tools/gnutools/10.3/bin/../lib/gcc/arm-none-eabi/10.3.1/thumb/v7e-m+fp/softfp/crtbegin.o

.data           0x20000000      0xa24 load address 0x1000af18
                0x20000000                _data = ALIGN (., 0x4)
 *(vtable)
 *(.data*)
 .data.ConsoleUart
                0x20000000        0x4 d:/mnist_custom_extrasmall/build/board.o
                0x20000000                ConsoleUart
 .data.overflows
                0x20000004        0x4 D:/MSDK/Libraries/PeriphDrivers/bin/MAX78000/spi-v1_softfp/libPeriphDriver_spi-v1_softfp.a(mxc_delay.o)
 .data.states   0x20000008       0x60 D:/MSDK/Libraries/PeriphDrivers/bin/MAX78000/spi-v1_softfp/libPeriphDriver_spi-v1_softfp.a(uart_revb.o)
 .data._impure_ptr
                0x20000068        0x4 d:/msdk/tools/gnutools/10.3/bin/../lib/gcc/arm-none-eabi/10.3.1/../../../../arm-none-eabi/lib/thumb/v7e-m+fp/softfp\libc.a(lib_a-impure.o)
                0x20000068                _impure_ptr
 *fill*         0x2000006c        0x4 
 .data.impure_data
                0x20000070      0x428 d:/msdk/tools/gnutools/10.3/bin/../lib/gcc/arm-none-eabi/10.3.1/../../../../arm-none-eabi/lib/thumb/v7e-m+fp/softfp\libc.a(lib_a-impure.o)
 .data.__malloc_av_
                0x20000498      0x408 d:/msdk/tools/gnutools/10.3/bin/../lib/gcc/arm-none-eabi/10.3.1/../../../../arm-none-eabi/lib/thumb/v7e-m+fp/softfp\libc.a(lib_a-mallocr.o)
                0x20000498                __malloc_av_
 .data.__malloc_sbrk_base
                0x200008a0        0x4 d:/msdk/tools/gnutools/10.3/bin/../lib/gcc/arm-none-eabi/10.3.1/../../../../arm-none-eabi/lib/thumb/v7e-m+fp/softfp\libc.a(lib_a-mallocr.o)
                0x200008a0                __malloc_sbrk_base
 .data.__malloc_trim_threshold
                0x200008a4        0x4 d:/msdk/tools/gnutools/10.3/bin/../lib/gcc/arm-none-eabi/10.3.1/../../../../arm-none-eabi/lib/thumb/v7e-m+fp/softfp\libc.a(lib_a-mallocr.o)
                0x200008a4                __malloc_trim_threshold
 .data.__atexit_recursive_mutex
                0x200008a8        0x4 d:/msdk/tools/gnutools/10.3/bin/../lib/gcc/arm-none-eabi/10.3.1/../../../../arm-none-eabi/lib/thumb/v7e-m+fp/softfp\libc.a(lib_a-__call_atexit.o)
                0x200008a8                __atexit_recursive_mutex
 .data.__global_locale
                0x200008ac      0x16c d:/msdk/tools/gnutools/10.3/bin/../lib/gcc/arm-none-eabi/10.3.1/../../../../arm-none-eabi/lib/thumb/v7e-m+fp/softfp\libc.a(lib_a-locale.o)
                0x200008ac                __global_locale
 *(.flashprog*)
                0x20000a18                . = ALIGN (0x4)
                0x20000a18                PROVIDE (__preinit_array_start = .)
 *(.preinit_array)
                0x20000a18                PROVIDE (__preinit_array_end = .)
                0x20000a18                . = ALIGN (0x4)
                0x20000a18                PROVIDE (__init_array_start = .)
 *(SORT_BY_NAME(.init_array.*))
 .init_array.00000
                0x20000a18        0x4 d:/msdk/tools/gnutools/10.3/bin/../lib/gcc/arm-none-eabi/10.3.1/../../../../arm-none-eabi/lib/thumb/v7e-m+fp/softfp\libc.a(lib_a-__call_atexit.o)
 *(.init_array)
 .init_array    0x20000a1c        0x4 d:/msdk/tools/gnutools/10.3/bin/../lib/gcc/arm-none-eabi/10.3.1/thumb/v7e-m+fp/softfp/crtbegin.o
                0x20000a20                PROVIDE (__init_array_end = .)
                0x20000a20                . = ALIGN (0x4)
                0x20000a20                PROVIDE (__fini_array_start = .)
 *(SORT_BY_NAME(.fini_array.*))
 *(.fini_array)
 .fini_array    0x20000a20        0x4 d:/msdk/tools/gnutools/10.3/bin/../lib/gcc/arm-none-eabi/10.3.1/thumb/v7e-m+fp/softfp/crtbegin.o
                0x20000a24                PROVIDE (__fini_array_end = .)
                0x20000a24                _edata = ALIGN (., 0x4)
                0x1000af18                __load_data = LOADADDR (.data)

.igot.plt       0x20000a24        0x0 load address 0x1000b93c
 .igot.plt      0x20000a24        0x0 d:/msdk/tools/gnutools/10.3/bin/../lib/gcc/arm-none-eabi/10.3.1/thumb/v7e-m+fp/softfp/crtbegin.o

.bss            0x20000c00      0x868 load address 0x1000b93c
                0x20000c00                . = ALIGN (0x4)
                0x20000c00                _bss = .
 *(.bss*)
 .bss           0x20000c00       0x1c d:/msdk/tools/gnutools/10.3/bin/../lib/gcc/arm-none-eabi/10.3.1/thumb/v7e-m+fp/softfp/crtbegin.o
 .bss.cnn_time  0x20000c1c        0x4 d:/mnist_custom_extrasmall/build/main.o
                0x20000c1c                cnn_time
 .bss.ml_data   0x20000c20       0x28 d:/mnist_custom_extrasmall/build/main.o
 .bss.ml_softmax
                0x20000c48       0x14 d:/mnist_custom_extrasmall/build/main.o
 .bss.g_pb_polarity
                0x20000c5c        0x4 d:/mnist_custom_extrasmall/build/pb.o
 .bss.heap_end  0x20000c60        0x4 d:/mnist_custom_extrasmall/build/heap.o
 .bss.cbFunc    0x20000c64        0x4 D:/MSDK/Libraries/PeriphDrivers/bin/MAX78000/spi-v1_softfp/libPeriphDriver_spi-v1_softfp.a(mxc_delay.o)
 .bss.ctrl_save
                0x20000c68        0x4 D:/MSDK/Libraries/PeriphDrivers/bin/MAX78000/spi-v1_softfp/libPeriphDriver_spi-v1_softfp.a(mxc_delay.o)
 .bss.endtick   0x20000c6c        0x4 D:/MSDK/Libraries/PeriphDrivers/bin/MAX78000/spi-v1_softfp/libPeriphDriver_spi-v1_softfp.a(mxc_delay.o)
 *fill*         0x20000c70      0x190 
 .bss.ramVectorTable
                0x20000e00      0x1e0 D:/MSDK/Libraries/PeriphDrivers/bin/MAX78000/spi-v1_softfp/libPeriphDriver_spi-v1_softfp.a(nvic_table.o)
 .bss.g_is_clock_locked
                0x20000fe0        0x6 D:/MSDK/Libraries/PeriphDrivers/bin/MAX78000/spi-v1_softfp/libPeriphDriver_spi-v1_softfp.a(tmr_revb.o)
 *fill*         0x20000fe6        0x2 
 .bss.tmr_clksrc
                0x20000fe8       0x30 D:/MSDK/Libraries/PeriphDrivers/bin/MAX78000/spi-v1_softfp/libPeriphDriver_spi-v1_softfp.a(tmr_revb.o)
 .bss.g_is_clock_locked
                0x20001018        0x4 D:/MSDK/Libraries/PeriphDrivers/bin/MAX78000/spi-v1_softfp/libPeriphDriver_spi-v1_softfp.a(uart_revb.o)
 .bss.callback  0x2000101c      0x200 D:/MSDK/Libraries/PeriphDrivers/bin/MAX78000/spi-v1_softfp/libPeriphDriver_spi-v1_softfp.a(gpio_common.o)
 .bss.cbparam   0x2000121c      0x200 D:/MSDK/Libraries/PeriphDrivers/bin/MAX78000/spi-v1_softfp/libPeriphDriver_spi-v1_softfp.a(gpio_common.o)
 .bss.cfg_lock  0x2000141c        0x1 D:/MSDK/Libraries/PeriphDrivers/bin/MAX78000/spi-v1_softfp/libPeriphDriver_spi-v1_softfp.a(gpio_common.o)
 .bss.initialized
                0x2000141d        0x1 D:/MSDK/Libraries/PeriphDrivers/bin/MAX78000/spi-v1_softfp/libPeriphDriver_spi-v1_softfp.a(gpio_common.o)
 *fill*         0x2000141e        0x2 
 .bss.__malloc_current_mallinfo
                0x20001420       0x28 d:/msdk/tools/gnutools/10.3/bin/../lib/gcc/arm-none-eabi/10.3.1/../../../../arm-none-eabi/lib/thumb/v7e-m+fp/softfp\libc.a(lib_a-mallocr.o)
                0x20001420                __malloc_current_mallinfo
 .bss.__malloc_max_sbrked_mem
                0x20001448        0x4 d:/msdk/tools/gnutools/10.3/bin/../lib/gcc/arm-none-eabi/10.3.1/../../../../arm-none-eabi/lib/thumb/v7e-m+fp/softfp\libc.a(lib_a-mallocr.o)
                0x20001448                __malloc_max_sbrked_mem
 .bss.__malloc_max_total_mem
                0x2000144c        0x4 d:/msdk/tools/gnutools/10.3/bin/../lib/gcc/arm-none-eabi/10.3.1/../../../../arm-none-eabi/lib/thumb/v7e-m+fp/softfp\libc.a(lib_a-mallocr.o)
                0x2000144c                __malloc_max_total_mem
 .bss.__malloc_top_pad
                0x20001450        0x4 d:/msdk/tools/gnutools/10.3/bin/../lib/gcc/arm-none-eabi/10.3.1/../../../../arm-none-eabi/lib/thumb/v7e-m+fp/softfp\libc.a(lib_a-mallocr.o)
                0x20001450                __malloc_top_pad
 .bss.__lock___atexit_recursive_mutex
                0x20001454        0x1 d:/msdk/tools/gnutools/10.3/bin/../lib/gcc/arm-none-eabi/10.3.1/../../../../arm-none-eabi/lib/thumb/v7e-m+fp/softfp\libc.a(lib_a-lock.o)
                0x20001454                __lock___atexit_recursive_mutex
 *fill*         0x20001455        0x3 
 .bss.__lock___malloc_recursive_mutex
                0x20001458        0x1 d:/msdk/tools/gnutools/10.3/bin/../lib/gcc/arm-none-eabi/10.3.1/../../../../arm-none-eabi/lib/thumb/v7e-m+fp/softfp\libc.a(lib_a-lock.o)
                0x20001458                __lock___malloc_recursive_mutex
 *fill*         0x20001459        0x3 
 .bss.__lock___sfp_recursive_mutex
                0x2000145c        0x1 d:/msdk/tools/gnutools/10.3/bin/../lib/gcc/arm-none-eabi/10.3.1/../../../../arm-none-eabi/lib/thumb/v7e-m+fp/softfp\libc.a(lib_a-lock.o)
                0x2000145c                __lock___sfp_recursive_mutex
 *fill*         0x2000145d        0x3 
 .bss.__lock___sinit_recursive_mutex
                0x20001460        0x1 d:/msdk/tools/gnutools/10.3/bin/../lib/gcc/arm-none-eabi/10.3.1/../../../../arm-none-eabi/lib/thumb/v7e-m+fp/softfp\libc.a(lib_a-lock.o)
                0x20001460                __lock___sinit_recursive_mutex
 *fill*         0x20001461        0x3 
 .bss.errno     0x20001464        0x4 d:/msdk/tools/gnutools/10.3/bin/../lib/gcc/arm-none-eabi/10.3.1/../../../../arm-none-eabi/lib/thumb/v7e-m+fp/softfp\libc.a(lib_a-reent.o)
                0x20001464                errno
 *(COMMON)
                0x20001468                _ebss = ALIGN (., 0x4)

.shared         0x20001468        0x4 load address 0x1000b93c
                0x20001468                . = ALIGN (0x4)
                0x20001468                _shared = .
 *(.mailbox*)
                0x20001468                . = ALIGN (0x4)
 *(.shared*)
 .shared        0x20001468        0x4 d:/mnist_custom_extrasmall/build/system_max78000.o
                0x20001468                SystemCoreClock
                0x2000146c                _eshared = ALIGN (., 0x4)
                0x1000b93c                __shared_data = LOADADDR (.shared)
                0x20020000                __StackTop = (ORIGIN (SRAM) + LENGTH (SRAM))
                0x2001f000                __StackLimit = (__StackTop - SIZEOF (.stack_dummy))

.stack_dummy    0x20001470     0x1000 load address 0x1000b940
 *(.stack*)
 .stack         0x20001470     0x1000 d:/mnist_custom_extrasmall/build/startup_max78000.o

.heap           0x20001470      0xc00 load address 0x1000b940
                0x20001470                . = ALIGN (0x4)
 *(.heap*)
 .heap          0x20001470      0xc00 d:/mnist_custom_extrasmall/build/startup_max78000.o
                0x20001470                __HeapBase
                0x2001f000                __HeapLimit = ABSOLUTE (__StackLimit)
                0x20020000                PROVIDE (__stack = __StackTop)
                0x00000001                ASSERT ((__StackLimit >= _ebss), region RAM overflowed with stack)

.riscv_flash    0x1000b940      0x1c0
                0x1000ba00                . = ALIGN (0x100)
 *fill*         0x1000b940       0xc0 
                0x1000bb00                . = (. + 0x100)
 *fill*         0x1000ba00      0x100 
                0x1000bb00                _riscv_boot = .
 *riscv.o(.text*)
OUTPUT(d:/mnist_custom_extrasmall/build/mnist_custom_extrasmall.elf elf32-littlearm)
LOAD linker stubs

.ARM.attributes
                0x00000000       0x2e
 .ARM.attributes
                0x00000000       0x1e d:/msdk/tools/gnutools/10.3/bin/../lib/gcc/arm-none-eabi/10.3.1/thumb/v7e-m+fp/softfp/crti.o
 .ARM.attributes
                0x0000001e       0x32 d:/msdk/tools/gnutools/10.3/bin/../lib/gcc/arm-none-eabi/10.3.1/thumb/v7e-m+fp/softfp/crtbegin.o
 .ARM.attributes
                0x00000050       0x32 d:/mnist_custom_extrasmall/build/cnn.o
 .ARM.attributes
                0x00000082       0x32 d:/mnist_custom_extrasmall/build/main.o
 .ARM.attributes
                0x000000b4       0x32 d:/mnist_custom_extrasmall/build/softmax.o
 .ARM.attributes
                0x000000e6       0x32 d:/mnist_custom_extrasmall/build/board.o
 .ARM.attributes
                0x00000118       0x32 d:/mnist_custom_extrasmall/build/stdio.o
 .ARM.attributes
                0x0000014a       0x32 d:/mnist_custom_extrasmall/build/led.o
 .ARM.attributes
                0x0000017c       0x32 d:/mnist_custom_extrasmall/build/pb.o
 .ARM.attributes
                0x000001ae       0x1b d:/mnist_custom_extrasmall/build/startup_max78000.o
 .ARM.attributes
                0x000001c9       0x32 d:/mnist_custom_extrasmall/build/heap.o
 .ARM.attributes
                0x000001fb       0x32 d:/mnist_custom_extrasmall/build/system_max78000.o
 .ARM.attributes
                0x0000022d       0x32 D:/MSDK/Libraries/PeriphDrivers/bin/MAX78000/spi-v1_softfp/libPeriphDriver_spi-v1_softfp.a(mxc_delay.o)
 .ARM.attributes
                0x0000025f       0x32 D:/MSDK/Libraries/PeriphDrivers/bin/MAX78000/spi-v1_softfp/libPeriphDriver_spi-v1_softfp.a(nvic_table.o)
 .ARM.attributes
                0x00000291       0x32 D:/MSDK/Libraries/PeriphDrivers/bin/MAX78000/spi-v1_softfp/libPeriphDriver_spi-v1_softfp.a(pins_ai85.o)
 .ARM.attributes
                0x000002c3       0x32 D:/MSDK/Libraries/PeriphDrivers/bin/MAX78000/spi-v1_softfp/libPeriphDriver_spi-v1_softfp.a(sys_ai85.o)
 .ARM.attributes
                0x000002f5       0x32 D:/MSDK/Libraries/PeriphDrivers/bin/MAX78000/spi-v1_softfp/libPeriphDriver_spi-v1_softfp.a(gpio_ai85.o)
 .ARM.attributes
                0x00000327       0x32 D:/MSDK/Libraries/PeriphDrivers/bin/MAX78000/spi-v1_softfp/libPeriphDriver_spi-v1_softfp.a(gpio_reva.o)
 .ARM.attributes
                0x00000359       0x32 D:/MSDK/Libraries/PeriphDrivers/bin/MAX78000/spi-v1_softfp/libPeriphDriver_spi-v1_softfp.a(icc_me17.o)
 .ARM.attributes
                0x0000038b       0x32 D:/MSDK/Libraries/PeriphDrivers/bin/MAX78000/spi-v1_softfp/libPeriphDriver_spi-v1_softfp.a(icc_reva.o)
 .ARM.attributes
                0x000003bd       0x32 D:/MSDK/Libraries/PeriphDrivers/bin/MAX78000/spi-v1_softfp/libPeriphDriver_spi-v1_softfp.a(lp_ai85.o)
 .ARM.attributes
                0x000003ef       0x32 D:/MSDK/Libraries/PeriphDrivers/bin/MAX78000/spi-v1_softfp/libPeriphDriver_spi-v1_softfp.a(tmr_ai85.o)
 .ARM.attributes
                0x00000421       0x32 D:/MSDK/Libraries/PeriphDrivers/bin/MAX78000/spi-v1_softfp/libPeriphDriver_spi-v1_softfp.a(tmr_revb.o)
 .ARM.attributes
                0x00000453       0x32 D:/MSDK/Libraries/PeriphDrivers/bin/MAX78000/spi-v1_softfp/libPeriphDriver_spi-v1_softfp.a(uart_ai85.o)
 .ARM.attributes
                0x00000485       0x32 D:/MSDK/Libraries/PeriphDrivers/bin/MAX78000/spi-v1_softfp/libPeriphDriver_spi-v1_softfp.a(uart_common.o)
 .ARM.attributes
                0x000004b7       0x32 D:/MSDK/Libraries/PeriphDrivers/bin/MAX78000/spi-v1_softfp/libPeriphDriver_spi-v1_softfp.a(uart_revb.o)
 .ARM.attributes
                0x000004e9       0x32 D:/MSDK/Libraries/PeriphDrivers/bin/MAX78000/spi-v1_softfp/libPeriphDriver_spi-v1_softfp.a(gpio_common.o)
 .ARM.attributes
                0x0000051b       0x32 D:/MSDK/Libraries/PeriphDrivers/bin/MAX78000/spi-v1_softfp/libPeriphDriver_spi-v1_softfp.a(tmr_common.o)
 .ARM.attributes
                0x0000054d       0x32 d:/msdk/tools/gnutools/10.3/bin/../lib/gcc/arm-none-eabi/10.3.1/../../../../arm-none-eabi/lib/thumb/v7e-m+fp/softfp\libc.a(lib_a-errno.o)
 .ARM.attributes
                0x0000057f       0x32 d:/msdk/tools/gnutools/10.3/bin/../lib/gcc/arm-none-eabi/10.3.1/../../../../arm-none-eabi/lib/thumb/v7e-m+fp/softfp\libc.a(lib_a-impure.o)
 .ARM.attributes
                0x000005b1       0x32 d:/msdk/tools/gnutools/10.3/bin/../lib/gcc/arm-none-eabi/10.3.1/../../../../arm-none-eabi/lib/thumb/v7e-m+fp/softfp\libc.a(lib_a-init.o)
 .ARM.attributes
                0x000005e3       0x32 d:/msdk/tools/gnutools/10.3/bin/../lib/gcc/arm-none-eabi/10.3.1/../../../../arm-none-eabi/lib/thumb/v7e-m+fp/softfp\libc.a(lib_a-malloc.o)
 .ARM.attributes
                0x00000615       0x32 d:/msdk/tools/gnutools/10.3/bin/../lib/gcc/arm-none-eabi/10.3.1/../../../../arm-none-eabi/lib/thumb/v7e-m+fp/softfp\libc.a(lib_a-mallocr.o)
 .ARM.attributes
                0x00000647       0x1c d:/msdk/tools/gnutools/10.3/bin/../lib/gcc/arm-none-eabi/10.3.1/../../../../arm-none-eabi/lib/thumb/v7e-m+fp/softfp\libc.a(lib_a-memcpy.o)
 .ARM.attributes
                0x00000663       0x32 d:/msdk/tools/gnutools/10.3/bin/../lib/gcc/arm-none-eabi/10.3.1/../../../../arm-none-eabi/lib/thumb/v7e-m+fp/softfp\libc.a(lib_a-memset.o)
 .ARM.attributes
                0x00000695       0x32 d:/msdk/tools/gnutools/10.3/bin/../lib/gcc/arm-none-eabi/10.3.1/../../../../arm-none-eabi/lib/thumb/v7e-m+fp/softfp\libc.a(lib_a-mlock.o)
 .ARM.attributes
                0x000006c7       0x32 d:/msdk/tools/gnutools/10.3/bin/../lib/gcc/arm-none-eabi/10.3.1/../../../../arm-none-eabi/lib/thumb/v7e-m+fp/softfp\libc.a(lib_a-printf.o)
 .ARM.attributes
                0x000006f9       0x32 d:/msdk/tools/gnutools/10.3/bin/../lib/gcc/arm-none-eabi/10.3.1/../../../../arm-none-eabi/lib/thumb/v7e-m+fp/softfp\libc.a(lib_a-puts.o)
 .ARM.attributes
                0x0000072b       0x32 d:/msdk/tools/gnutools/10.3/bin/../lib/gcc/arm-none-eabi/10.3.1/../../../../arm-none-eabi/lib/thumb/v7e-m+fp/softfp\libc.a(lib_a-sbrkr.o)
 .ARM.attributes
                0x0000075d       0x1c d:/msdk/tools/gnutools/10.3/bin/../lib/gcc/arm-none-eabi/10.3.1/../../../../arm-none-eabi/lib/thumb/v7e-m+fp/softfp\libc.a(lib_a-strlen.o)
 .ARM.attributes
                0x00000779       0x32 d:/msdk/tools/gnutools/10.3/bin/../lib/gcc/arm-none-eabi/10.3.1/../../../../arm-none-eabi/lib/thumb/v7e-m+fp/softfp\libc.a(lib_a-vfprintf.o)
 .ARM.attributes
                0x000007ab       0x32 d:/msdk/tools/gnutools/10.3/bin/../lib/gcc/arm-none-eabi/10.3.1/../../../../arm-none-eabi/lib/thumb/v7e-m+fp/softfp\libc.a(lib_a-wsetup.o)
 .ARM.attributes
                0x000007dd       0x32 d:/msdk/tools/gnutools/10.3/bin/../lib/gcc/arm-none-eabi/10.3.1/../../../../arm-none-eabi/lib/thumb/v7e-m+fp/softfp\libc.a(lib_a-__call_atexit.o)
 .ARM.attributes
                0x0000080f       0x32 d:/msdk/tools/gnutools/10.3/bin/../lib/gcc/arm-none-eabi/10.3.1/../../../../arm-none-eabi/lib/thumb/v7e-m+fp/softfp\libc.a(lib_a-atexit.o)
 .ARM.attributes
                0x00000841       0x32 d:/msdk/tools/gnutools/10.3/bin/../lib/gcc/arm-none-eabi/10.3.1/../../../../arm-none-eabi/lib/thumb/v7e-m+fp/softfp\libc.a(lib_a-dtoa.o)
 .ARM.attributes
                0x00000873       0x32 d:/msdk/tools/gnutools/10.3/bin/../lib/gcc/arm-none-eabi/10.3.1/../../../../arm-none-eabi/lib/thumb/v7e-m+fp/softfp\libc.a(lib_a-fflush.o)
 .ARM.attributes
                0x000008a5       0x32 d:/msdk/tools/gnutools/10.3/bin/../lib/gcc/arm-none-eabi/10.3.1/../../../../arm-none-eabi/lib/thumb/v7e-m+fp/softfp\libc.a(lib_a-findfp.o)
 .ARM.attributes
                0x000008d7       0x32 d:/msdk/tools/gnutools/10.3/bin/../lib/gcc/arm-none-eabi/10.3.1/../../../../arm-none-eabi/lib/thumb/v7e-m+fp/softfp\libc.a(lib_a-fini.o)
 .ARM.attributes
                0x00000909       0x32 d:/msdk/tools/gnutools/10.3/bin/../lib/gcc/arm-none-eabi/10.3.1/../../../../arm-none-eabi/lib/thumb/v7e-m+fp/softfp\libc.a(lib_a-freer.o)
 .ARM.attributes
                0x0000093b       0x32 d:/msdk/tools/gnutools/10.3/bin/../lib/gcc/arm-none-eabi/10.3.1/../../../../arm-none-eabi/lib/thumb/v7e-m+fp/softfp\libc.a(lib_a-fvwrite.o)
 .ARM.attributes
                0x0000096d       0x32 d:/msdk/tools/gnutools/10.3/bin/../lib/gcc/arm-none-eabi/10.3.1/../../../../arm-none-eabi/lib/thumb/v7e-m+fp/softfp\libc.a(lib_a-fwalk.o)
 .ARM.attributes
                0x0000099f       0x32 d:/msdk/tools/gnutools/10.3/bin/../lib/gcc/arm-none-eabi/10.3.1/../../../../arm-none-eabi/lib/thumb/v7e-m+fp/softfp\libc.a(lib_a-localeconv.o)
 .ARM.attributes
                0x000009d1       0x32 d:/msdk/tools/gnutools/10.3/bin/../lib/gcc/arm-none-eabi/10.3.1/../../../../arm-none-eabi/lib/thumb/v7e-m+fp/softfp\libc.a(lib_a-lock.o)
 .ARM.attributes
                0x00000a03       0x32 d:/msdk/tools/gnutools/10.3/bin/../lib/gcc/arm-none-eabi/10.3.1/../../../../arm-none-eabi/lib/thumb/v7e-m+fp/softfp\libc.a(lib_a-makebuf.o)
 .ARM.attributes
                0x00000a35       0x1c d:/msdk/tools/gnutools/10.3/bin/../lib/gcc/arm-none-eabi/10.3.1/../../../../arm-none-eabi/lib/thumb/v7e-m+fp/softfp\libc.a(lib_a-memchr.o)
 .ARM.attributes
                0x00000a51       0x32 d:/msdk/tools/gnutools/10.3/bin/../lib/gcc/arm-none-eabi/10.3.1/../../../../arm-none-eabi/lib/thumb/v7e-m+fp/softfp\libc.a(lib_a-memmove.o)
 .ARM.attributes
                0x00000a83       0x32 d:/msdk/tools/gnutools/10.3/bin/../lib/gcc/arm-none-eabi/10.3.1/../../../../arm-none-eabi/lib/thumb/v7e-m+fp/softfp\libc.a(lib_a-mprec.o)
 .ARM.attributes
                0x00000ab5       0x32 d:/msdk/tools/gnutools/10.3/bin/../lib/gcc/arm-none-eabi/10.3.1/../../../../arm-none-eabi/lib/thumb/v7e-m+fp/softfp\libc.a(lib_a-reallocr.o)
 .ARM.attributes
                0x00000ae7       0x32 d:/msdk/tools/gnutools/10.3/bin/../lib/gcc/arm-none-eabi/10.3.1/../../../../arm-none-eabi/lib/thumb/v7e-m+fp/softfp\libc.a(lib_a-reent.o)
 .ARM.attributes
                0x00000b19       0x32 d:/msdk/tools/gnutools/10.3/bin/../lib/gcc/arm-none-eabi/10.3.1/../../../../arm-none-eabi/lib/thumb/v7e-m+fp/softfp\libc.a(lib_a-s_frexp.o)
 .ARM.attributes
                0x00000b4b       0x32 d:/msdk/tools/gnutools/10.3/bin/../lib/gcc/arm-none-eabi/10.3.1/../../../../arm-none-eabi/lib/thumb/v7e-m+fp/softfp\libc.a(lib_a-stdio.o)
 .ARM.attributes
                0x00000b7d       0x32 d:/msdk/tools/gnutools/10.3/bin/../lib/gcc/arm-none-eabi/10.3.1/../../../../arm-none-eabi/lib/thumb/v7e-m+fp/softfp\libc.a(lib_a-strncpy.o)
 .ARM.attributes